Drill report for cadenza-d1-rev-a-production.kicad_pcb
Created on 2026-07-21T14:27:05

Copper Layer Stackup:
    =============================================================
    L1 :  F.Cu                      front
    L2 :  GND                       in1
    L3 :  POWER                     in2
    L4 :  B.Cu                      back


Drill file 'cadenza-d1-rev-a-production-PTH.drl' contains
    plated through holes:
    =============================================================
    T1  0.200mm  0.0079"  (2 holes))
    T2  0.200mm  0.0079"  (25 holes))
    T3  0.250mm  0.0098"  (9 holes))
    T4  0.300mm  0.0118"  (124 holes))
    T5  0.600mm  0.0236"  (4 holes)  (with 4 slots)

    Total plated holes count 164


Drill file 'cadenza-d1-rev-a-production-NPTH.drl' contains
    unplated through holes:
    =============================================================
    T1  0.650mm  0.0256"  (2 holes))
    T2  0.800mm  0.0315"  (1 hole)
    T3  0.900mm  0.0354"  (2 holes))
    T4  2.200mm  0.0866"  (4 holes))

    Total unplated holes count 9
