** Drc report for cadenza-encoder-a.kicad_pcb **
** Created on 2026-07-20T23:47:21 **
** Report includes: Errors, Warnings **

** Found 30 DRC violations **
[lib_footprint_mismatch]: 封装 'ALPS_EC12D1524403' 与库 'Cadenza_Encoder' 中的副本不匹配
    Local override; warning
    @(17.0000 mm, 17.0000 mm): 封装 SW1
[lib_footprint_issues]: 在库 'Cadenza_Encoder' 中找不到封装 'JST_SH_SM06B-SRSS-TB'
    Local override; warning
    @(17.0000 mm, 33.5000 mm): 封装 J1
[lib_footprint_issues]: 在库 'Cadenza_Encoder' 中找不到封装 '0603'
    Local override; warning
    @(5.0000 mm, 25.5000 mm): 封装 R1
[lib_footprint_issues]: 在库 'Cadenza_Encoder' 中找不到封装 '0603'
    Local override; warning
    @(5.0000 mm, 29.4000 mm): 封装 C1
[lib_footprint_issues]: 在库 'Cadenza_Encoder' 中找不到封装 '0603'
    Local override; warning
    @(29.0000 mm, 25.5000 mm): 封装 R2
[lib_footprint_issues]: 在库 'Cadenza_Encoder' 中找不到封装 '0603'
    Local override; warning
    @(29.0000 mm, 29.4000 mm): 封装 C2
[lib_footprint_issues]: 在库 'Cadenza_Encoder' 中找不到封装 '0603'
    Local override; warning
    @(22.0000 mm, 25.5000 mm): 封装 R3
[lib_footprint_issues]: 在库 'Cadenza_Encoder' 中找不到封装 '0603'
    Local override; warning
    @(22.0000 mm, 27.8000 mm): 封装 C3
[lib_footprint_issues]: 在库 'Cadenza_Encoder' 中找不到封装 'MountingHole_2.2mm'
    Local override; warning
    @(3.0000 mm, 3.0000 mm): 封装 H1
[lib_footprint_issues]: 在库 'Cadenza_Encoder' 中找不到封装 'MountingHole_2.2mm'
    Local override; warning
    @(31.0000 mm, 3.0000 mm): 封装 H2
[lib_footprint_issues]: 在库 'Cadenza_Encoder' 中找不到封装 'MountingHole_2.2mm'
    Local override; warning
    @(3.0000 mm, 35.0000 mm): 封装 H3
[lib_footprint_issues]: 在库 'Cadenza_Encoder' 中找不到封装 'MountingHole_2.2mm'
    Local override; warning
    @(31.0000 mm, 35.0000 mm): 封装 H4
[silk_over_copper]: Silkscreen clipped by solder mask
    Local override; warning
    @(10.5900 mm, 12.5000 mm): SW1 的 矩形, 位于 F.Silkscreen
    @(22.3900 mm, 14.2000 mm): SW1 的PTH 焊盘 B [ENC_B]
[silk_over_copper]: Silkscreen clipped by solder mask
    Local override; warning
    @(10.5900 mm, 12.5000 mm): SW1 的 矩形, 位于 F.Silkscreen
    @(22.7900 mm, 21.8000 mm): SW1 的PTH 焊盘 D [A_SW]
[silk_over_copper]: Silkscreen clipped by solder mask
    Local override; warning
    @(10.5900 mm, 12.5000 mm): SW1 的 矩形, 位于 F.Silkscreen
    @(22.4600 mm, 18.3500 mm): SW1 的PTH 焊盘 7 [GND]
[silk_over_copper]: Silkscreen clipped by solder mask
    Local override; warning
    @(10.5900 mm, 12.5000 mm): SW1 的 矩形, 位于 F.Silkscreen
    @(11.2900 mm, 14.2000 mm): SW1 的PTH 焊盘 A [ENC_A]
[silk_over_copper]: Silkscreen clipped by solder mask
    Local override; warning
    @(10.5900 mm, 12.5000 mm): SW1 的 矩形, 位于 F.Silkscreen
    @(11.2100 mm, 18.3500 mm): SW1 的PTH 焊盘 6 [GND]
[silk_over_copper]: Silkscreen clipped by solder mask
    Local override; warning
    @(10.5900 mm, 12.5000 mm): SW1 的 矩形, 位于 F.Silkscreen
    @(11.2900 mm, 22.5000 mm): SW1 的PTH 焊盘 C [GND]
[silk_over_copper]: Silkscreen clipped by solder mask
    Local override; warning
    @(17.0000 mm, 31.2000 mm): J1 的参考字段
    @(17.5000 mm, 31.5000 mm): B.Cu 上 J1 的焊盘 3 [ENC_A]
[silk_over_copper]: Silkscreen clipped by solder mask
    Local override; warning
    @(17.0000 mm, 31.2000 mm): J1 的参考字段
    @(16.5000 mm, 31.5000 mm): B.Cu 上 J1 的焊盘 4 [ENC_B]
[silk_over_copper]: Silkscreen clipped by solder mask
    Local override; warning
    @(12.9000 mm, 31.7200 mm): J1 的 线段, 位于 B.Silkscreen
    @(19.5000 mm, 31.5000 mm): B.Cu 上 J1 的焊盘 1 [+3V3]
[silk_over_copper]: Silkscreen clipped by solder mask
    Local override; warning
    @(12.9000 mm, 31.7200 mm): J1 的 线段, 位于 B.Silkscreen
    @(18.5000 mm, 31.5000 mm): B.Cu 上 J1 的焊盘 2 [GND]
[silk_over_copper]: Silkscreen clipped by solder mask
    Local override; warning
    @(12.9000 mm, 31.7200 mm): J1 的 线段, 位于 B.Silkscreen
    @(17.5000 mm, 31.5000 mm): B.Cu 上 J1 的焊盘 3 [ENC_A]
[silk_over_copper]: Silkscreen clipped by solder mask
    Local override; warning
    @(12.9000 mm, 31.7200 mm): J1 的 线段, 位于 B.Silkscreen
    @(16.5000 mm, 31.5000 mm): B.Cu 上 J1 的焊盘 4 [ENC_B]
[silk_over_copper]: Silkscreen clipped by solder mask
    Local override; warning
    @(12.9000 mm, 31.7200 mm): J1 的 线段, 位于 B.Silkscreen
    @(15.5000 mm, 31.5000 mm): B.Cu 上 J1 的焊盘 5 [A_SW]
[silk_over_copper]: Silkscreen clipped by solder mask
    Local override; warning
    @(12.9000 mm, 31.7200 mm): J1 的 线段, 位于 B.Silkscreen
    @(14.5000 mm, 31.5000 mm): B.Cu 上 J1 的焊盘 6 [LED_CTRL]
[silk_over_copper]: Silkscreen clipped by solder mask
    Local override; warning
    @(5.0000 mm, 27.1000 mm): C1 的参考字段
    @(5.0000 mm, 26.3500 mm): B.Cu 上 R1 的焊盘 2 [ENC_A]
[silk_over_copper]: Silkscreen clipped by solder mask
    Local override; warning
    @(29.0000 mm, 27.1000 mm): C2 的参考字段
    @(29.0000 mm, 26.3500 mm): B.Cu 上 R2 的焊盘 2 [ENC_B]
[silk_over_copper]: Silkscreen clipped by solder mask
    Local override; warning
    @(22.0000 mm, 25.5000 mm): C3 的参考字段
    @(22.0000 mm, 24.6500 mm): B.Cu 上 R3 的焊盘 1 [+3V3]
[silk_over_copper]: Silkscreen clipped by solder mask
    Local override; warning
    @(22.0000 mm, 25.5000 mm): C3 的参考字段
    @(22.0000 mm, 26.3500 mm): B.Cu 上 R3 的焊盘 2 [A_SW]

** Found 0 unconnected pads **

** Found 0 Footprint errors **

** Ignored checks **
    - Footprint has no courtyard defined
    - Track endpoint not centered on via
    - Tuning profile track geometries
    - Footprint doesn't match symbol's footprint filters
    - Footprint component type doesn't match footprint pads

** End of Report **
