ERC report (2026-07-20T23:48:46, Encoding UTF8)
Report includes: Errors, Warnings

***** Sheet /
[label_dangling]: Label not connected
    ; error
    @(76.20 mm, 78.74 mm): 标签 'ENC_A'
[label_dangling]: Label not connected
    ; error
    @(76.20 mm, 83.82 mm): 标签 'ENC_B'
[label_dangling]: Label not connected
    ; error
    @(76.20 mm, 88.90 mm): 标签 'GND'
[label_dangling]: Label not connected
    ; error
    @(101.60 mm, 81.28 mm): 标签 'A_SW'
[label_dangling]: Label not connected
    ; error
    @(101.60 mm, 86.36 mm): 标签 'GND'
[label_dangling]: Label not connected
    ; error
    @(119.38 mm, 59.69 mm): 标签 '+3V3'
[label_dangling]: Label not connected
    ; error
    @(119.38 mm, 73.66 mm): 标签 'ENC_A'
[label_dangling]: Label not connected
    ; error
    @(119.38 mm, 87.63 mm): 标签 'GND'
[label_dangling]: Label not connected
    ; error
    @(139.70 mm, 59.69 mm): 标签 '+3V3'
[label_dangling]: Label not connected
    ; error
    @(139.70 mm, 73.66 mm): 标签 'ENC_B'
[label_dangling]: Label not connected
    ; error
    @(139.70 mm, 87.63 mm): 标签 'GND'
[label_dangling]: Label not connected
    ; error
    @(160.02 mm, 59.69 mm): 标签 '+3V3'
[label_dangling]: Label not connected
    ; error
    @(160.02 mm, 73.66 mm): 标签 'A_SW'
[label_dangling]: Label not connected
    ; error
    @(160.02 mm, 87.63 mm): 标签 'GND'
[label_dangling]: Label not connected
    ; error
    @(180.34 mm, 78.74 mm): 标签 '+3V3'
[label_dangling]: Label not connected
    ; error
    @(180.34 mm, 81.28 mm): 标签 'GND'
[label_dangling]: Label not connected
    ; error
    @(180.34 mm, 83.82 mm): 标签 'ENC_A'
[label_dangling]: Label not connected
    ; error
    @(180.34 mm, 86.36 mm): 标签 'ENC_B'
[label_dangling]: Label not connected
    ; error
    @(180.34 mm, 88.90 mm): 标签 'A_SW'
[label_dangling]: Label not connected
    ; error
    @(180.34 mm, 91.44 mm): 标签 'LED_CTRL'
[unconnected_wire_endpoint]: 未连接的连线端点
    ; warning
    @(76.20 mm, 78.74 mm): 水平线, 长度 5.08 mm
[unconnected_wire_endpoint]: 未连接的连线端点
    ; warning
    @(76.20 mm, 83.82 mm): 水平线, 长度 5.08 mm
[unconnected_wire_endpoint]: 未连接的连线端点
    ; warning
    @(76.20 mm, 88.90 mm): 水平线, 长度 5.08 mm
[unconnected_wire_endpoint]: 未连接的连线端点
    ; warning
    @(96.52 mm, 81.28 mm): 水平线, 长度 5.08 mm
[unconnected_wire_endpoint]: 未连接的连线端点
    ; warning
    @(96.52 mm, 86.36 mm): 水平线, 长度 5.08 mm
[unconnected_wire_endpoint]: 未连接的连线端点
    ; warning
    @(119.38 mm, 59.69 mm): 垂直线, 长度 2.54 mm
[unconnected_wire_endpoint]: 未连接的连线端点
    ; warning
    @(119.38 mm, 69.85 mm): 垂直线, 长度 7.62 mm
[unconnected_wire_endpoint]: 未连接的连线端点
    ; warning
    @(119.38 mm, 69.85 mm): 垂直线, 长度 7.62 mm
[unconnected_wire_endpoint]: 未连接的连线端点
    ; warning
    @(119.38 mm, 85.09 mm): 垂直线, 长度 2.54 mm
[unconnected_wire_endpoint]: 未连接的连线端点
    ; warning
    @(139.70 mm, 59.69 mm): 垂直线, 长度 2.54 mm
[unconnected_wire_endpoint]: 未连接的连线端点
    ; warning
    @(139.70 mm, 69.85 mm): 垂直线, 长度 7.62 mm
[unconnected_wire_endpoint]: 未连接的连线端点
    ; warning
    @(139.70 mm, 69.85 mm): 垂直线, 长度 7.62 mm
[unconnected_wire_endpoint]: 未连接的连线端点
    ; warning
    @(139.70 mm, 85.09 mm): 垂直线, 长度 2.54 mm
[unconnected_wire_endpoint]: 未连接的连线端点
    ; warning
    @(160.02 mm, 59.69 mm): 垂直线, 长度 2.54 mm
[unconnected_wire_endpoint]: 未连接的连线端点
    ; warning
    @(160.02 mm, 69.85 mm): 垂直线, 长度 7.62 mm
[unconnected_wire_endpoint]: 未连接的连线端点
    ; warning
    @(160.02 mm, 69.85 mm): 垂直线, 长度 7.62 mm
[unconnected_wire_endpoint]: 未连接的连线端点
    ; warning
    @(160.02 mm, 85.09 mm): 垂直线, 长度 2.54 mm
[unconnected_wire_endpoint]: 未连接的连线端点
    ; warning
    @(180.34 mm, 78.74 mm): 水平线, 长度 7.62 mm
[unconnected_wire_endpoint]: 未连接的连线端点
    ; warning
    @(180.34 mm, 81.28 mm): 水平线, 长度 7.62 mm
[unconnected_wire_endpoint]: 未连接的连线端点
    ; warning
    @(180.34 mm, 83.82 mm): 水平线, 长度 7.62 mm
[unconnected_wire_endpoint]: 未连接的连线端点
    ; warning
    @(180.34 mm, 86.36 mm): 水平线, 长度 7.62 mm
[unconnected_wire_endpoint]: 未连接的连线端点
    ; warning
    @(180.34 mm, 88.90 mm): 水平线, 长度 7.62 mm
[unconnected_wire_endpoint]: 未连接的连线端点
    ; warning
    @(180.34 mm, 91.44 mm): 水平线, 长度 7.62 mm
[footprint_link_issues]: 在库 'Cadenza_Encoder' 中找不到封装 'JST_SH_SM06B-SRSS-TB'
    ; warning
    @(193.04 mm, 83.82 mm): 符号 J1 [Conn_01x06]

 ** ERC messages: 44  Errors 20  Warnings 24

 ** Ignored checks:
    - Global label only appears once in the schematic
    - Four connection points are joined together
    - SPICE model issue
    - Assigned footprint doesn't match footprint filters
