** Drc report for cadenza-d1.kicad_pcb **
** Created on 2026-07-20T23:08:40 **
** Report includes: Errors, Warnings **

** Found 373 DRC violations **
[shorting_items]: 短路了两个不同网络的项目 (网络 /RUN_EN 和 /GND)
    Local override; error
    @(49.7500 mm, 94.5000 mm): F.Cu 上 SW1 的焊盘 1 [/RUN_EN]
    @(49.7500 mm, 92.0000 mm): F.Cu 上 SW1 的焊盘 2 [/GND]
[clearance]: 间距违规 (规则 'Minimum production geometry' 间距 0.1500 mm; 实际 0.0000 mm)
    Rule: Minimum production geometry; error
    @(49.7500 mm, 92.0000 mm): F.Cu 上 SW1 的焊盘 2 [/GND]
    @(49.7500 mm, 89.5000 mm): F.Cu 上 SW1 的焊盘 3 [<no net>]
[shorting_items]: 短路了两个不同网络的项目 (网络 /I2C_SDA 和 /GND)
    Local override; error
    @(119.7750 mm, 103.0000 mm): B.Cu 上 U7 的焊盘 1 [/I2C_SDA]
    @(121.0000 mm, 104.0000 mm): B.Cu 上 U7 的焊盘 13 [/GND]
[clearance]: 间距违规 (规则 'Minimum production geometry' 间距 0.1500 mm; 实际 0.1000 mm)
    Rule: Minimum production geometry; error
    @(126.9000 mm, 92.7500 mm): B.Cu 上 U3 的焊盘 1 [/+3V3_MAIN]
    @(127.0000 mm, 93.4500 mm): B.Cu 上 U3 的焊盘 15 [/GND]
[shorting_items]: 短路了两个不同网络的项目 (网络 /GAUGE_VDD 和 /GND)
    Local override; error
    @(119.7750 mm, 103.4000 mm): B.Cu 上 U7 的焊盘 2 [/GAUGE_VDD]
    @(121.0000 mm, 104.0000 mm): B.Cu 上 U7 的焊盘 13 [/GND]
[clearance]: 间距违规 (规则 'Minimum production geometry' 间距 0.1500 mm; 实际 0.1061 mm)
    Rule: Minimum production geometry; error
    @(127.4000 mm, 92.7500 mm): B.Cu 上 U3 的焊盘 2 [/PG_3V3_N]
    @(127.0000 mm, 93.4500 mm): B.Cu 上 U3 的焊盘 15 [/GND]
[shorting_items]: 短路了两个不同网络的项目 (网络 unconnected-(U7-NC-Pad3) 和 /GND)
    Local override; error
    @(119.7750 mm, 103.8000 mm): B.Cu 上 U7 的焊盘 3 [unconnected-(U7-NC-Pad3)]
    @(121.0000 mm, 104.0000 mm): B.Cu 上 U7 的焊盘 13 [/GND]
[shorting_items]: 短路了两个不同网络的项目 (网络 /+3V3_MAIN 和 /GND)
    Local override; error
    @(158.0000 mm, 84.5000 mm): F.Cu 上 J6 的焊盘 1 [/+3V3_MAIN]
    @(158.0000 mm, 83.5000 mm): F.Cu 上 J6 的焊盘 2 [/GND]
[shorting_items]: 短路了两个不同网络的项目 (网络 /GND 和 /ENC_A)
    Local override; error
    @(158.0000 mm, 83.5000 mm): F.Cu 上 J6 的焊盘 2 [/GND]
    @(158.0000 mm, 82.5000 mm): F.Cu 上 J6 的焊盘 3 [/ENC_A]
[shorting_items]: 短路了两个不同网络的项目 (网络 /ENC_A 和 /ENC_B)
    Local override; error
    @(158.0000 mm, 82.5000 mm): F.Cu 上 J6 的焊盘 3 [/ENC_A]
    @(158.0000 mm, 81.5000 mm): F.Cu 上 J6 的焊盘 4 [/ENC_B]
[shorting_items]: 短路了两个不同网络的项目 (网络 /GND 和 /VBAT)
    Local override; error
    @(140.9750 mm, 103.2000 mm): B.Cu 上 C3 的焊盘 2 [/GND]
    @(141.5375 mm, 102.7500 mm): B.Cu 上 U2 的焊盘 2 [/VBAT]
[shorting_items]: 短路了两个不同网络的项目 (网络 /GND 和 /VBAT)
    Local override; error
    @(140.9750 mm, 103.2000 mm): B.Cu 上 C3 的焊盘 2 [/GND]
    @(141.5375 mm, 103.2500 mm): B.Cu 上 U2 的焊盘 3 [/VBAT]
[shorting_items]: 短路了两个不同网络的项目 (网络 /I2C_SCL 和 /GND)
    Local override; error
    @(119.7750 mm, 104.6000 mm): B.Cu 上 U7 的焊盘 5 [/I2C_SCL]
    @(121.0000 mm, 104.0000 mm): B.Cu 上 U7 的焊盘 13 [/GND]
[shorting_items]: 短路了两个不同网络的项目 (网络 /ENC_B 和 /A_SW)
    Local override; error
    @(158.0000 mm, 81.5000 mm): F.Cu 上 J6 的焊盘 4 [/ENC_B]
    @(158.0000 mm, 80.5000 mm): F.Cu 上 J6 的焊盘 5 [/A_SW]
[shorting_items]: 短路了两个不同网络的项目 (网络 /A_SW 和 /LED_CTRL)
    Local override; error
    @(158.0000 mm, 80.5000 mm): F.Cu 上 J6 的焊盘 5 [/A_SW]
    @(158.0000 mm, 79.5000 mm): F.Cu 上 J6 的焊盘 6 [/LED_CTRL]
[shorting_items]: 短路了两个不同网络的项目 (网络 /VBAT_SENSE 和 /GND)
    Local override; error
    @(119.7750 mm, 105.0000 mm): B.Cu 上 U7 的焊盘 6 [/VBAT_SENSE]
    @(121.0000 mm, 104.0000 mm): B.Cu 上 U7 的焊盘 13 [/GND]
[shorting_items]: 短路了两个不同网络的项目 (网络 /GAUGE_SRN 和 /GND)
    Local override; error
    @(122.2250 mm, 105.0000 mm): B.Cu 上 U7 的焊盘 7 [/GAUGE_SRN]
    @(121.0000 mm, 104.0000 mm): B.Cu 上 U7 的焊盘 13 [/GND]
[hole_clearance]: 孔间距违规 (<电路板配置> 中的 "孔" 约束 间距 0.2500 mm; 实际 0.1000 mm)
    Rule: <电路板配置> 中的 "孔" 约束; error
    @(58.0000 mm, 57.1500 mm): F.Cu 上 U6 的焊盘 2 [/+3V3_MAIN]
    @(58.0000 mm, 58.0000 mm): MIC_PORT 的 NPTH 焊盘
[shorting_items]: 短路了两个不同网络的项目 (网络 unconnected-(U7-NC-Pad8) 和 /GND)
    Local override; error
    @(122.2250 mm, 104.6000 mm): B.Cu 上 U7 的焊盘 8 [unconnected-(U7-NC-Pad8)]
    @(121.0000 mm, 104.0000 mm): B.Cu 上 U7 的焊盘 13 [/GND]
[shorting_items]: 短路了两个不同网络的项目 (网络 /GAUGE_BIN 和 /GND)
    Local override; error
    @(122.2250 mm, 104.2000 mm): B.Cu 上 U7 的焊盘 9 [/GAUGE_BIN]
    @(121.0000 mm, 104.0000 mm): B.Cu 上 U7 的焊盘 13 [/GND]
[shorting_items]: 短路了两个不同网络的项目 (网络 unconnected-(U7-NC-Pad10) 和 /GND)
    Local override; error
    @(122.2250 mm, 103.8000 mm): B.Cu 上 U7 的焊盘 10 [unconnected-(U7-NC-Pad10)]
    @(121.0000 mm, 104.0000 mm): B.Cu 上 U7 的焊盘 13 [/GND]
[shorting_items]: 短路了两个不同网络的项目 (网络 /GAUGE_SRP 和 /GND)
    Local override; error
    @(122.2250 mm, 103.4000 mm): B.Cu 上 U7 的焊盘 11 [/GAUGE_SRP]
    @(121.0000 mm, 104.0000 mm): B.Cu 上 U7 的焊盘 13 [/GND]
[shorting_items]: 短路了两个不同网络的项目 (网络 /GAUGE_INT_N 和 /GND)
    Local override; error
    @(122.2250 mm, 103.0000 mm): B.Cu 上 U7 的焊盘 12 [/GAUGE_INT_N]
    @(121.0000 mm, 104.0000 mm): B.Cu 上 U7 的焊盘 13 [/GND]
[clearance]: 间距违规 (规则 'Minimum production geometry' 间距 0.1500 mm; 实际 0.0000 mm)
    Rule: Minimum production geometry; error
    @(103.6800 mm, 108.8950 mm): J1 的PTH 焊盘 SH [<no net>]
    @(103.1750 mm, 110.2000 mm): B.Cu 上 R2 的焊盘 1 [/CC2]
[clearance]: 间距违规 (规则 'Minimum production geometry' 间距 0.1500 mm; 实际 0.0000 mm)
    Rule: Minimum production geometry; error
    @(103.6800 mm, 108.8950 mm): J1 的PTH 焊盘 SH [<no net>]
    @(103.1750 mm, 108.0000 mm): B.Cu 上 R1 的焊盘 1 [/CC1]
[shorting_items]: 短路了两个不同网络的项目 (网络 /L3V3_A 和 /VSYS)
    Local override; error
    @(127.0000 mm, 94.3500 mm): B.Cu 上 U3 的焊盘 11 [/L3V3_A]
    @(127.4750 mm, 93.8500 mm): B.Cu 上 U3 的焊盘 12 [/VSYS]
[shorting_items]: 短路了两个不同网络的项目 (网络 /VSYS 和 /GND)
    Local override; error
    @(127.4750 mm, 93.8500 mm): B.Cu 上 U3 的焊盘 12 [/VSYS]
    @(127.0000 mm, 93.4500 mm): B.Cu 上 U3 的焊盘 15 [/GND]
[courtyards_overlap]: Courtyards overlap
    Rule: <电路板配置> 中的 "元件外框" 约束; error
    @(101.0000 mm, 105.0000 mm): 封装 U8
    @(96.5000 mm, 104.0000 mm): 封装 SW5
[courtyards_overlap]: Courtyards overlap
    Rule: <电路板配置> 中的 "元件外框" 约束; error
    @(135.0000 mm, 105.4000 mm): 封装 R5
    @(137.6000 mm, 105.4000 mm): 封装 C1
[courtyards_overlap]: Courtyards overlap
    Rule: <电路板配置> 中的 "元件外框" 约束; error
    @(112.0000 mm, 103.2000 mm): 封装 R71
    @(114.6000 mm, 103.2000 mm): 封装 C70
[courtyards_overlap]: Courtyards overlap
    Rule: <电路板配置> 中的 "元件外框" 约束; error
    @(96.5000 mm, 104.0000 mm): 封装 SW5
    @(91.0000 mm, 104.0000 mm): 封装 SW4
[courtyards_overlap]: Courtyards overlap
    Rule: <电路板配置> 中的 "元件外框" 约束; error
    @(137.6000 mm, 103.2000 mm): 封装 R7
    @(135.0000 mm, 103.2000 mm): 封装 R4
[courtyards_overlap]: Courtyards overlap
    Rule: <电路板配置> 中的 "元件外框" 约束; error
    @(137.6000 mm, 103.2000 mm): 封装 R7
    @(140.2000 mm, 103.2000 mm): 封装 C3
[courtyards_overlap]: Courtyards overlap
    Rule: <电路板配置> 中的 "元件外框" 约束; error
    @(123.6000 mm, 95.4000 mm): 封装 C13
    @(121.0000 mm, 95.4000 mm): 封装 C10
[npth_inside_courtyard]: NPTH inside courtyard
    Local override; error
    @(161.0000 mm, 55.0000 mm): H2 的 NPTH 焊盘
    @(151.0000 mm, 69.0000 mm): 封装 U1
[courtyards_overlap]: Courtyards overlap
    Rule: <电路板配置> 中的 "元件外框" 约束; error
    @(126.2000 mm, 91.0000 mm): 封装 C14
    @(123.6000 mm, 91.0000 mm): 封装 C11
[courtyards_overlap]: Courtyards overlap
    Rule: <电路板配置> 中的 "元件外框" 约束; error
    @(140.2000 mm, 101.0000 mm): 封装 C2
    @(143.0000 mm, 103.0000 mm): 封装 U2
[courtyards_overlap]: Courtyards overlap
    Rule: <电路板配置> 中的 "元件外框" 约束; error
    @(140.2000 mm, 101.0000 mm): 封装 C2
    @(137.6000 mm, 101.0000 mm): 封装 R6
[courtyards_overlap]: Courtyards overlap
    Rule: <电路板配置> 中的 "元件外框" 约束; error
    @(123.6000 mm, 91.0000 mm): 封装 C11
    @(121.0000 mm, 91.0000 mm): 封装 R10
[npth_inside_courtyard]: NPTH inside courtyard
    Local override; error
    @(105.1100 mm, 109.3950 mm): J1 的 NPTH 焊盘
    @(104.0000 mm, 110.2000 mm): 封装 R2
[pth_inside_courtyard]: PTH inside courtyard
    Local override; error
    @(103.6800 mm, 108.8950 mm): J1 的PTH 焊盘 SH [<no net>]
    @(104.0000 mm, 110.2000 mm): 封装 R2
[courtyards_overlap]: Courtyards overlap
    Rule: <电路板配置> 中的 "元件外框" 约束; error
    @(142.6000 mm, 87.2000 mm): 封装 C22
    @(140.0000 mm, 87.2000 mm): 封装 R21
[courtyards_overlap]: Courtyards overlap
    Rule: <电路板配置> 中的 "元件外框" 约束; error
    @(114.6000 mm, 101.0000 mm): 封装 R73
    @(112.0000 mm, 101.0000 mm): 封装 R70
[npth_inside_courtyard]: NPTH inside courtyard
    Local override; error
    @(58.0000 mm, 58.0000 mm): MIC_PORT 的 NPTH 焊盘
    @(58.0000 mm, 58.0000 mm): 封装 U6
[npth_inside_courtyard]: NPTH inside courtyard
    Local override; error
    @(55.0000 mm, 109.0000 mm): H3 的 NPTH 焊盘
    @(58.0000 mm, 106.0000 mm): 封装 J5
[courtyards_overlap]: Courtyards overlap
    Rule: <电路板配置> 中的 "元件外框" 约束; error
    @(140.0000 mm, 85.0000 mm): 封装 R20
    @(142.6000 mm, 85.0000 mm): 封装 C21
[pth_inside_courtyard]: PTH inside courtyard
    Local override; error
    @(103.6800 mm, 108.8950 mm): J1 的PTH 焊盘 SH [<no net>]
    @(104.0000 mm, 108.0000 mm): 封装 R1
[courtyards_overlap]: Courtyards overlap
    Rule: <电路板配置> 中的 "元件外框" 约束; error
    @(140.2000 mm, 103.2000 mm): 封装 C3
    @(143.0000 mm, 103.0000 mm): 封装 U2
[courtyards_overlap]: Courtyards overlap
    Rule: <电路板配置> 中的 "元件外框" 约束; error
    @(135.0000 mm, 101.0000 mm): 封装 R3
    @(137.6000 mm, 101.0000 mm): 封装 R6
[courtyards_overlap]: Courtyards overlap
    Rule: <电路板配置> 中的 "元件外框" 约束; error
    @(123.6000 mm, 93.2000 mm): 封装 C12
    @(121.0000 mm, 93.2000 mm): 封装 R11
[copper_edge_clearance]: 电路板边缘间距违规 (<电路板配置> 中的 "板边" 约束 间距 0.5000 mm; 实际 0.0000 mm)
    Rule: <电路板配置> 中的 "板边" 约束; error
    @(50.0000 mm, 108.0000 mm): Edge.Cuts 上的 线段
    @(49.7500 mm, 94.5000 mm): F.Cu 上 SW1 的焊盘 1 [/RUN_EN]
[copper_edge_clearance]: 电路板边缘间距违规 (<电路板配置> 中的 "板边" 约束 间距 0.5000 mm; 实际 0.0000 mm)
    Rule: <电路板配置> 中的 "板边" 约束; error
    @(50.0000 mm, 108.0000 mm): Edge.Cuts 上的 线段
    @(49.7500 mm, 92.0000 mm): F.Cu 上 SW1 的焊盘 2 [/GND]
[copper_edge_clearance]: 电路板边缘间距违规 (<电路板配置> 中的 "板边" 约束 间距 0.5000 mm; 实际 0.0000 mm)
    Rule: <电路板配置> 中的 "板边" 约束; error
    @(50.0000 mm, 108.0000 mm): Edge.Cuts 上的 线段
    @(49.7500 mm, 89.5000 mm): F.Cu 上 SW1 的焊盘 3 [<no net>]
[copper_edge_clearance]: 电路板边缘间距违规 (<电路板配置> 中的 "板边" 约束 间距 0.5000 mm; 实际 0.1250 mm)
    Rule: <电路板配置> 中的 "板边" 约束; error
    @(160.0000 mm, 114.0000 mm): Edge.Cuts 上的 线段
    @(103.6800 mm, 113.0750 mm): J1 的PTH 焊盘 SH [<no net>]
[copper_edge_clearance]: 电路板边缘间距违规 (<电路板配置> 中的 "板边" 约束 间距 0.5000 mm; 实际 0.1250 mm)
    Rule: <电路板配置> 中的 "板边" 约束; error
    @(160.0000 mm, 114.0000 mm): Edge.Cuts 上的 线段
    @(112.3200 mm, 113.0750 mm): J1 的PTH 焊盘 SH [<no net>]
[solder_mask_bridge]: 底层阻焊开窗区域与不同网络的项目相连
    Rule: <电路板配置> 中的 "阻焊层最小宽度"; error
    @(103.1750 mm, 108.0000 mm): B.Cu 上 R1 的焊盘 1 [/CC1]
    @(103.6800 mm, 108.8950 mm): J1 的PTH 焊盘 SH [<no net>]
[solder_mask_bridge]: 顶层阻焊开窗区域与不同网络的项目相连
    Rule: <电路板配置> 中的 "阻焊层最小宽度"; error
    @(158.0000 mm, 84.5000 mm): F.Cu 上 J6 的焊盘 1 [/+3V3_MAIN]
    @(158.0000 mm, 83.5000 mm): F.Cu 上 J6 的焊盘 2 [/GND]
[solder_mask_bridge]: 底层阻焊开窗区域与不同网络的项目相连
    Rule: <电路板配置> 中的 "阻焊层最小宽度"; error
    @(122.2250 mm, 103.8000 mm): B.Cu 上 U7 的焊盘 10 [unconnected-(U7-NC-Pad10)]
    @(121.0000 mm, 104.0000 mm): B.Cu 上 U7 的焊盘 13 [/GND]
[solder_mask_bridge]: 底层阻焊开窗区域与不同网络的项目相连
    Rule: <电路板配置> 中的 "阻焊层最小宽度"; error
    @(127.0000 mm, 94.3500 mm): B.Cu 上 U3 的焊盘 11 [/L3V3_A]
    @(127.4750 mm, 93.8500 mm): B.Cu 上 U3 的焊盘 12 [/VSYS]
[solder_mask_bridge]: 顶层阻焊开窗区域与不同网络的项目相连
    Rule: <电路板配置> 中的 "阻焊层最小宽度"; error
    @(158.0000 mm, 83.5000 mm): F.Cu 上 J6 的焊盘 2 [/GND]
    @(158.0000 mm, 82.5000 mm): F.Cu 上 J6 的焊盘 3 [/ENC_A]
[solder_mask_bridge]: 底层阻焊开窗区域与不同网络的项目相连
    Rule: <电路板配置> 中的 "阻焊层最小宽度"; error
    @(103.6800 mm, 108.8950 mm): J1 的PTH 焊盘 SH [<no net>]
    @(103.1750 mm, 110.2000 mm): B.Cu 上 R2 的焊盘 1 [/CC2]
[solder_mask_bridge]: 底层阻焊开窗区域与不同网络的项目相连
    Rule: <电路板配置> 中的 "阻焊层最小宽度"; error
    @(122.2250 mm, 103.4000 mm): B.Cu 上 U7 的焊盘 11 [/GAUGE_SRP]
    @(121.0000 mm, 104.0000 mm): B.Cu 上 U7 的焊盘 13 [/GND]
[solder_mask_bridge]: 底层阻焊开窗区域与不同网络的项目相连
    Rule: <电路板配置> 中的 "阻焊层最小宽度"; error
    @(119.7750 mm, 103.0000 mm): B.Cu 上 U7 的焊盘 1 [/I2C_SDA]
    @(121.0000 mm, 104.0000 mm): B.Cu 上 U7 的焊盘 13 [/GND]
[solder_mask_bridge]: 顶层阻焊开窗区域与不同网络的项目相连
    Rule: <电路板配置> 中的 "阻焊层最小宽度"; error
    @(158.0000 mm, 82.5000 mm): F.Cu 上 J6 的焊盘 3 [/ENC_A]
    @(158.0000 mm, 81.5000 mm): F.Cu 上 J6 的焊盘 4 [/ENC_B]
[solder_mask_bridge]: 底层阻焊开窗区域与不同网络的项目相连
    Rule: <电路板配置> 中的 "阻焊层最小宽度"; error
    @(119.7750 mm, 103.4000 mm): B.Cu 上 U7 的焊盘 2 [/GAUGE_VDD]
    @(121.0000 mm, 104.0000 mm): B.Cu 上 U7 的焊盘 13 [/GND]
[solder_mask_bridge]: 底层阻焊开窗区域与不同网络的项目相连
    Rule: <电路板配置> 中的 "阻焊层最小宽度"; error
    @(122.2250 mm, 103.0000 mm): B.Cu 上 U7 的焊盘 12 [/GAUGE_INT_N]
    @(121.0000 mm, 104.0000 mm): B.Cu 上 U7 的焊盘 13 [/GND]
[solder_mask_bridge]: 底层阻焊开窗区域与不同网络的项目相连
    Rule: <电路板配置> 中的 "阻焊层最小宽度"; error
    @(127.4750 mm, 93.8500 mm): B.Cu 上 U3 的焊盘 12 [/VSYS]
    @(127.0000 mm, 93.4500 mm): B.Cu 上 U3 的焊盘 15 [/GND]
[solder_mask_bridge]: 顶层阻焊开窗区域与不同网络的项目相连
    Rule: <电路板配置> 中的 "阻焊层最小宽度"; error
    @(158.0000 mm, 81.5000 mm): F.Cu 上 J6 的焊盘 4 [/ENC_B]
    @(158.0000 mm, 80.5000 mm): F.Cu 上 J6 的焊盘 5 [/A_SW]
[solder_mask_bridge]: 底层阻焊开窗区域与不同网络的项目相连
    Rule: <电路板配置> 中的 "阻焊层最小宽度"; error
    @(119.7750 mm, 103.8000 mm): B.Cu 上 U7 的焊盘 3 [unconnected-(U7-NC-Pad3)]
    @(121.0000 mm, 104.0000 mm): B.Cu 上 U7 的焊盘 13 [/GND]
[solder_mask_bridge]: 顶层阻焊开窗区域与不同网络的项目相连
    Rule: <电路板配置> 中的 "阻焊层最小宽度"; error
    @(158.0000 mm, 80.5000 mm): F.Cu 上 J6 的焊盘 5 [/A_SW]
    @(158.0000 mm, 79.5000 mm): F.Cu 上 J6 的焊盘 6 [/LED_CTRL]
[solder_mask_bridge]: 底层阻焊开窗区域与不同网络的项目相连
    Rule: <电路板配置> 中的 "阻焊层最小宽度"; error
    @(121.0000 mm, 104.0000 mm): B.Cu 上 U7 的焊盘 13 [/GND]
    @(119.7750 mm, 104.6000 mm): B.Cu 上 U7 的焊盘 5 [/I2C_SCL]
[solder_mask_bridge]: 底层阻焊开窗区域与不同网络的项目相连
    Rule: <电路板配置> 中的 "阻焊层最小宽度"; error
    @(119.7750 mm, 105.0000 mm): B.Cu 上 U7 的焊盘 6 [/VBAT_SENSE]
    @(121.0000 mm, 104.0000 mm): B.Cu 上 U7 的焊盘 13 [/GND]
[solder_mask_bridge]: 底层阻焊开窗区域与不同网络的项目相连
    Rule: <电路板配置> 中的 "阻焊层最小宽度"; error
    @(121.0000 mm, 104.0000 mm): B.Cu 上 U7 的焊盘 13 [/GND]
    @(122.2250 mm, 105.0000 mm): B.Cu 上 U7 的焊盘 7 [/GAUGE_SRN]
[solder_mask_bridge]: 底层阻焊开窗区域与不同网络的项目相连
    Rule: <电路板配置> 中的 "阻焊层最小宽度"; error
    @(140.9750 mm, 103.2000 mm): B.Cu 上 C3 的焊盘 2 [/GND]
    @(141.5375 mm, 103.2500 mm): B.Cu 上 U2 的焊盘 3 [/VBAT]
[solder_mask_bridge]: 底层阻焊开窗区域与不同网络的项目相连
    Rule: <电路板配置> 中的 "阻焊层最小宽度"; error
    @(141.5375 mm, 102.7500 mm): B.Cu 上 U2 的焊盘 2 [/VBAT]
    @(140.9750 mm, 103.2000 mm): B.Cu 上 C3 的焊盘 2 [/GND]
[solder_mask_bridge]: 底层阻焊开窗区域与不同网络的项目相连
    Rule: <电路板配置> 中的 "阻焊层最小宽度"; error
    @(121.0000 mm, 104.0000 mm): B.Cu 上 U7 的焊盘 13 [/GND]
    @(122.2250 mm, 104.6000 mm): B.Cu 上 U7 的焊盘 8 [unconnected-(U7-NC-Pad8)]
[solder_mask_bridge]: 底层阻焊开窗区域与不同网络的项目相连
    Rule: <电路板配置> 中的 "阻焊层最小宽度"; error
    @(122.2250 mm, 104.2000 mm): B.Cu 上 U7 的焊盘 9 [/GAUGE_BIN]
    @(121.0000 mm, 104.0000 mm): B.Cu 上 U7 的焊盘 13 [/GND]
[hole_to_hole]: 钻孔太靠近其他孔 (电路板配置约束 最小 0.2495 mm; 实际 0.0000 mm)
    Rule: 电路板配置约束; warning
    @(58.0000 mm, 58.0000 mm): MIC_PORT 的 NPTH 焊盘
    @(58.0000 mm, 58.7000 mm): U6 的 NPTH 焊盘
[lib_footprint_mismatch]: 封装 'SW_SPDT_CK_JS102011SAQN' 与库 'Button_Switch_SMD' 中的副本不匹配
    Local override; warning
    @(52.5000 mm, 92.0000 mm): 封装 SW1
[lib_footprint_mismatch]: 封装 'SOT-23-6' 与库 'Package_TO_SOT_SMD' 中的副本不匹配
    Local override; warning
    @(101.0000 mm, 105.0000 mm): 封装 U8
[lib_footprint_mismatch]: 封装 'SW_Push_1P1T_NO_CK_KMR2' 与库 'Button_Switch_SMD' 中的副本不匹配
    Local override; warning
    @(96.5000 mm, 104.0000 mm): 封装 SW5
[lib_footprint_mismatch]: 封装 'ESP32-S3-WROOM-1' 与库 'RF_Module' 中的副本不匹配
    Local override; warning
    @(151.0000 mm, 69.0000 mm): 封装 U1
[lib_footprint_mismatch]: 封装 'SW_Push_1P1T_NO_CK_KMR2' 与库 'Button_Switch_SMD' 中的副本不匹配
    Local override; warning
    @(91.0000 mm, 104.0000 mm): 封装 SW4
[lib_footprint_mismatch]: 封装 'JST_PH_B2B-PH-SM4-TB_1x02-1MP_P2.00mm_Vertical' 与库 'Connector_JST' 中的副本不匹配
    Local override; warning
    @(82.0000 mm, 106.0000 mm): 封装 J4
[lib_footprint_mismatch]: 封装 'TI_DRL0006A_SOT-563' 与库 'Cadenza_D1' 中的副本不匹配
    Local override; warning
    @(146.0000 mm, 88.0000 mm): 封装 U4
[lib_footprint_mismatch]: 封装 'microSD_HC_Hirose_DM3AT-SF-PEJM5' 与库 'Connector_Card' 中的副本不匹配
    Local override; warning
    @(151.0000 mm, 104.0000 mm): 封装 J3
[lib_footprint_mismatch]: 封装 'JST_PH_B2B-PH-SM4-TB_1x02-1MP_P2.00mm_Vertical' 与库 'Connector_JST' 中的副本不匹配
    Local override; warning
    @(58.0000 mm, 106.0000 mm): 封装 J5
[lib_footprint_mismatch]: 封装 'TI_RNM0015A_VQFN-HR-15_2.5x3mm' 与库 'Cadenza_D1' 中的副本不匹配
    Local override; warning
    @(128.0000 mm, 94.0000 mm): 封装 U3
[lib_footprint_mismatch]: 封装 'JST_SH_SM06B-SRSS-TB_1x06-1MP_P1.00mm_Horizontal' 与库 'Connector_JST' 中的副本不匹配
    Local override; warning
    @(160.0000 mm, 82.0000 mm): 封装 J6
[lib_footprint_mismatch]: 封装 'VQFN-16-1EP_3x3mm_P0.5mm_EP1.68x1.68mm_ThermalVias' 与库 'Package_DFN_QFN' 中的副本不匹配
    Local override; warning
    @(143.0000 mm, 103.0000 mm): 封装 U2
[lib_footprint_mismatch]: 封装 'TI_DRZ0012A_VSON-12_2.5x4mm' 与库 'Cadenza_D1' 中的副本不匹配
    Local override; warning
    @(121.0000 mm, 104.0000 mm): 封装 U7
[lib_footprint_mismatch]: 封装 'TQFN-16-1EP_3x3mm_P0.5mm_EP1.23x1.23mm_ThermalVias' 与库 'Package_DFN_QFN' 中的副本不匹配
    Local override; warning
    @(64.0000 mm, 94.0000 mm): 封装 U5
[lib_footprint_mismatch]: 封装 'Sharp_LS027B7DH01_Mechanical' 与库 'Cadenza_D1' 中的副本不匹配
    Local override; warning
    @(108.0000 mm, 82.0000 mm): 封装 LCD1
[lib_footprint_issues]: 在库 'Cadenza_D1' 中找不到封装 'H1'
    Local override; warning
    @(55.0000 mm, 55.0000 mm): 封装 H1
[lib_footprint_issues]: 在库 'Cadenza_D1' 中找不到封装 'H2'
    Local override; warning
    @(161.0000 mm, 55.0000 mm): 封装 H2
[lib_footprint_issues]: 在库 'Cadenza_D1' 中找不到封装 'H3'
    Local override; warning
    @(55.0000 mm, 109.0000 mm): 封装 H3
[lib_footprint_issues]: 在库 'Cadenza_D1' 中找不到封装 'H4'
    Local override; warning
    @(161.0000 mm, 109.0000 mm): 封装 H4
[lib_footprint_issues]: 在库 'Cadenza_D1' 中找不到封装 'MIC_PORT'
    Local override; warning
    @(58.0000 mm, 58.0000 mm): 封装 MIC_PORT
[silk_overlap]: Silkscreen clearance
    Rule: <电路板配置> 中的 "丝印" 约束; warning
    @(55.0000 mm, 109.0000 mm): H3 的 圆形, 位于 F.Silkscreen
    @(55.0000 mm, 107.0000 mm): H3 的参考字段
[silk_overlap]: Silkscreen clearance
    Rule: <电路板配置> 中的 "丝印" 约束; warning
    @(161.0000 mm, 107.0000 mm): H4 的参考字段
    @(161.0000 mm, 109.0000 mm): H4 的 圆形, 位于 F.Silkscreen
[silk_overlap]: Silkscreen clearance
    Rule: <电路板配置> 中的 "丝印" 约束; warning
    @(161.0000 mm, 55.0000 mm): H2 的 圆形, 位于 F.Silkscreen
    @(161.0000 mm, 53.0000 mm): H2 的参考字段
[silk_overlap]: Silkscreen clearance
    Rule: <电路板配置> 中的 "丝印" 约束; warning
    @(58.0000 mm, 56.0000 mm): MIC_PORT 的参考字段
    @(55.9000 mm, 56.4000 mm): U6 的 线段, 位于 F.Silkscreen
[silk_overlap]: Silkscreen clearance
    Rule: <电路板配置> 中的 "丝印" 约束; warning
    @(58.0000 mm, 56.0000 mm): MIC_PORT 的参考字段
    @(55.9000 mm, 59.6000 mm): U6 的 线段, 位于 F.Silkscreen
[silk_overlap]: Silkscreen clearance
    Rule: <电路板配置> 中的 "丝印" 约束; warning
    @(58.0000 mm, 56.0000 mm): MIC_PORT 的参考字段
    @(60.1000 mm, 56.4000 mm): U6 的 线段, 位于 F.Silkscreen
[silk_overlap]: Silkscreen clearance
    Rule: <电路板配置> 中的 "丝印" 约束; warning
    @(55.0000 mm, 55.0000 mm): H1 的 圆形, 位于 F.Silkscreen
    @(55.8000 mm, 56.2500 mm): U6 的 线段, 位于 F.Silkscreen
[silk_overlap]: Silkscreen clearance
    Rule: <电路板配置> 中的 "丝印" 约束; warning
    @(58.0000 mm, 56.0000 mm): MIC_PORT 的参考字段
    @(55.8000 mm, 56.2500 mm): U6 的 线段, 位于 F.Silkscreen
[silk_overlap]: Silkscreen clearance
    Rule: <电路板配置> 中的 "丝印" 约束; warning
    @(55.0000 mm, 55.0000 mm): H1 的 圆形, 位于 F.Silkscreen
    @(55.0000 mm, 53.0000 mm): H1 的参考字段
[silk_overlap]: Silkscreen clearance
    Rule: <电路板配置> 中的 "丝印" 约束; warning
    @(58.0000 mm, 56.0000 mm): MIC_PORT 的参考字段
    @(55.0000 mm, 55.0000 mm): H1 的 圆形, 位于 F.Silkscreen
[silk_over_copper]: Silkscreen clipped by solder mask
    Local override; warning
    @(104.4000 mm, 52.4000 mm): J2 的 线段, 位于 F.Silkscreen
    @(105.7500 mm, 52.7500 mm): F.Cu 上 J2 的焊盘 1 [/LCD_SCLK]
[silk_over_copper]: Silkscreen clipped by solder mask
    Local override; warning
    @(104.4000 mm, 52.4000 mm): J2 的 线段, 位于 F.Silkscreen
    @(106.2500 mm, 52.7500 mm): F.Cu 上 J2 的焊盘 2 [/LCD_SI]
[silk_over_copper]: Silkscreen clipped by solder mask
    Local override; warning
    @(104.4000 mm, 52.4000 mm): J2 的 线段, 位于 F.Silkscreen
    @(106.7500 mm, 52.7500 mm): F.Cu 上 J2 的焊盘 3 [/LCD_SCS]
[silk_over_copper]: Silkscreen clipped by solder mask
    Local override; warning
    @(104.4000 mm, 52.4000 mm): J2 的 线段, 位于 F.Silkscreen
    @(107.2500 mm, 52.7500 mm): F.Cu 上 J2 的焊盘 4 [/LCD_EXTCOMIN]
[silk_over_copper]: Silkscreen clipped by solder mask
    Local override; warning
    @(104.4000 mm, 52.4000 mm): J2 的 线段, 位于 F.Silkscreen
    @(107.7500 mm, 52.7500 mm): F.Cu 上 J2 的焊盘 5 [/LCD_DISP]
[silk_over_copper]: Silkscreen clipped by solder mask
    Local override; warning
    @(104.4000 mm, 52.4000 mm): J2 的 线段, 位于 F.Silkscreen
    @(108.2500 mm, 52.7500 mm): F.Cu 上 J2 的焊盘 6 [/+5V_LCD]
[silk_over_copper]: Silkscreen clipped by solder mask
    Local override; warning
    @(104.4000 mm, 52.4000 mm): J2 的 线段, 位于 F.Silkscreen
    @(108.7500 mm, 52.7500 mm): F.Cu 上 J2 的焊盘 7 [/+5V_LCD]
[silk_over_copper]: Silkscreen clipped by solder mask
    Local override; warning
    @(104.4000 mm, 52.4000 mm): J2 的 线段, 位于 F.Silkscreen
    @(109.2500 mm, 52.7500 mm): F.Cu 上 J2 的焊盘 8 [/LCD_EXTMODE]
[silk_over_copper]: Silkscreen clipped by solder mask
    Local override; warning
    @(104.4000 mm, 52.4000 mm): J2 的 线段, 位于 F.Silkscreen
    @(109.7500 mm, 52.7500 mm): F.Cu 上 J2 的焊盘 9 [/GND]
[silk_over_copper]: Silkscreen clipped by solder mask
    Local override; warning
    @(104.4000 mm, 52.4000 mm): J2 的 线段, 位于 F.Silkscreen
    @(110.2500 mm, 52.7500 mm): F.Cu 上 J2 的焊盘 10 [/GND]
[silk_over_copper]: Silkscreen clipped by solder mask
    Local override; warning
    @(111.6000 mm, 52.4000 mm): J2 的 线段, 位于 F.Silkscreen
    @(111.3000 mm, 54.6500 mm): F.Cu 上 J2 的焊盘 MP [<no net>]
[silk_over_copper]: Silkscreen clipped by solder mask
    Local override; warning
    @(104.4000 mm, 55.6000 mm): J2 的 线段, 位于 F.Silkscreen
    @(104.7000 mm, 54.6500 mm): F.Cu 上 J2 的焊盘 MP [<no net>]
[silk_over_copper]: Silkscreen clipped by solder mask
    Local override; warning
    @(158.2150 mm, 86.1100 mm): J6 的 线段, 位于 F.Silkscreen
    @(158.0000 mm, 84.5000 mm): F.Cu 上 J6 的焊盘 1 [/+3V3_MAIN]
[silk_over_copper]: Silkscreen clipped by solder mask
    Local override; warning
    @(158.2150 mm, 85.0600 mm): J6 的 线段, 位于 F.Silkscreen
    @(158.0000 mm, 84.5000 mm): F.Cu 上 J6 的焊盘 1 [/+3V3_MAIN]
[silk_over_copper]: Silkscreen clipped by solder mask
    Local override; warning
    @(158.2150 mm, 77.8900 mm): J6 的 线段, 位于 F.Silkscreen
    @(158.0000 mm, 79.5000 mm): F.Cu 上 J6 的焊盘 6 [/LED_CTRL]
[silk_over_copper]: Silkscreen clipped by solder mask
    Local override; warning
    @(58.0000 mm, 58.0000 mm): MIC_PORT 的 圆形, 位于 F.Silkscreen
    @(58.0000 mm, 58.7000 mm): U6 的 NPTH 焊盘
[silk_over_copper]: Silkscreen clipped by solder mask
    Local override; warning
    @(58.0000 mm, 58.0000 mm): MIC_PORT 的 圆形, 位于 F.Silkscreen
    @(58.0000 mm, 57.1500 mm): F.Cu 上 U6 的焊盘 2 [/+3V3_MAIN]
[silk_over_copper]: Silkscreen clipped by solder mask
    Local override; warning
    @(58.0000 mm, 56.0000 mm): MIC_PORT 的参考字段
    @(55.0000 mm, 55.0000 mm): H1 的 NPTH 焊盘
[silk_overlap]: Silkscreen clearance
    Rule: <电路板配置> 中的 "丝印" 约束; warning
    @(123.4594 mm, 91.5100 mm): C11 的 线段, 位于 B.Silkscreen
    @(123.6000 mm, 91.7700 mm): C12 的参考字段
[silk_overlap]: Silkscreen clearance
    Rule: <电路板配置> 中的 "丝印" 约束; warning
    @(142.6000 mm, 83.5700 mm): C21 的参考字段
    @(140.0000 mm, 83.5700 mm): R20 的参考字段
[silk_overlap]: Silkscreen clearance
    Rule: <电路板配置> 中的 "丝印" 约束; warning
    @(140.0000 mm, 87.9700 mm): C20 的参考字段
    @(139.7627 mm, 87.7225 mm): R21 的 线段, 位于 B.Silkscreen
[silk_overlap]: Silkscreen clearance
    Rule: <电路板配置> 中的 "丝印" 约束; warning
    @(139.7627 mm, 85.5225 mm): R20 的 线段, 位于 B.Silkscreen
    @(140.0000 mm, 85.7700 mm): R21 的参考字段
[silk_overlap]: Silkscreen clearance
    Rule: <电路板配置> 中的 "丝印" 约束; warning
    @(123.6000 mm, 93.9700 mm): C13 的参考字段
    @(121.0000 mm, 93.9700 mm): C10 的参考字段
[silk_overlap]: Silkscreen clearance
    Rule: <电路板配置> 中的 "丝印" 约束; warning
    @(121.0000 mm, 93.9700 mm): C10 的参考字段
    @(120.7627 mm, 93.7225 mm): R11 的 线段, 位于 B.Silkscreen
[silk_overlap]: Silkscreen clearance
    Rule: <电路板配置> 中的 "丝印" 约束; warning
    @(112.0000 mm, 99.5700 mm): R70 的参考字段
    @(114.6000 mm, 99.5700 mm): R73 的参考字段
[silk_overlap]: Silkscreen clearance
    Rule: <电路板配置> 中的 "丝印" 约束; warning
    @(114.6000 mm, 101.7700 mm): C70 的参考字段
    @(114.3627 mm, 101.5225 mm): R73 的 线段, 位于 B.Silkscreen
[silk_overlap]: Silkscreen clearance
    Rule: <电路板配置> 中的 "丝印" 约束; warning
    @(114.0000 mm, 57.7700 mm): C31 的参考字段
    @(113.8594 mm, 57.5100 mm): C30 的 线段, 位于 B.Silkscreen
[silk_overlap]: Silkscreen clearance
    Rule: <电路板配置> 中的 "丝印" 约束; warning
    @(135.0000 mm, 103.9700 mm): R5 的参考字段
    @(134.7627 mm, 103.7225 mm): R4 的 线段, 位于 B.Silkscreen
[silk_overlap]: Silkscreen clearance
    Rule: <电路板配置> 中的 "丝印" 约束; warning
    @(137.6000 mm, 101.7700 mm): R7 的参考字段
    @(137.3627 mm, 101.5225 mm): R6 的 线段, 位于 B.Silkscreen
[silk_overlap]: Silkscreen clearance
    Rule: <电路板配置> 中的 "丝印" 约束; warning
    @(135.0000 mm, 101.7700 mm): R4 的参考字段
    @(134.7627 mm, 101.5225 mm): R3 的 线段, 位于 B.Silkscreen
[silk_overlap]: Silkscreen clearance
    Rule: <电路板配置> 中的 "丝印" 约束; warning
    @(137.6000 mm, 103.9700 mm): C1 的参考字段
    @(137.3627 mm, 103.7225 mm): R7 的 线段, 位于 B.Silkscreen
[silk_overlap]: Silkscreen clearance
    Rule: <电路板配置> 中的 "丝印" 约束; warning
    @(140.2000 mm, 101.7700 mm): C3 的参考字段
    @(140.8600 mm, 102.2500 mm): U2 的 多边形, 位于 B.Silkscreen
[silk_overlap]: Silkscreen clearance
    Rule: <电路板配置> 中的 "丝印" 约束; warning
    @(123.6000 mm, 93.9700 mm): C13 的参考字段
    @(123.4594 mm, 93.7100 mm): C12 的 线段, 位于 B.Silkscreen
[silk_overlap]: Silkscreen clearance
    Rule: <电路板配置> 中的 "丝印" 约束; warning
    @(121.0000 mm, 89.5700 mm): R10 的参考字段
    @(123.6000 mm, 89.5700 mm): C11 的参考字段
[silk_overlap]: Silkscreen clearance
    Rule: <电路板配置> 中的 "丝印" 约束; warning
    @(120.7627 mm, 91.5225 mm): R10 的 线段, 位于 B.Silkscreen
    @(121.0000 mm, 91.7700 mm): R11 的参考字段
[silk_overlap]: Silkscreen clearance
    Rule: <电路板配置> 中的 "丝印" 约束; warning
    @(104.0000 mm, 108.7700 mm): R2 的参考字段
    @(103.7627 mm, 108.5225 mm): R1 的 线段, 位于 B.Silkscreen
[silk_overlap]: Silkscreen clearance
    Rule: <电路板配置> 中的 "丝印" 约束; warning
    @(112.0000 mm, 101.7700 mm): R71 的参考字段
    @(111.7627 mm, 101.5225 mm): R70 的 线段, 位于 B.Silkscreen
[silk_overlap]: Silkscreen clearance
    Rule: <电路板配置> 中的 "丝印" 约束; warning
    @(112.0000 mm, 103.9700 mm): R72 的参考字段
    @(111.7627 mm, 103.7225 mm): R71 的 线段, 位于 B.Silkscreen
[silk_overlap]: Silkscreen clearance
    Rule: <电路板配置> 中的 "丝印" 约束; warning
    @(91.0000 mm, 101.5500 mm): SW4 的参考字段
    @(90.8594 mm, 101.7100 mm): C80 的 线段, 位于 B.Silkscreen
[silk_overlap]: Silkscreen clearance
    Rule: <电路板配置> 中的 "丝印" 约束; warning
    @(91.0000 mm, 99.7700 mm): C80 的参考字段
    @(90.7627 mm, 99.5225 mm): R80 的 线段, 位于 B.Silkscreen
[silk_overlap]: Silkscreen clearance
    Rule: <电路板配置> 中的 "丝印" 约束; warning
    @(68.8594 mm, 100.7100 mm): C50 的 线段, 位于 B.Silkscreen
    @(69.0000 mm, 100.9700 mm): C51 的参考字段
[silk_overlap]: Silkscreen clearance
    Rule: <电路板配置> 中的 "丝印" 约束; warning
    @(63.7627 mm, 58.5225 mm): R40 的 线段, 位于 B.Silkscreen
    @(64.0000 mm, 58.7700 mm): C40 的参考字段
[silk_overlap]: Silkscreen clearance
    Rule: <电路板配置> 中的 "丝印" 约束; warning
    @(69.0000 mm, 98.7700 mm): C50 的参考字段
    @(68.7627 mm, 98.5225 mm): R41 的 线段, 位于 B.Silkscreen
[silk_over_copper]: Silkscreen clipped by solder mask
    Local override; warning
    @(137.6000 mm, 101.7700 mm): R7 的参考字段
    @(136.7750 mm, 101.0000 mm): B.Cu 上 R6 的焊盘 1 [/TMR_SET]
[silk_over_copper]: Silkscreen clipped by solder mask
    Local override; warning
    @(137.6000 mm, 101.7700 mm): R7 的参考字段
    @(138.4250 mm, 101.0000 mm): B.Cu 上 R6 的焊盘 2 [/GND]
[silk_over_copper]: Silkscreen clipped by solder mask
    Local override; warning
    @(135.0000 mm, 103.9700 mm): R5 的参考字段
    @(134.1750 mm, 103.2000 mm): B.Cu 上 R4 的焊盘 1 [/ISET_SET]
[silk_over_copper]: Silkscreen clipped by solder mask
    Local override; warning
    @(126.6000 mm, 95.6500 mm): U3 的 线段, 位于 B.Silkscreen
    @(127.0000 mm, 94.3500 mm): B.Cu 上 U3 的焊盘 11 [/L3V3_A]
[silk_over_copper]: Silkscreen clipped by solder mask
    Local override; warning
    @(126.6000 mm, 95.6500 mm): U3 的 线段, 位于 B.Silkscreen
    @(127.0000 mm, 93.4500 mm): B.Cu 上 U3 的焊盘 15 [/GND]
[silk_over_copper]: Silkscreen clipped by solder mask
    Local override; warning
    @(128.0000 mm, 91.0000 mm): U3 的参考字段
    @(126.9750 mm, 91.0000 mm): B.Cu 上 C14 的焊盘 2 [/GND]
[silk_over_copper]: Silkscreen clipped by solder mask
    Local override; warning
    @(132.0000 mm, 91.7200 mm): L1 的参考字段
    @(132.2125 mm, 91.0000 mm): B.Cu 上 FB2 的焊盘 1 [/+5V_MEDIA]
[silk_over_copper]: Silkscreen clipped by solder mask
    Local override; warning
    @(142.6000 mm, 85.7700 mm): C22 的参考字段
    @(141.8250 mm, 85.0000 mm): B.Cu 上 C21 的焊盘 1 [/+5V_MEDIA]
[silk_over_copper]: Silkscreen clipped by solder mask
    Local override; warning
    @(142.6000 mm, 85.7700 mm): C22 的参考字段
    @(143.3750 mm, 85.0000 mm): B.Cu 上 C21 的焊盘 2 [/GND]
[silk_over_copper]: Silkscreen clipped by solder mask
    Local override; warning
    @(140.0000 mm, 85.7700 mm): R21 的参考字段
    @(140.8250 mm, 85.0000 mm): B.Cu 上 R20 的焊盘 2 [/FB_5V]
[silk_over_copper]: Silkscreen clipped by solder mask
    Local override; warning
    @(145.0000 mm, 88.8500 mm): U4 的 线段, 位于 B.Silkscreen
    @(145.2600 mm, 87.5000 mm): B.Cu 上 U4 的焊盘 1 [/FB_5V]
[silk_over_copper]: Silkscreen clipped by solder mask
    Local override; warning
    @(145.0000 mm, 88.8500 mm): U4 的 线段, 位于 B.Silkscreen
    @(145.2600 mm, 88.0000 mm): B.Cu 上 U4 的焊盘 2 [/RUN_EN]
[silk_over_copper]: Silkscreen clipped by solder mask
    Local override; warning
    @(145.0000 mm, 88.8500 mm): U4 的 线段, 位于 B.Silkscreen
    @(145.2600 mm, 88.5000 mm): B.Cu 上 U4 的焊盘 3 [/VSYS]
[silk_over_copper]: Silkscreen clipped by solder mask
    Local override; warning
    @(147.0000 mm, 87.1500 mm): U4 的 线段, 位于 B.Silkscreen
    @(146.7400 mm, 88.5000 mm): B.Cu 上 U4 的焊盘 4 [/GND]
[silk_over_copper]: Silkscreen clipped by solder mask
    Local override; warning
    @(147.0000 mm, 87.1500 mm): U4 的 线段, 位于 B.Silkscreen
    @(146.7400 mm, 88.0000 mm): B.Cu 上 U4 的焊盘 5 [/BOOST_SW]
[silk_over_copper]: Silkscreen clipped by solder mask
    Local override; warning
    @(147.0000 mm, 87.1500 mm): U4 的 线段, 位于 B.Silkscreen
    @(146.7400 mm, 87.5000 mm): B.Cu 上 U4 的焊盘 6 [/+5V_MEDIA]
[silk_over_copper]: Silkscreen clipped by solder mask
    Local override; warning
    @(140.0000 mm, 87.9700 mm): C20 的参考字段
    @(139.1750 mm, 87.2000 mm): B.Cu 上 R21 的焊盘 1 [/FB_5V]
[silk_over_copper]: Silkscreen clipped by solder mask
    Local override; warning
    @(140.0000 mm, 87.9700 mm): C20 的参考字段
    @(140.8250 mm, 87.2000 mm): B.Cu 上 R21 的焊盘 2 [/GND]
[silk_over_copper]: Silkscreen clipped by solder mask
    Local override; warning
    @(140.0000 mm, 85.7700 mm): R21 的参考字段
    @(139.1750 mm, 85.0000 mm): B.Cu 上 R20 的焊盘 1 [/+5V_MEDIA]
[silk_over_copper]: Silkscreen clipped by solder mask
    Local override; warning
    @(123.6000 mm, 93.9700 mm): C13 的参考字段
    @(122.8250 mm, 93.2000 mm): B.Cu 上 C12 的焊盘 1 [/+3V3_MAIN]
[silk_over_copper]: Silkscreen clipped by solder mask
    Local override; warning
    @(121.0000 mm, 93.9700 mm): C10 的参考字段
    @(120.1750 mm, 93.2000 mm): B.Cu 上 R11 的焊盘 1 [/FB_3V3]
[silk_over_copper]: Silkscreen clipped by solder mask
    Local override; warning
    @(121.0000 mm, 93.9700 mm): C10 的参考字段
    @(121.8250 mm, 93.2000 mm): B.Cu 上 R11 的焊盘 2 [/GND]
[silk_over_copper]: Silkscreen clipped by solder mask
    Local override; warning
    @(114.6000 mm, 101.7700 mm): C70 的参考字段
    @(113.7750 mm, 101.0000 mm): B.Cu 上 R73 的焊盘 1 [/GAUGE_SRP]
[silk_over_copper]: Silkscreen clipped by solder mask
    Local override; warning
    @(114.6000 mm, 101.7700 mm): C70 的参考字段
    @(115.4250 mm, 101.0000 mm): B.Cu 上 R73 的焊盘 2 [/GAUGE_SRN]
[silk_over_copper]: Silkscreen clipped by solder mask
    Local override; warning
    @(112.0000 mm, 101.7700 mm): R71 的参考字段
    @(112.8250 mm, 101.0000 mm): B.Cu 上 R70 的焊盘 2 [/+3V3_MAIN]
[silk_over_copper]: Silkscreen clipped by solder mask
    Local override; warning
    @(119.6000 mm, 106.1500 mm): U7 的 线段, 位于 B.Silkscreen
    @(119.7750 mm, 103.0000 mm): B.Cu 上 U7 的焊盘 1 [/I2C_SDA]
[silk_over_copper]: Silkscreen clipped by solder mask
    Local override; warning
    @(119.6000 mm, 106.1500 mm): U7 的 线段, 位于 B.Silkscreen
    @(119.7750 mm, 103.4000 mm): B.Cu 上 U7 的焊盘 2 [/GAUGE_VDD]
[silk_over_copper]: Silkscreen clipped by solder mask
    Local override; warning
    @(119.6000 mm, 106.1500 mm): U7 的 线段, 位于 B.Silkscreen
    @(119.7750 mm, 103.8000 mm): B.Cu 上 U7 的焊盘 3 [unconnected-(U7-NC-Pad3)]
[silk_over_copper]: Silkscreen clipped by solder mask
    Local override; warning
    @(119.6000 mm, 106.1500 mm): U7 的 线段, 位于 B.Silkscreen
    @(119.7750 mm, 104.2000 mm): B.Cu 上 U7 的焊盘 4 [/GND]
[silk_over_copper]: Silkscreen clipped by solder mask
    Local override; warning
    @(119.6000 mm, 106.1500 mm): U7 的 线段, 位于 B.Silkscreen
    @(119.7750 mm, 104.6000 mm): B.Cu 上 U7 的焊盘 5 [/I2C_SCL]
[silk_over_copper]: Silkscreen clipped by solder mask
    Local override; warning
    @(119.6000 mm, 106.1500 mm): U7 的 线段, 位于 B.Silkscreen
    @(119.7750 mm, 105.0000 mm): B.Cu 上 U7 的焊盘 6 [/VBAT_SENSE]
[silk_over_copper]: Silkscreen clipped by solder mask
    Local override; warning
    @(122.4000 mm, 101.8500 mm): U7 的 线段, 位于 B.Silkscreen
    @(122.2250 mm, 105.0000 mm): B.Cu 上 U7 的焊盘 7 [/GAUGE_SRN]
[silk_over_copper]: Silkscreen clipped by solder mask
    Local override; warning
    @(122.4000 mm, 101.8500 mm): U7 的 线段, 位于 B.Silkscreen
    @(122.2250 mm, 104.6000 mm): B.Cu 上 U7 的焊盘 8 [unconnected-(U7-NC-Pad8)]
[silk_over_copper]: Silkscreen clipped by solder mask
    Local override; warning
    @(122.4000 mm, 101.8500 mm): U7 的 线段, 位于 B.Silkscreen
    @(122.2250 mm, 104.2000 mm): B.Cu 上 U7 的焊盘 9 [/GAUGE_BIN]
[silk_over_copper]: Silkscreen clipped by solder mask
    Local override; warning
    @(122.4000 mm, 101.8500 mm): U7 的 线段, 位于 B.Silkscreen
    @(122.2250 mm, 103.8000 mm): B.Cu 上 U7 的焊盘 10 [unconnected-(U7-NC-Pad10)]
[silk_over_copper]: Silkscreen clipped by solder mask
    Local override; warning
    @(122.4000 mm, 101.8500 mm): U7 的 线段, 位于 B.Silkscreen
    @(122.2250 mm, 103.4000 mm): B.Cu 上 U7 的焊盘 11 [/GAUGE_SRP]
[silk_over_copper]: Silkscreen clipped by solder mask
    Local override; warning
    @(122.4000 mm, 101.8500 mm): U7 的 线段, 位于 B.Silkscreen
    @(122.2250 mm, 103.0000 mm): B.Cu 上 U7 的焊盘 12 [/GAUGE_INT_N]
[silk_over_copper]: Silkscreen clipped by solder mask
    Local override; warning
    @(114.0000 mm, 57.7700 mm): C31 的参考字段
    @(113.2250 mm, 57.0000 mm): B.Cu 上 C30 的焊盘 1 [/+5V_LCD]
[silk_over_copper]: Silkscreen clipped by solder mask
    Local override; warning
    @(114.0000 mm, 57.7700 mm): C31 的参考字段
    @(114.7750 mm, 57.0000 mm): B.Cu 上 C30 的焊盘 2 [/GND]
[silk_over_copper]: Silkscreen clipped by solder mask
    Local override; warning
    @(135.0000 mm, 103.9700 mm): R5 的参考字段
    @(135.8250 mm, 103.2000 mm): B.Cu 上 R4 的焊盘 2 [/GND]
[silk_over_copper]: Silkscreen clipped by solder mask
    Local override; warning
    @(135.0000 mm, 101.7700 mm): R4 的参考字段
    @(134.1750 mm, 101.0000 mm): B.Cu 上 R3 的焊盘 1 [/ILIM_SET]
[silk_over_copper]: Silkscreen clipped by solder mask
    Local override; warning
    @(135.0000 mm, 101.7700 mm): R4 的参考字段
    @(135.8250 mm, 101.0000 mm): B.Cu 上 R3 的焊盘 2 [/GND]
[silk_over_copper]: Silkscreen clipped by solder mask
    Local override; warning
    @(137.6000 mm, 103.9700 mm): C1 的参考字段
    @(136.7750 mm, 103.2000 mm): B.Cu 上 R7 的焊盘 1 [/BAT_TS]
[silk_over_copper]: Silkscreen clipped by solder mask
    Local override; warning
    @(137.6000 mm, 103.9700 mm): C1 的参考字段
    @(138.4250 mm, 103.2000 mm): B.Cu 上 R7 的焊盘 2 [/GND]
[silk_over_copper]: Silkscreen clipped by solder mask
    Local override; warning
    @(140.2000 mm, 101.7700 mm): C3 的参考字段
    @(139.4250 mm, 101.0000 mm): B.Cu 上 C2 的焊盘 1 [/VSYS]
[silk_over_copper]: Silkscreen clipped by solder mask
    Local override; warning
    @(140.2000 mm, 101.7700 mm): C3 的参考字段
    @(140.9750 mm, 101.0000 mm): B.Cu 上 C2 的焊盘 2 [/GND]
[silk_over_copper]: Silkscreen clipped by solder mask
    Local override; warning
    @(141.3900 mm, 101.8650 mm): U2 的 线段, 位于 B.Silkscreen
    @(140.9750 mm, 101.0000 mm): B.Cu 上 C2 的焊盘 2 [/GND]
[silk_over_copper]: Silkscreen clipped by solder mask
    Local override; warning
    @(141.3900 mm, 101.3900 mm): U2 的 线段, 位于 B.Silkscreen
    @(140.9750 mm, 101.0000 mm): B.Cu 上 C2 的焊盘 2 [/GND]
[silk_over_copper]: Silkscreen clipped by solder mask
    Local override; warning
    @(123.6000 mm, 93.9700 mm): C13 的参考字段
    @(124.3750 mm, 93.2000 mm): B.Cu 上 C12 的焊盘 2 [/GND]
[silk_over_copper]: Silkscreen clipped by solder mask
    Local override; warning
    @(123.6000 mm, 91.7700 mm): C12 的参考字段
    @(122.8250 mm, 91.0000 mm): B.Cu 上 C11 的焊盘 1 [/VSYS]
[silk_over_copper]: Silkscreen clipped by solder mask
    Local override; warning
    @(123.6000 mm, 91.7700 mm): C12 的参考字段
    @(124.3750 mm, 91.0000 mm): B.Cu 上 C11 的焊盘 2 [/GND]
[silk_over_copper]: Silkscreen clipped by solder mask
    Local override; warning
    @(121.0000 mm, 91.7700 mm): R11 的参考字段
    @(120.1750 mm, 91.0000 mm): B.Cu 上 R10 的焊盘 1 [/+3V3_MAIN]
[silk_over_copper]: Silkscreen clipped by solder mask
    Local override; warning
    @(121.0000 mm, 91.7700 mm): R11 的参考字段
    @(121.8250 mm, 91.0000 mm): B.Cu 上 R10 的焊盘 2 [/FB_3V3]
[silk_over_copper]: Silkscreen clipped by solder mask
    Local override; warning
    @(112.0000 mm, 101.7700 mm): R71 的参考字段
    @(111.1750 mm, 101.0000 mm): B.Cu 上 R70 的焊盘 1 [/I2C_SDA]
[silk_over_copper]: Silkscreen clipped by solder mask
    Local override; warning
    @(104.0000 mm, 108.7700 mm): R2 的参考字段
    @(103.6800 mm, 108.8950 mm): J1 的PTH 焊盘 SH [<no net>]
[silk_over_copper]: Silkscreen clipped by solder mask
    Local override; warning
    @(104.0000 mm, 108.7700 mm): R2 的参考字段
    @(103.1750 mm, 108.0000 mm): B.Cu 上 R1 的焊盘 1 [/CC1]
[silk_over_copper]: Silkscreen clipped by solder mask
    Local override; warning
    @(104.0000 mm, 108.7700 mm): R2 的参考字段
    @(104.8250 mm, 108.0000 mm): B.Cu 上 R1 的焊盘 2 [/GND]
[silk_over_copper]: Silkscreen clipped by solder mask
    Local override; warning
    @(104.0000 mm, 108.7700 mm): R2 的参考字段
    @(105.1100 mm, 109.3950 mm): J1 的 NPTH 焊盘
[silk_over_copper]: Silkscreen clipped by solder mask
    Local override; warning
    @(103.7627 mm, 109.6775 mm): R2 的 线段, 位于 B.Silkscreen
    @(103.6800 mm, 108.8950 mm): J1 的PTH 焊盘 SH [<no net>]
[silk_over_copper]: Silkscreen clipped by solder mask
    Local override; warning
    @(103.7627 mm, 108.5225 mm): R1 的 线段, 位于 B.Silkscreen
    @(103.6800 mm, 108.8950 mm): J1 的PTH 焊盘 SH [<no net>]
[silk_over_copper]: Silkscreen clipped by solder mask
    Local override; warning
    @(112.0000 mm, 103.9700 mm): R72 的参考字段
    @(112.8250 mm, 103.2000 mm): B.Cu 上 R71 的焊盘 2 [/+3V3_MAIN]
[silk_over_copper]: Silkscreen clipped by solder mask
    Local override; warning
    @(112.0000 mm, 103.9700 mm): R72 的参考字段
    @(111.1750 mm, 103.2000 mm): B.Cu 上 R71 的焊盘 1 [/I2C_SCL]
[silk_over_copper]: Silkscreen clipped by solder mask
    Local override; warning
    @(91.0000 mm, 101.5500 mm): SW4 的参考字段
    @(91.7750 mm, 101.2000 mm): B.Cu 上 C80 的焊盘 2 [/GND]
[silk_over_copper]: Silkscreen clipped by solder mask
    Local override; warning
    @(91.0000 mm, 101.5500 mm): SW4 的参考字段
    @(90.2250 mm, 101.2000 mm): B.Cu 上 C80 的焊盘 1 [/ESP_EN]
[silk_over_copper]: Silkscreen clipped by solder mask
    Local override; warning
    @(91.0000 mm, 99.7700 mm): C80 的参考字段
    @(91.8250 mm, 99.0000 mm): B.Cu 上 R80 的焊盘 2 [/ESP_EN]
[silk_over_copper]: Silkscreen clipped by solder mask
    Local override; warning
    @(91.0000 mm, 99.7700 mm): C80 的参考字段
    @(90.1750 mm, 99.0000 mm): B.Cu 上 R80 的焊盘 1 [/+3V3_MAIN]
[silk_over_copper]: Silkscreen clipped by solder mask
    Local override; warning
    @(69.0000 mm, 98.7700 mm): C50 的参考字段
    @(69.8250 mm, 98.0000 mm): B.Cu 上 R41 的焊盘 2 [/+3V3_MAIN]
[silk_over_copper]: Silkscreen clipped by solder mask
    Local override; warning
    @(69.0000 mm, 100.9700 mm): C51 的参考字段
    @(69.7750 mm, 100.2000 mm): B.Cu 上 C50 的焊盘 2 [/GND]
[silk_over_copper]: Silkscreen clipped by solder mask
    Local override; warning
    @(64.0000 mm, 58.7700 mm): C40 的参考字段
    @(64.8250 mm, 58.0000 mm): B.Cu 上 R40 的焊盘 2 [/PDM_DATA]
[silk_over_copper]: Silkscreen clipped by solder mask
    Local override; warning
    @(69.0000 mm, 98.7700 mm): C50 的参考字段
    @(68.1750 mm, 98.0000 mm): B.Cu 上 R41 的焊盘 1 [/AMP_EN]
[silk_over_copper]: Silkscreen clipped by solder mask
    Local override; warning
    @(69.0000 mm, 100.9700 mm): C51 的参考字段
    @(68.2250 mm, 100.2000 mm): B.Cu 上 C50 的焊盘 1 [/+5V_AUDIO]
[silk_over_copper]: Silkscreen clipped by solder mask
    Local override; warning
    @(64.0000 mm, 58.7700 mm): C40 的参考字段
    @(63.1750 mm, 58.0000 mm): B.Cu 上 R40 的焊盘 1 [/PDM_DATA_RAW]
[nonmirrored_text_on_back_layer]: Non-Mirrored text on back layer
    Local override; warning
    @(101.0000 mm, 102.6000 mm): U8 的参考字段
[nonmirrored_text_on_back_layer]: Non-Mirrored text on back layer
    Local override; warning
    @(101.0000 mm, 107.4000 mm): U8 的值字段 (USBLC6-2SC6)
[nonmirrored_text_on_back_layer]: Non-Mirrored text on back layer
    Local override; warning
    @(101.0000 mm, 105.0000 mm): U8 的封装文本 (U8),
[nonmirrored_text_on_back_layer]: Non-Mirrored text on back layer
    Local override; warning
    @(137.0000 mm, 89.5700 mm): FB1 的参考字段
[nonmirrored_text_on_back_layer]: Non-Mirrored text on back layer
    Local override; warning
    @(137.0000 mm, 92.4300 mm): FB1 的值字段 (600R@100MHz)
[nonmirrored_text_on_back_layer]: Non-Mirrored text on back layer
    Local override; warning
    @(137.0000 mm, 91.0000 mm): FB1 的封装文本 (FB1),
[nonmirrored_text_on_back_layer]: Non-Mirrored text on back layer
    Local override; warning
    @(135.0000 mm, 103.9700 mm): R5 的参考字段
[nonmirrored_text_on_back_layer]: Non-Mirrored text on back layer
    Local override; warning
    @(135.0000 mm, 106.8300 mm): R5 的值字段 (1.5k)
[nonmirrored_text_on_back_layer]: Non-Mirrored text on back layer
    Local override; warning
    @(135.0000 mm, 105.4000 mm): R5 的封装文本 (R5),
[nonmirrored_text_on_back_layer]: Non-Mirrored text on back layer
    Local override; warning
    @(112.0000 mm, 101.7700 mm): R71 的参考字段
[nonmirrored_text_on_back_layer]: Non-Mirrored text on back layer
    Local override; warning
    @(112.0000 mm, 104.6300 mm): R71 的值字段 (4.7k)
[nonmirrored_text_on_back_layer]: Non-Mirrored text on back layer
    Local override; warning
    @(112.0000 mm, 103.2000 mm): R71 的封装文本 (R71),
[nonmirrored_text_on_back_layer]: Non-Mirrored text on back layer
    Local override; warning
    @(96.5000 mm, 101.5500 mm): SW5 的参考字段
[nonmirrored_text_on_back_layer]: Non-Mirrored text on back layer
    Local override; warning
    @(96.5000 mm, 106.5500 mm): SW5 的值字段 (BOOT)
[nonmirrored_text_on_back_layer]: Non-Mirrored text on back layer
    Local override; warning
    @(96.5000 mm, 101.5500 mm): SW5 的封装文本 (SW5),
[nonmirrored_text_on_back_layer]: Non-Mirrored text on back layer
    Local override; warning
    @(137.6000 mm, 101.7700 mm): R7 的参考字段
[nonmirrored_text_on_back_layer]: Non-Mirrored text on back layer
    Local override; warning
    @(137.6000 mm, 104.6300 mm): R7 的值字段 (10k)
[nonmirrored_text_on_back_layer]: Non-Mirrored text on back layer
    Local override; warning
    @(137.6000 mm, 103.2000 mm): R7 的封装文本 (R7),
[nonmirrored_text_on_back_layer]: Non-Mirrored text on back layer
    Local override; warning
    @(123.6000 mm, 93.9700 mm): C13 的参考字段
[nonmirrored_text_on_back_layer]: Non-Mirrored text on back layer
    Local override; warning
    @(123.6000 mm, 96.8300 mm): C13 的值字段 (22uF)
[nonmirrored_text_on_back_layer]: Non-Mirrored text on back layer
    Local override; warning
    @(123.6000 mm, 95.4000 mm): C13 的封装文本 (C13),
[nonmirrored_text_on_back_layer]: Non-Mirrored text on back layer
    Local override; warning
    @(140.5000 mm, 80.4000 mm): U1 的参考字段
[nonmirrored_text_on_back_layer]: Non-Mirrored text on back layer
    Local override; warning
    @(151.0000 mm, 83.6000 mm): U1 的值字段 (ESP32-S3-WROOM-1-N16R8)
[nonmirrored_text_on_back_layer]: Non-Mirrored text on back layer
    Local override; warning
    @(151.0000 mm, 68.4000 mm): U1 的封装文本 (U1),
[nonmirrored_text_on_back_layer]: Non-Mirrored text on back layer
    Local override; warning
    @(126.2000 mm, 89.5700 mm): C14 的参考字段
[nonmirrored_text_on_back_layer]: Non-Mirrored text on back layer
    Local override; warning
    @(126.2000 mm, 92.4300 mm): C14 的值字段 (100nF)
[nonmirrored_text_on_back_layer]: Non-Mirrored text on back layer
    Local override; warning
    @(126.2000 mm, 91.0000 mm): C14 的封装文本 (C14),
[nonmirrored_text_on_back_layer]: Non-Mirrored text on back layer
    Local override; warning
    @(135.0000 mm, 101.7700 mm): R4 的参考字段
[nonmirrored_text_on_back_layer]: Non-Mirrored text on back layer
    Local override; warning
    @(135.0000 mm, 104.6300 mm): R4 的值字段 (1.18k)
[nonmirrored_text_on_back_layer]: Non-Mirrored text on back layer
    Local override; warning
    @(135.0000 mm, 103.2000 mm): R4 的封装文本 (R4),
[nonmirrored_text_on_back_layer]: Non-Mirrored text on back layer
    Local override; warning
    @(132.0000 mm, 91.7200 mm): L1 的参考字段
[nonmirrored_text_on_back_layer]: Non-Mirrored text on back layer
    Local override; warning
    @(132.0000 mm, 96.2800 mm): L1 的值字段 (1.2uH Isat>=4.5A)
[nonmirrored_text_on_back_layer]: Non-Mirrored text on back layer
    Local override; warning
    @(132.0000 mm, 94.0000 mm): L1 的封装文本 (L1),
[nonmirrored_text_on_back_layer]: Non-Mirrored text on back layer
    Local override; warning
    @(64.0000 mm, 56.5700 mm): R40 的参考字段
[nonmirrored_text_on_back_layer]: Non-Mirrored text on back layer
    Local override; warning
    @(64.0000 mm, 59.4300 mm): R40 的值字段 (100R)
[nonmirrored_text_on_back_layer]: Non-Mirrored text on back layer
    Local override; warning
    @(64.0000 mm, 58.0000 mm): R40 的封装文本 (R40),
[nonmirrored_text_on_back_layer]: Non-Mirrored text on back layer
    Local override; warning
    @(140.2000 mm, 99.5700 mm): C2 的参考字段
[nonmirrored_text_on_back_layer]: Non-Mirrored text on back layer
    Local override; warning
    @(140.2000 mm, 102.4300 mm): C2 的值字段 (10uF)
[nonmirrored_text_on_back_layer]: Non-Mirrored text on back layer
    Local override; warning
    @(140.2000 mm, 101.0000 mm): C2 的封装文本 (C2),
[nonmirrored_text_on_back_layer]: Non-Mirrored text on back layer
    Local override; warning
    @(123.6000 mm, 89.5700 mm): C11 的参考字段
[nonmirrored_text_on_back_layer]: Non-Mirrored text on back layer
    Local override; warning
    @(123.6000 mm, 92.4300 mm): C11 的值字段 (10uF)
[nonmirrored_text_on_back_layer]: Non-Mirrored text on back layer
    Local override; warning
    @(123.6000 mm, 91.0000 mm): C11 的封装文本 (C11),
[nonmirrored_text_on_back_layer]: Non-Mirrored text on back layer
    Local override; warning
    @(104.0000 mm, 108.7700 mm): R2 的参考字段
[nonmirrored_text_on_back_layer]: Non-Mirrored text on back layer
    Local override; warning
    @(104.0000 mm, 111.6300 mm): R2 的值字段 (5.1k)
[nonmirrored_text_on_back_layer]: Non-Mirrored text on back layer
    Local override; warning
    @(104.0000 mm, 110.2000 mm): R2 的封装文本 (R2),
[nonmirrored_text_on_back_layer]: Non-Mirrored text on back layer
    Local override; warning
    @(142.6000 mm, 85.7700 mm): C22 的参考字段
[nonmirrored_text_on_back_layer]: Non-Mirrored text on back layer
    Local override; warning
    @(142.6000 mm, 88.6300 mm): C22 的值字段 (22uF)
[nonmirrored_text_on_back_layer]: Non-Mirrored text on back layer
    Local override; warning
    @(142.6000 mm, 87.2000 mm): C22 的封装文本 (C22),
[nonmirrored_text_on_back_layer]: Non-Mirrored text on back layer
    Local override; warning
    @(114.6000 mm, 99.5700 mm): R73 的参考字段
[nonmirrored_text_on_back_layer]: Non-Mirrored text on back layer
    Local override; warning
    @(114.6000 mm, 102.4300 mm): R73 的值字段 (0.01R 1%)
[nonmirrored_text_on_back_layer]: Non-Mirrored text on back layer
    Local override; warning
    @(114.6000 mm, 101.0000 mm): R73 的封装文本 (R73),
[nonmirrored_text_on_back_layer]: Non-Mirrored text on back layer
    Local override; warning
    @(91.0000 mm, 99.7700 mm): C80 的参考字段
[nonmirrored_text_on_back_layer]: Non-Mirrored text on back layer
    Local override; warning
    @(91.0000 mm, 102.6300 mm): C80 的值字段 (1uF)
[nonmirrored_text_on_back_layer]: Non-Mirrored text on back layer
    Local override; warning
    @(91.0000 mm, 101.2000 mm): C80 的封装文本 (C80),
[nonmirrored_text_on_back_layer]: Non-Mirrored text on back layer
    Local override; warning
    @(91.0000 mm, 101.5500 mm): SW4 的参考字段
[nonmirrored_text_on_back_layer]: Non-Mirrored text on back layer
    Local override; warning
    @(91.0000 mm, 106.5500 mm): SW4 的值字段 (RESET)
[nonmirrored_text_on_back_layer]: Non-Mirrored text on back layer
    Local override; warning
    @(91.0000 mm, 101.5500 mm): SW4 的封装文本 (SW4),
[nonmirrored_text_on_back_layer]: Non-Mirrored text on back layer
    Local override; warning
    @(112.0000 mm, 99.5700 mm): R70 的参考字段
[nonmirrored_text_on_back_layer]: Non-Mirrored text on back layer
    Local override; warning
    @(112.0000 mm, 102.4300 mm): R70 的值字段 (4.7k)
[nonmirrored_text_on_back_layer]: Non-Mirrored text on back layer
    Local override; warning
    @(112.0000 mm, 101.0000 mm): R70 的封装文本 (R70),
[nonmirrored_text_on_back_layer]: Non-Mirrored text on back layer
    Local override; warning
    @(82.0000 mm, 100.5500 mm): J4 的参考字段
[nonmirrored_text_on_back_layer]: Non-Mirrored text on back layer
    Local override; warning
    @(82.0000 mm, 110.4500 mm): J4 的值字段 (LiPo 1S)
[nonmirrored_text_on_back_layer]: Non-Mirrored text on back layer
    Local override; warning
    @(82.0000 mm, 105.0000 mm): J4 的封装文本 (J4),
[nonmirrored_text_on_back_layer]: Non-Mirrored text on back layer
    Local override; warning
    @(112.0000 mm, 103.9700 mm): R72 的参考字段
[nonmirrored_text_on_back_layer]: Non-Mirrored text on back layer
    Local override; warning
    @(112.0000 mm, 106.8300 mm): R72 的值字段 (10k)
[nonmirrored_text_on_back_layer]: Non-Mirrored text on back layer
    Local override; warning
    @(112.0000 mm, 105.4000 mm): R72 的封装文本 (R72),
[nonmirrored_text_on_back_layer]: Non-Mirrored text on back layer
    Local override; warning
    @(121.0000 mm, 89.5700 mm): R10 的参考字段
[nonmirrored_text_on_back_layer]: Non-Mirrored text on back layer
    Local override; warning
    @(121.0000 mm, 92.4300 mm): R10 的值字段 (470k)
[nonmirrored_text_on_back_layer]: Non-Mirrored text on back layer
    Local override; warning
    @(121.0000 mm, 91.0000 mm): R10 的封装文本 (R10),
[nonmirrored_text_on_back_layer]: Non-Mirrored text on back layer
    Local override; warning
    @(91.0000 mm, 97.5700 mm): R80 的参考字段
[nonmirrored_text_on_back_layer]: Non-Mirrored text on back layer
    Local override; warning
    @(91.0000 mm, 100.4300 mm): R80 的值字段 (10k)
[nonmirrored_text_on_back_layer]: Non-Mirrored text on back layer
    Local override; warning
    @(91.0000 mm, 99.0000 mm): R80 的封装文本 (R80),
[nonmirrored_text_on_back_layer]: Non-Mirrored text on back layer
    Local override; warning
    @(146.0000 mm, 85.0000 mm): U4 的参考字段
[nonmirrored_text_on_back_layer]: Non-Mirrored text on back layer
    Local override; warning
    @(146.0000 mm, 91.0000 mm): U4 的值字段 (TPS61023DRLR)
[nonmirrored_text_on_back_layer]: Non-Mirrored text on back layer
    Local override; warning
    @(69.0000 mm, 98.7700 mm): C50 的参考字段
[nonmirrored_text_on_back_layer]: Non-Mirrored text on back layer
    Local override; warning
    @(69.0000 mm, 101.6300 mm): C50 的值字段 (10uF)
[nonmirrored_text_on_back_layer]: Non-Mirrored text on back layer
    Local override; warning
    @(69.0000 mm, 100.2000 mm): C50 的封装文本 (C50),
[nonmirrored_text_on_back_layer]: Non-Mirrored text on back layer
    Local override; warning
    @(114.6000 mm, 101.7700 mm): C70 的参考字段
[nonmirrored_text_on_back_layer]: Non-Mirrored text on back layer
    Local override; warning
    @(114.6000 mm, 104.6300 mm): C70 的值字段 (1uF)
[nonmirrored_text_on_back_layer]: Non-Mirrored text on back layer
    Local override; warning
    @(114.6000 mm, 103.2000 mm): C70 的封装文本 (C70),
[nonmirrored_text_on_back_layer]: Non-Mirrored text on back layer
    Local override; warning
    @(58.0000 mm, 100.5500 mm): J5 的参考字段
[nonmirrored_text_on_back_layer]: Non-Mirrored text on back layer
    Local override; warning
    @(58.0000 mm, 110.4500 mm): J5 的值字段 (Speaker 8R 1-2W)
[nonmirrored_text_on_back_layer]: Non-Mirrored text on back layer
    Local override; warning
    @(58.0000 mm, 105.0000 mm): J5 的封装文本 (J5),
[nonmirrored_text_on_back_layer]: Non-Mirrored text on back layer
    Local override; warning
    @(140.0000 mm, 83.5700 mm): R20 的参考字段
[nonmirrored_text_on_back_layer]: Non-Mirrored text on back layer
    Local override; warning
    @(140.0000 mm, 86.4300 mm): R20 的值字段 (732k)
[nonmirrored_text_on_back_layer]: Non-Mirrored text on back layer
    Local override; warning
    @(140.0000 mm, 85.0000 mm): R20 的封装文本 (R20),
[nonmirrored_text_on_back_layer]: Non-Mirrored text on back layer
    Local override; warning
    @(128.0000 mm, 91.0000 mm): U3 的参考字段
[nonmirrored_text_on_back_layer]: Non-Mirrored text on back layer
    Local override; warning
    @(128.0000 mm, 97.0000 mm): U3 的值字段 (TPS63070RNMR)
[nonmirrored_text_on_back_layer]: Non-Mirrored text on back layer
    Local override; warning
    @(64.0000 mm, 58.7700 mm): C40 的参考字段
[nonmirrored_text_on_back_layer]: Non-Mirrored text on back layer
    Local override; warning
    @(64.0000 mm, 61.6300 mm): C40 的值字段 (100nF)
[nonmirrored_text_on_back_layer]: Non-Mirrored text on back layer
    Local override; warning
    @(64.0000 mm, 60.2000 mm): C40 的封装文本 (C40),
[nonmirrored_text_on_back_layer]: Non-Mirrored text on back layer
    Local override; warning
    @(142.6000 mm, 83.5700 mm): C21 的参考字段
[nonmirrored_text_on_back_layer]: Non-Mirrored text on back layer
    Local override; warning
    @(142.6000 mm, 86.4300 mm): C21 的值字段 (22uF)
[nonmirrored_text_on_back_layer]: Non-Mirrored text on back layer
    Local override; warning
    @(142.6000 mm, 85.0000 mm): C21 的封装文本 (C21),
[nonmirrored_text_on_back_layer]: Non-Mirrored text on back layer
    Local override; warning
    @(121.0000 mm, 93.9700 mm): C10 的参考字段
[nonmirrored_text_on_back_layer]: Non-Mirrored text on back layer
    Local override; warning
    @(121.0000 mm, 96.8300 mm): C10 的值字段 (10uF)
[nonmirrored_text_on_back_layer]: Non-Mirrored text on back layer
    Local override; warning
    @(121.0000 mm, 95.4000 mm): C10 的封装文本 (C10),
[nonmirrored_text_on_back_layer]: Non-Mirrored text on back layer
    Local override; warning
    @(137.6000 mm, 103.9700 mm): C1 的参考字段
[nonmirrored_text_on_back_layer]: Non-Mirrored text on back layer
    Local override; warning
    @(137.6000 mm, 106.8300 mm): C1 的值字段 (10uF)
[nonmirrored_text_on_back_layer]: Non-Mirrored text on back layer
    Local override; warning
    @(137.6000 mm, 105.4000 mm): C1 的封装文本 (C1),
[nonmirrored_text_on_back_layer]: Non-Mirrored text on back layer
    Local override; warning
    @(114.0000 mm, 55.5700 mm): C30 的参考字段
[nonmirrored_text_on_back_layer]: Non-Mirrored text on back layer
    Local override; warning
    @(114.0000 mm, 58.4300 mm): C30 的值字段 (1uF)
[nonmirrored_text_on_back_layer]: Non-Mirrored text on back layer
    Local override; warning
    @(114.0000 mm, 57.0000 mm): C30 的封装文本 (C30),
[nonmirrored_text_on_back_layer]: Non-Mirrored text on back layer
    Local override; warning
    @(140.2000 mm, 101.7700 mm): C3 的参考字段
[nonmirrored_text_on_back_layer]: Non-Mirrored text on back layer
    Local override; warning
    @(140.2000 mm, 104.6300 mm): C3 的值字段 (10uF)
[nonmirrored_text_on_back_layer]: Non-Mirrored text on back layer
    Local override; warning
    @(140.2000 mm, 103.2000 mm): C3 的封装文本 (C3),
[nonmirrored_text_on_back_layer]: Non-Mirrored text on back layer
    Local override; warning
    @(150.0000 mm, 85.7200 mm): L2 的参考字段
[nonmirrored_text_on_back_layer]: Non-Mirrored text on back layer
    Local override; warning
    @(150.0000 mm, 90.2800 mm): L2 的值字段 (1uH Isat>=4.5A)
[nonmirrored_text_on_back_layer]: Non-Mirrored text on back layer
    Local override; warning
    @(150.0000 mm, 88.0000 mm): L2 的封装文本 (L2),
[nonmirrored_text_on_back_layer]: Non-Mirrored text on back layer
    Local override; warning
    @(69.0000 mm, 96.5700 mm): R41 的参考字段
[nonmirrored_text_on_back_layer]: Non-Mirrored text on back layer
    Local override; warning
    @(69.0000 mm, 99.4300 mm): R41 的值字段 (100k)
[nonmirrored_text_on_back_layer]: Non-Mirrored text on back layer
    Local override; warning
    @(69.0000 mm, 98.0000 mm): R41 的封装文本 (R41),
[nonmirrored_text_on_back_layer]: Non-Mirrored text on back layer
    Local override; warning
    @(140.0000 mm, 87.9700 mm): C20 的参考字段
[nonmirrored_text_on_back_layer]: Non-Mirrored text on back layer
    Local override; warning
    @(140.0000 mm, 90.8300 mm): C20 的值字段 (10uF)
[nonmirrored_text_on_back_layer]: Non-Mirrored text on back layer
    Local override; warning
    @(140.0000 mm, 89.4000 mm): C20 的封装文本 (C20),
[nonmirrored_text_on_back_layer]: Non-Mirrored text on back layer
    Local override; warning
    @(133.0000 mm, 89.5700 mm): FB2 的参考字段
[nonmirrored_text_on_back_layer]: Non-Mirrored text on back layer
    Local override; warning
    @(133.0000 mm, 92.4300 mm): FB2 的值字段 (600R@100MHz)
[nonmirrored_text_on_back_layer]: Non-Mirrored text on back layer
    Local override; warning
    @(133.0000 mm, 91.0000 mm): FB2 的封装文本 (FB2),
[nonmirrored_text_on_back_layer]: Non-Mirrored text on back layer
    Local override; warning
    @(140.0000 mm, 85.7700 mm): R21 的参考字段
[nonmirrored_text_on_back_layer]: Non-Mirrored text on back layer
    Local override; warning
    @(140.0000 mm, 88.6300 mm): R21 的值字段 (100k)
[nonmirrored_text_on_back_layer]: Non-Mirrored text on back layer
    Local override; warning
    @(140.0000 mm, 87.2000 mm): R21 的封装文本 (R21),
[nonmirrored_text_on_back_layer]: Non-Mirrored text on back layer
    Local override; warning
    @(104.0000 mm, 106.5700 mm): R1 的参考字段
[nonmirrored_text_on_back_layer]: Non-Mirrored text on back layer
    Local override; warning
    @(104.0000 mm, 109.4300 mm): R1 的值字段 (5.1k)
[nonmirrored_text_on_back_layer]: Non-Mirrored text on back layer
    Local override; warning
    @(104.0000 mm, 108.0000 mm): R1 的封装文本 (R1),
[nonmirrored_text_on_back_layer]: Non-Mirrored text on back layer
    Local override; warning
    @(114.0000 mm, 57.7700 mm): C31 的参考字段
[nonmirrored_text_on_back_layer]: Non-Mirrored text on back layer
    Local override; warning
    @(114.0000 mm, 60.6300 mm): C31 的值字段 (100nF)
[nonmirrored_text_on_back_layer]: Non-Mirrored text on back layer
    Local override; warning
    @(114.0000 mm, 59.2000 mm): C31 的封装文本 (C31),
[nonmirrored_text_on_back_layer]: Non-Mirrored text on back layer
    Local override; warning
    @(69.0000 mm, 100.9700 mm): C51 的参考字段
[nonmirrored_text_on_back_layer]: Non-Mirrored text on back layer
    Local override; warning
    @(69.0000 mm, 103.8300 mm): C51 的值字段 (100nF)
[nonmirrored_text_on_back_layer]: Non-Mirrored text on back layer
    Local override; warning
    @(69.0000 mm, 102.4000 mm): C51 的封装文本 (C51),
[nonmirrored_text_on_back_layer]: Non-Mirrored text on back layer
    Local override; warning
    @(135.0000 mm, 99.5700 mm): R3 的参考字段
[nonmirrored_text_on_back_layer]: Non-Mirrored text on back layer
    Local override; warning
    @(135.0000 mm, 102.4300 mm): R3 的值字段 (1.5k)
[nonmirrored_text_on_back_layer]: Non-Mirrored text on back layer
    Local override; warning
    @(135.0000 mm, 101.0000 mm): R3 的封装文本 (R3),
[nonmirrored_text_on_back_layer]: Non-Mirrored text on back layer
    Local override; warning
    @(123.6000 mm, 91.7700 mm): C12 的参考字段
[nonmirrored_text_on_back_layer]: Non-Mirrored text on back layer
    Local override; warning
    @(123.6000 mm, 94.6300 mm): C12 的值字段 (22uF)
[nonmirrored_text_on_back_layer]: Non-Mirrored text on back layer
    Local override; warning
    @(123.6000 mm, 93.2000 mm): C12 的封装文本 (C12),
[nonmirrored_text_on_back_layer]: Non-Mirrored text on back layer
    Local override; warning
    @(143.0000 mm, 100.1700 mm): U2 的参考字段
[nonmirrored_text_on_back_layer]: Non-Mirrored text on back layer
    Local override; warning
    @(143.0000 mm, 105.8300 mm): U2 的值字段 (BQ24074RGTR)
[nonmirrored_text_on_back_layer]: Non-Mirrored text on back layer
    Local override; warning
    @(143.0000 mm, 103.0000 mm): U2 的封装文本 (U2),
[nonmirrored_text_on_back_layer]: Non-Mirrored text on back layer
    Local override; warning
    @(121.0000 mm, 91.7700 mm): R11 的参考字段
[nonmirrored_text_on_back_layer]: Non-Mirrored text on back layer
    Local override; warning
    @(121.0000 mm, 94.6300 mm): R11 的值字段 (150k)
[nonmirrored_text_on_back_layer]: Non-Mirrored text on back layer
    Local override; warning
    @(121.0000 mm, 93.2000 mm): R11 的封装文本 (R11),
[nonmirrored_text_on_back_layer]: Non-Mirrored text on back layer
    Local override; warning
    @(137.6000 mm, 99.5700 mm): R6 的参考字段
[nonmirrored_text_on_back_layer]: Non-Mirrored text on back layer
    Local override; warning
    @(137.6000 mm, 102.4300 mm): R6 的值字段 (47k)
[nonmirrored_text_on_back_layer]: Non-Mirrored text on back layer
    Local override; warning
    @(137.6000 mm, 101.0000 mm): R6 的封装文本 (R6),
[nonmirrored_text_on_back_layer]: Non-Mirrored text on back layer
    Local override; warning
    @(121.0000 mm, 101.0000 mm): U7 的参考字段
[nonmirrored_text_on_back_layer]: Non-Mirrored text on back layer
    Local override; warning
    @(121.0000 mm, 107.0000 mm): U7 的值字段 (BQ27441DRZR-G1A)
[nonmirrored_text_on_back_layer]: Non-Mirrored text on back layer
    Local override; warning
    @(64.0000 mm, 91.2000 mm): U5 的参考字段
[nonmirrored_text_on_back_layer]: Non-Mirrored text on back layer
    Local override; warning
    @(64.0000 mm, 96.8000 mm): U5 的值字段 (MAX98357AETE+T)
[nonmirrored_text_on_back_layer]: Non-Mirrored text on back layer
    Local override; warning
    @(64.0000 mm, 94.0000 mm): U5 的封装文本 (U5),

** Found 173 unconnected pads **
[unconnected_items]: Missing connection between items
    Local override; error
    @(49.7500 mm, 94.5000 mm): F.Cu 上 SW1 的焊盘 1 [/RUN_EN]
    @(128.5250 mm, 93.8500 mm): B.Cu 上 U3 的焊盘 14 [/RUN_EN]
[unconnected_items]: Missing connection between items
    Local override; error
    @(128.5250 mm, 93.8500 mm): B.Cu 上 U3 的焊盘 14 [/RUN_EN]
    @(145.2600 mm, 88.0000 mm): B.Cu 上 U4 的焊盘 2 [/RUN_EN]
[unconnected_items]: Missing connection between items
    Local override; error
    @(49.7500 mm, 92.0000 mm): F.Cu 上 SW1 的焊盘 2 [/GND]
    @(62.5625 mm, 93.7500 mm): B.Cu 上 U5 的焊盘 2 [/GND]
[unconnected_items]: Missing connection between items
    Local override; error
    @(56.6500 mm, 58.8500 mm): F.Cu 上 U6 的焊盘 5 [/GND]
    @(59.3500 mm, 58.8500 mm): F.Cu 上 U6 的焊盘 4 [/GND]
[unconnected_items]: Missing connection between items
    Local override; error
    @(57.9500 mm, 66.8000 mm): F.Cu 上 SW3 的焊盘 2 [/GND]
    @(62.0500 mm, 66.8000 mm): F.Cu 上 SW3 的焊盘 2 [/GND]
[unconnected_items]: Missing connection between items
    Local override; error
    @(62.0500 mm, 66.8000 mm): F.Cu 上 SW3 的焊盘 2 [/GND]
    @(64.7750 mm, 60.2000 mm): B.Cu 上 C40 的焊盘 2 [/GND]
[unconnected_items]: Missing connection between items
    Local override; error
    @(62.0500 mm, 66.8000 mm): F.Cu 上 SW3 的焊盘 2 [/GND]
    @(62.0500 mm, 76.8000 mm): F.Cu 上 SW2 的焊盘 2 [/GND]
[unconnected_items]: Missing connection between items
    Local override; error
    @(62.0500 mm, 76.8000 mm): F.Cu 上 SW2 的焊盘 2 [/GND]
    @(57.9500 mm, 76.8000 mm): F.Cu 上 SW2 的焊盘 2 [/GND]
[unconnected_items]: Missing connection between items
    Local override; error
    @(62.5625 mm, 93.7500 mm): B.Cu 上 U5 的焊盘 2 [/GND]
    @(62.5625 mm, 94.2500 mm): B.Cu 上 U5 的焊盘 3 [/GND]
[unconnected_items]: Missing connection between items
    Local override; error
    @(62.5625 mm, 93.7500 mm): B.Cu 上 U5 的焊盘 2 [/GND]
    @(63.6350 mm, 93.6350 mm): U5 的PTH 焊盘 17 [/GND]
[unconnected_items]: Missing connection between items
    Local override; error
    @(63.7500 mm, 92.5625 mm): B.Cu 上 U5 的焊盘 15 [/GND]
    @(63.6350 mm, 93.6350 mm): U5 的PTH 焊盘 17 [/GND]
[unconnected_items]: Missing connection between items
    Local override; error
    @(63.7500 mm, 92.5625 mm): B.Cu 上 U5 的焊盘 15 [/GND]
    @(62.0500 mm, 76.8000 mm): F.Cu 上 SW2 的焊盘 2 [/GND]
[unconnected_items]: Missing connection between items
    Local override; error
    @(64.7750 mm, 60.2000 mm): B.Cu 上 C40 的焊盘 2 [/GND]
    @(59.3500 mm, 58.8500 mm): F.Cu 上 U6 的焊盘 4 [/GND]
[unconnected_items]: Missing connection between items
    Local override; error
    @(65.4375 mm, 93.7500 mm): B.Cu 上 U5 的焊盘 11 [/GND]
    @(64.3650 mm, 93.6350 mm): U5 的PTH 焊盘 17 [/GND]
[unconnected_items]: Missing connection between items
    Local override; error
    @(69.7750 mm, 100.2000 mm): B.Cu 上 C50 的焊盘 2 [/GND]
    @(65.4375 mm, 93.7500 mm): B.Cu 上 U5 的焊盘 11 [/GND]
[unconnected_items]: Missing connection between items
    Local override; error
    @(69.7750 mm, 102.4000 mm): B.Cu 上 C51 的焊盘 2 [/GND]
    @(69.7750 mm, 100.2000 mm): B.Cu 上 C50 的焊盘 2 [/GND]
[unconnected_items]: Missing connection between items
    Local override; error
    @(69.7750 mm, 102.4000 mm): B.Cu 上 C51 的焊盘 2 [/GND]
    @(83.0000 mm, 106.5000 mm): B.Cu 上 J4 的焊盘 2 [/GND]
[unconnected_items]: Missing connection between items
    Local override; error
    @(88.9500 mm, 104.8000 mm): B.Cu 上 SW4 的焊盘 2 [/GND]
    @(93.0500 mm, 104.8000 mm): B.Cu 上 SW4 的焊盘 2 [/GND]
[unconnected_items]: Missing connection between items
    Local override; error
    @(88.9500 mm, 104.8000 mm): B.Cu 上 SW4 的焊盘 2 [/GND]
    @(83.0000 mm, 106.5000 mm): B.Cu 上 J4 的焊盘 2 [/GND]
[unconnected_items]: Missing connection between items
    Local override; error
    @(93.0500 mm, 104.8000 mm): B.Cu 上 SW4 的焊盘 2 [/GND]
    @(94.4500 mm, 104.8000 mm): B.Cu 上 SW5 的焊盘 2 [/GND]
[unconnected_items]: Missing connection between items
    Local override; error
    @(93.0500 mm, 104.8000 mm): B.Cu 上 SW4 的焊盘 2 [/GND]
    @(91.7750 mm, 101.2000 mm): B.Cu 上 C80 的焊盘 2 [/GND]
[unconnected_items]: Missing connection between items
    Local override; error
    @(98.5500 mm, 104.8000 mm): B.Cu 上 SW5 的焊盘 2 [/GND]
    @(94.4500 mm, 104.8000 mm): B.Cu 上 SW5 的焊盘 2 [/GND]
[unconnected_items]: Missing connection between items
    Local override; error
    @(99.8625 mm, 105.0000 mm): B.Cu 上 U8 的焊盘 2 [/GND]
    @(98.5500 mm, 104.8000 mm): B.Cu 上 SW5 的焊盘 2 [/GND]
[unconnected_items]: Missing connection between items
    Local override; error
    @(99.8625 mm, 105.0000 mm): B.Cu 上 U8 的焊盘 2 [/GND]
    @(104.8250 mm, 108.0000 mm): B.Cu 上 R1 的焊盘 2 [/GND]
[unconnected_items]: Missing connection between items
    Local override; error
    @(104.8000 mm, 108.2550 mm): F.Cu 上 J1 的焊盘 A1 [/GND]
    @(104.8250 mm, 110.2000 mm): B.Cu 上 R2 的焊盘 2 [/GND]
[unconnected_items]: Missing connection between items
    Local override; error
    @(104.8250 mm, 108.0000 mm): B.Cu 上 R1 的焊盘 2 [/GND]
    @(104.8000 mm, 108.2550 mm): F.Cu 上 J1 的焊盘 A1 [/GND]
[unconnected_items]: Missing connection between items
    Local override; error
    @(110.2500 mm, 52.7500 mm): F.Cu 上 J2 的焊盘 10 [/GND]
    @(109.7500 mm, 52.7500 mm): F.Cu 上 J2 的焊盘 9 [/GND]
[unconnected_items]: Missing connection between items
    Local override; error
    @(110.2500 mm, 52.7500 mm): F.Cu 上 J2 的焊盘 10 [/GND]
    @(114.7750 mm, 57.0000 mm): B.Cu 上 C30 的焊盘 2 [/GND]
[unconnected_items]: Missing connection between items
    Local override; error
    @(111.2000 mm, 108.2550 mm): F.Cu 上 J1 的焊盘 A12 [/GND]
    @(104.8250 mm, 108.0000 mm): B.Cu 上 R1 的焊盘 2 [/GND]
[unconnected_items]: Missing connection between items
    Local override; error
    @(112.8250 mm, 105.4000 mm): B.Cu 上 R72 的焊盘 2 [/GND]
    @(111.2000 mm, 108.2550 mm): F.Cu 上 J1 的焊盘 A12 [/GND]
[unconnected_items]: Missing connection between items
    Local override; error
    @(114.7750 mm, 57.0000 mm): B.Cu 上 C30 的焊盘 2 [/GND]
    @(114.7750 mm, 59.2000 mm): B.Cu 上 C31 的焊盘 2 [/GND]
[unconnected_items]: Missing connection between items
    Local override; error
    @(114.7750 mm, 59.2000 mm): B.Cu 上 C31 的焊盘 2 [/GND]
    @(142.2500 mm, 63.7400 mm): B.Cu 上 U1 的焊盘 1 [/GND]
[unconnected_items]: Missing connection between items
    Local override; error
    @(115.3750 mm, 103.2000 mm): B.Cu 上 C70 的焊盘 2 [/GND]
    @(112.8250 mm, 105.4000 mm): B.Cu 上 R72 的焊盘 2 [/GND]
[unconnected_items]: Missing connection between items
    Local override; error
    @(115.3750 mm, 103.2000 mm): B.Cu 上 C70 的焊盘 2 [/GND]
    @(119.7750 mm, 104.2000 mm): B.Cu 上 U7 的焊盘 4 [/GND]
[unconnected_items]: Missing connection between items
    Local override; error
    @(121.0000 mm, 104.0000 mm): B.Cu 上 U7 的焊盘 13 [/GND]
    @(121.7750 mm, 95.4000 mm): B.Cu 上 C10 的焊盘 2 [/GND]
[unconnected_items]: Missing connection between items
    Local override; error
    @(121.8250 mm, 93.2000 mm): B.Cu 上 R11 的焊盘 2 [/GND]
    @(121.7750 mm, 95.4000 mm): B.Cu 上 C10 的焊盘 2 [/GND]
[unconnected_items]: Missing connection between items
    Local override; error
    @(124.3750 mm, 93.2000 mm): B.Cu 上 C12 的焊盘 2 [/GND]
    @(124.3750 mm, 91.0000 mm): B.Cu 上 C11 的焊盘 2 [/GND]
[unconnected_items]: Missing connection between items
    Local override; error
    @(124.3750 mm, 93.2000 mm): B.Cu 上 C12 的焊盘 2 [/GND]
    @(121.8250 mm, 93.2000 mm): B.Cu 上 R11 的焊盘 2 [/GND]
[unconnected_items]: Missing connection between items
    Local override; error
    @(124.3750 mm, 95.4000 mm): B.Cu 上 C13 的焊盘 2 [/GND]
    @(124.3750 mm, 93.2000 mm): B.Cu 上 C12 的焊盘 2 [/GND]
[unconnected_items]: Missing connection between items
    Local override; error
    @(126.9750 mm, 91.0000 mm): B.Cu 上 C14 的焊盘 2 [/GND]
    @(124.3750 mm, 91.0000 mm): B.Cu 上 C11 的焊盘 2 [/GND]
[unconnected_items]: Missing connection between items
    Local override; error
    @(127.0000 mm, 93.4500 mm): B.Cu 上 U3 的焊盘 15 [/GND]
    @(128.4000 mm, 92.7500 mm): B.Cu 上 U3 的焊盘 4 [/GND]
[unconnected_items]: Missing connection between items
    Local override; error
    @(127.0000 mm, 93.4500 mm): B.Cu 上 U3 的焊盘 15 [/GND]
    @(127.3500 mm, 95.2500 mm): B.Cu 上 U3 的焊盘 10 [/GND]
[unconnected_items]: Missing connection between items
    Local override; error
    @(128.4000 mm, 92.7500 mm): B.Cu 上 U3 的焊盘 4 [/GND]
    @(126.9750 mm, 91.0000 mm): B.Cu 上 C14 的焊盘 2 [/GND]
[unconnected_items]: Missing connection between items
    Local override; error
    @(129.1000 mm, 94.0000 mm): B.Cu 上 U3 的焊盘 6 [/GND]
    @(128.4000 mm, 92.7500 mm): B.Cu 上 U3 的焊盘 4 [/GND]
[unconnected_items]: Missing connection between items
    Local override; error
    @(135.8250 mm, 101.0000 mm): B.Cu 上 R3 的焊盘 2 [/GND]
    @(135.8250 mm, 103.2000 mm): B.Cu 上 R4 的焊盘 2 [/GND]
[unconnected_items]: Missing connection between items
    Local override; error
    @(135.8250 mm, 101.0000 mm): B.Cu 上 R3 的焊盘 2 [/GND]
    @(129.1000 mm, 94.0000 mm): B.Cu 上 U3 的焊盘 6 [/GND]
[unconnected_items]: Missing connection between items
    Local override; error
    @(135.8250 mm, 103.2000 mm): B.Cu 上 R4 的焊盘 2 [/GND]
    @(135.8250 mm, 105.4000 mm): B.Cu 上 R5 的焊盘 2 [/GND]
[unconnected_items]: Missing connection between items
    Local override; error
    @(135.8250 mm, 105.4000 mm): B.Cu 上 R5 的焊盘 2 [/GND]
    @(138.3750 mm, 105.4000 mm): B.Cu 上 C1 的焊盘 2 [/GND]
[unconnected_items]: Missing connection between items
    Local override; error
    @(138.4250 mm, 103.2000 mm): B.Cu 上 R7 的焊盘 2 [/GND]
    @(138.4250 mm, 101.0000 mm): B.Cu 上 R6 的焊盘 2 [/GND]
[unconnected_items]: Missing connection between items
    Local override; error
    @(138.4250 mm, 103.2000 mm): B.Cu 上 R7 的焊盘 2 [/GND]
    @(138.3750 mm, 105.4000 mm): B.Cu 上 C1 的焊盘 2 [/GND]
[unconnected_items]: Missing connection between items
    Local override; error
    @(140.8250 mm, 87.2000 mm): B.Cu 上 R21 的焊盘 2 [/GND]
    @(140.7750 mm, 89.4000 mm): B.Cu 上 C20 的焊盘 2 [/GND]
[unconnected_items]: Missing connection between items
    Local override; error
    @(140.8250 mm, 87.2000 mm): B.Cu 上 R21 的焊盘 2 [/GND]
    @(143.3750 mm, 87.2000 mm): B.Cu 上 C22 的焊盘 2 [/GND]
[unconnected_items]: Missing connection between items
    Local override; error
    @(140.9750 mm, 103.2000 mm): B.Cu 上 C3 的焊盘 2 [/GND]
    @(138.4250 mm, 103.2000 mm): B.Cu 上 R7 的焊盘 2 [/GND]
[unconnected_items]: Missing connection between items
    Local override; error
    @(141.5375 mm, 103.7500 mm): B.Cu 上 U2 的焊盘 4 [/GND]
    @(142.4100 mm, 103.5900 mm): U2 的PTH 焊盘 17 [/GND]
[unconnected_items]: Missing connection between items
    Local override; error
    @(142.2500 mm, 63.7400 mm): B.Cu 上 U1 的焊盘 1 [/GND]
    @(148.8000 mm, 70.0600 mm): U1 的PTH 焊盘 41 [/GND]
[unconnected_items]: Missing connection between items
    Local override; error
    @(142.4100 mm, 102.4100 mm): U2 的PTH 焊盘 17 [/GND]
    @(140.9750 mm, 101.0000 mm): B.Cu 上 C2 的焊盘 2 [/GND]
[unconnected_items]: Missing connection between items
    Local override; error
    @(142.4100 mm, 103.5900 mm): U2 的PTH 焊盘 17 [/GND]
    @(142.2500 mm, 104.4625 mm): B.Cu 上 U2 的焊盘 5 [/GND]
[unconnected_items]: Missing connection between items
    Local override; error
    @(143.3750 mm, 87.2000 mm): B.Cu 上 C22 的焊盘 2 [/GND]
    @(143.3750 mm, 85.0000 mm): B.Cu 上 C21 的焊盘 2 [/GND]
[unconnected_items]: Missing connection between items
    Local override; error
    @(143.3750 mm, 87.2000 mm): B.Cu 上 C22 的焊盘 2 [/GND]
    @(146.7400 mm, 88.5000 mm): B.Cu 上 U4 的焊盘 4 [/GND]
[unconnected_items]: Missing connection between items
    Local override; error
    @(143.5900 mm, 103.5900 mm): U2 的PTH 焊盘 17 [/GND]
    @(143.7500 mm, 104.4625 mm): B.Cu 上 U2 的焊盘 8 [/GND]
[unconnected_items]: Missing connection between items
    Local override; error
    @(143.7500 mm, 104.4625 mm): B.Cu 上 U2 的焊盘 8 [/GND]
    @(144.1750 mm, 106.7750 mm): F.Cu 上 J3 的焊盘 10 [/GND]
[unconnected_items]: Missing connection between items
    Local override; error
    @(146.7400 mm, 88.5000 mm): B.Cu 上 U4 的焊盘 4 [/GND]
    @(148.2750 mm, 96.2750 mm): F.Cu 上 J3 的焊盘 6 [/GND]
[unconnected_items]: Missing connection between items
    Local override; error
    @(148.2750 mm, 96.2750 mm): F.Cu 上 J3 的焊盘 6 [/GND]
    @(143.5900 mm, 102.4100 mm): U2 的PTH 焊盘 17 [/GND]
[unconnected_items]: Missing connection between items
    Local override; error
    @(150.9000 mm, 70.7600 mm): U1 的PTH 焊盘 41 [/GND]
    @(159.7500 mm, 63.7400 mm): B.Cu 上 U1 的焊盘 40 [/GND]
[unconnected_items]: Missing connection between items
    Local override; error
    @(158.0000 mm, 83.5000 mm): F.Cu 上 J6 的焊盘 2 [/GND]
    @(146.7400 mm, 88.5000 mm): B.Cu 上 U4 的焊盘 4 [/GND]
[unconnected_items]: Missing connection between items
    Local override; error
    @(158.0000 mm, 83.5000 mm): F.Cu 上 J6 的焊盘 2 [/GND]
    @(150.2000 mm, 72.8600 mm): U1 的PTH 焊盘 41 [/GND]
[unconnected_items]: Missing connection between items
    Local override; error
    @(99.8625 mm, 104.0500 mm): B.Cu 上 U8 的焊盘 1 [/USB_D-_CONN]
    @(107.2500 mm, 108.2550 mm): F.Cu 上 J1 的焊盘 B7 [/USB_D-_CONN]
[unconnected_items]: Missing connection between items
    Local override; error
    @(107.2500 mm, 108.2550 mm): F.Cu 上 J1 的焊盘 B7 [/USB_D-_CONN]
    @(108.2500 mm, 108.2550 mm): F.Cu 上 J1 的焊盘 A7 [/USB_D-_CONN]
[unconnected_items]: Missing connection between items
    Local override; error
    @(99.8625 mm, 105.9500 mm): B.Cu 上 U8 的焊盘 3 [/USB_D+_CONN]
    @(107.7500 mm, 108.2550 mm): F.Cu 上 J1 的焊盘 A6 [/USB_D+_CONN]
[unconnected_items]: Missing connection between items
    Local override; error
    @(107.7500 mm, 108.2550 mm): F.Cu 上 J1 的焊盘 A6 [/USB_D+_CONN]
    @(108.7500 mm, 108.2550 mm): F.Cu 上 J1 的焊盘 B6 [/USB_D+_CONN]
[unconnected_items]: Missing connection between items
    Local override; error
    @(102.1375 mm, 105.9500 mm): B.Cu 上 U8 的焊盘 4 [/USB_D+]
    @(142.2500 mm, 80.2500 mm): B.Cu 上 U1 的焊盘 14 [/USB_D+]
[unconnected_items]: Missing connection between items
    Local override; error
    @(102.1375 mm, 105.0000 mm): B.Cu 上 U8 的焊盘 5 [/VBUS]
    @(105.6000 mm, 108.2550 mm): F.Cu 上 J1 的焊盘 A4 [/VBUS]
[unconnected_items]: Missing connection between items
    Local override; error
    @(105.6000 mm, 108.2550 mm): F.Cu 上 J1 的焊盘 A4 [/VBUS]
    @(110.4000 mm, 108.2550 mm): F.Cu 上 J1 的焊盘 A9 [/VBUS]
[unconnected_items]: Missing connection between items
    Local override; error
    @(110.4000 mm, 108.2550 mm): F.Cu 上 J1 的焊盘 A9 [/VBUS]
    @(136.8250 mm, 105.4000 mm): B.Cu 上 C1 的焊盘 1 [/VBUS]
[unconnected_items]: Missing connection between items
    Local override; error
    @(136.8250 mm, 105.4000 mm): B.Cu 上 C1 的焊盘 1 [/VBUS]
    @(143.7500 mm, 101.5375 mm): B.Cu 上 U2 的焊盘 13 [/VBUS]
[unconnected_items]: Missing connection between items
    Local override; error
    @(102.1375 mm, 104.0500 mm): B.Cu 上 U8 的焊盘 6 [/USB_D-]
    @(142.2500 mm, 78.9800 mm): B.Cu 上 U1 的焊盘 13 [/USB_D-]
[unconnected_items]: Missing connection between items
    Local override; error
    @(132.2125 mm, 91.0000 mm): B.Cu 上 FB2 的焊盘 1 [/+5V_MEDIA]
    @(136.2125 mm, 91.0000 mm): B.Cu 上 FB1 的焊盘 1 [/+5V_MEDIA]
[unconnected_items]: Missing connection between items
    Local override; error
    @(136.2125 mm, 91.0000 mm): B.Cu 上 FB1 的焊盘 1 [/+5V_MEDIA]
    @(139.1750 mm, 85.0000 mm): B.Cu 上 R20 的焊盘 1 [/+5V_MEDIA]
[unconnected_items]: Missing connection between items
    Local override; error
    @(141.8250 mm, 85.0000 mm): B.Cu 上 C21 的焊盘 1 [/+5V_MEDIA]
    @(139.1750 mm, 85.0000 mm): B.Cu 上 R20 的焊盘 1 [/+5V_MEDIA]
[unconnected_items]: Missing connection between items
    Local override; error
    @(141.8250 mm, 87.2000 mm): B.Cu 上 C22 的焊盘 1 [/+5V_MEDIA]
    @(141.8250 mm, 85.0000 mm): B.Cu 上 C21 的焊盘 1 [/+5V_MEDIA]
[unconnected_items]: Missing connection between items
    Local override; error
    @(141.8250 mm, 87.2000 mm): B.Cu 上 C22 的焊盘 1 [/+5V_MEDIA]
    @(146.7400 mm, 87.5000 mm): B.Cu 上 U4 的焊盘 6 [/+5V_MEDIA]
[unconnected_items]: Missing connection between items
    Local override; error
    @(108.7500 mm, 52.7500 mm): F.Cu 上 J2 的焊盘 7 [/+5V_LCD]
    @(108.2500 mm, 52.7500 mm): F.Cu 上 J2 的焊盘 6 [/+5V_LCD]
[unconnected_items]: Missing connection between items
    Local override; error
    @(113.2250 mm, 57.0000 mm): B.Cu 上 C30 的焊盘 1 [/+5V_LCD]
    @(108.7500 mm, 52.7500 mm): F.Cu 上 J2 的焊盘 7 [/+5V_LCD]
[unconnected_items]: Missing connection between items
    Local override; error
    @(113.2250 mm, 59.2000 mm): B.Cu 上 C31 的焊盘 1 [/+5V_LCD]
    @(113.2250 mm, 57.0000 mm): B.Cu 上 C30 的焊盘 1 [/+5V_LCD]
[unconnected_items]: Missing connection between items
    Local override; error
    @(113.2250 mm, 59.2000 mm): B.Cu 上 C31 的焊盘 1 [/+5V_LCD]
    @(137.7875 mm, 91.0000 mm): B.Cu 上 FB1 的焊盘 2 [/+5V_LCD]
[unconnected_items]: Missing connection between items
    Local override; error
    @(134.1750 mm, 105.4000 mm): B.Cu 上 R5 的焊盘 1 [/ITERM_SET]
    @(142.7500 mm, 101.5375 mm): B.Cu 上 U2 的焊盘 15 [/ITERM_SET]
[unconnected_items]: Missing connection between items
    Local override; error
    @(111.1750 mm, 103.2000 mm): B.Cu 上 R71 的焊盘 1 [/I2C_SCL]
    @(119.7750 mm, 104.6000 mm): B.Cu 上 U7 的焊盘 5 [/I2C_SCL]
[unconnected_items]: Missing connection between items
    Local override; error
    @(119.7750 mm, 104.6000 mm): B.Cu 上 U7 的焊盘 5 [/I2C_SCL]
    @(142.2500 mm, 76.4400 mm): B.Cu 上 U1 的焊盘 11 [/I2C_SCL]
[unconnected_items]: Missing connection between items
    Local override; error
    @(63.2250 mm, 60.2000 mm): B.Cu 上 C40 的焊盘 1 [/+3V3_MAIN]
    @(58.0000 mm, 57.1500 mm): F.Cu 上 U6 的焊盘 2 [/+3V3_MAIN]
[unconnected_items]: Missing connection between items
    Local override; error
    @(63.2250 mm, 60.2000 mm): B.Cu 上 C40 的焊盘 1 [/+3V3_MAIN]
    @(69.8250 mm, 98.0000 mm): B.Cu 上 R41 的焊盘 2 [/+3V3_MAIN]
[unconnected_items]: Missing connection between items
    Local override; error
    @(90.1750 mm, 99.0000 mm): B.Cu 上 R80 的焊盘 1 [/+3V3_MAIN]
    @(69.8250 mm, 98.0000 mm): B.Cu 上 R41 的焊盘 2 [/+3V3_MAIN]
[unconnected_items]: Missing connection between items
    Local override; error
    @(112.8250 mm, 101.0000 mm): B.Cu 上 R70 的焊盘 2 [/+3V3_MAIN]
    @(112.8250 mm, 103.2000 mm): B.Cu 上 R71 的焊盘 2 [/+3V3_MAIN]
[unconnected_items]: Missing connection between items
    Local override; error
    @(112.8250 mm, 101.0000 mm): B.Cu 上 R70 的焊盘 2 [/+3V3_MAIN]
    @(122.8250 mm, 95.4000 mm): B.Cu 上 C13 的焊盘 1 [/+3V3_MAIN]
[unconnected_items]: Missing connection between items
    Local override; error
    @(112.8250 mm, 101.0000 mm): B.Cu 上 R70 的焊盘 2 [/+3V3_MAIN]
    @(90.1750 mm, 99.0000 mm): B.Cu 上 R80 的焊盘 1 [/+3V3_MAIN]
[unconnected_items]: Missing connection between items
    Local override; error
    @(122.8250 mm, 93.2000 mm): B.Cu 上 C12 的焊盘 1 [/+3V3_MAIN]
    @(120.1750 mm, 91.0000 mm): B.Cu 上 R10 的焊盘 1 [/+3V3_MAIN]
[unconnected_items]: Missing connection between items
    Local override; error
    @(122.8250 mm, 93.2000 mm): B.Cu 上 C12 的焊盘 1 [/+3V3_MAIN]
    @(126.9000 mm, 92.7500 mm): B.Cu 上 U3 的焊盘 1 [/+3V3_MAIN]
[unconnected_items]: Missing connection between items
    Local override; error
    @(122.8250 mm, 95.4000 mm): B.Cu 上 C13 的焊盘 1 [/+3V3_MAIN]
    @(122.8250 mm, 93.2000 mm): B.Cu 上 C12 的焊盘 1 [/+3V3_MAIN]
[unconnected_items]: Missing connection between items
    Local override; error
    @(126.9000 mm, 92.7500 mm): B.Cu 上 U3 的焊盘 1 [/+3V3_MAIN]
    @(129.1000 mm, 94.7500 mm): B.Cu 上 U3 的焊盘 7 [/+3V3_MAIN]
[unconnected_items]: Missing connection between items
    Local override; error
    @(128.6500 mm, 95.2500 mm): B.Cu 上 U3 的焊盘 8 [/+3V3_MAIN]
    @(129.1000 mm, 94.7500 mm): B.Cu 上 U3 的焊盘 7 [/+3V3_MAIN]
[unconnected_items]: Missing connection between items
    Local override; error
    @(129.1000 mm, 94.7500 mm): B.Cu 上 U3 的焊盘 7 [/+3V3_MAIN]
    @(142.7500 mm, 104.4625 mm): B.Cu 上 U2 的焊盘 6 [/+3V3_MAIN]
[unconnected_items]: Missing connection between items
    Local override; error
    @(142.7500 mm, 104.4625 mm): B.Cu 上 U2 的焊盘 6 [/+3V3_MAIN]
    @(150.4750 mm, 96.2750 mm): F.Cu 上 J3 的焊盘 4 [/+3V3_MAIN]
[unconnected_items]: Missing connection between items
    Local override; error
    @(150.4750 mm, 96.2750 mm): F.Cu 上 J3 的焊盘 4 [/+3V3_MAIN]
    @(158.0000 mm, 84.5000 mm): F.Cu 上 J6 的焊盘 1 [/+3V3_MAIN]
[unconnected_items]: Missing connection between items
    Local override; error
    @(158.0000 mm, 84.5000 mm): F.Cu 上 J6 的焊盘 1 [/+3V3_MAIN]
    @(142.2500 mm, 65.0100 mm): B.Cu 上 U1 的焊盘 2 [/+3V3_MAIN]
[unconnected_items]: Missing connection between items
    Local override; error
    @(94.4500 mm, 103.2000 mm): B.Cu 上 SW5 的焊盘 1 [/BOOT_N]
    @(98.5500 mm, 103.2000 mm): B.Cu 上 SW5 的焊盘 1 [/BOOT_N]
[unconnected_items]: Missing connection between items
    Local override; error
    @(98.5500 mm, 103.2000 mm): B.Cu 上 SW5 的焊盘 1 [/BOOT_N]
    @(159.7500 mm, 80.2500 mm): B.Cu 上 U1 的焊盘 27 [/BOOT_N]
[unconnected_items]: Missing connection between items
    Local override; error
    @(136.7750 mm, 103.2000 mm): B.Cu 上 R7 的焊盘 1 [/BAT_TS]
    @(141.5375 mm, 102.2500 mm): B.Cu 上 U2 的焊盘 1 [/BAT_TS]
[unconnected_items]: Missing connection between items
    Local override; error
    @(90.2250 mm, 101.2000 mm): B.Cu 上 C80 的焊盘 1 [/ESP_EN]
    @(88.9500 mm, 103.2000 mm): B.Cu 上 SW4 的焊盘 1 [/ESP_EN]
[unconnected_items]: Missing connection between items
    Local override; error
    @(90.2250 mm, 101.2000 mm): B.Cu 上 C80 的焊盘 1 [/ESP_EN]
    @(93.0500 mm, 103.2000 mm): B.Cu 上 SW4 的焊盘 1 [/ESP_EN]
[unconnected_items]: Missing connection between items
    Local override; error
    @(91.8250 mm, 99.0000 mm): B.Cu 上 R80 的焊盘 2 [/ESP_EN]
    @(90.2250 mm, 101.2000 mm): B.Cu 上 C80 的焊盘 1 [/ESP_EN]
[unconnected_items]: Missing connection between items
    Local override; error
    @(142.2500 mm, 66.2800 mm): B.Cu 上 U1 的焊盘 3 [/ESP_EN]
    @(91.8250 mm, 99.0000 mm): B.Cu 上 R80 的焊盘 2 [/ESP_EN]
[unconnected_items]: Missing connection between items
    Local override; error
    @(142.2500 mm, 67.5500 mm): B.Cu 上 U1 的焊盘 4 [/ENC_A]
    @(158.0000 mm, 82.5000 mm): F.Cu 上 J6 的焊盘 3 [/ENC_A]
[unconnected_items]: Missing connection between items
    Local override; error
    @(142.2500 mm, 68.8200 mm): B.Cu 上 U1 的焊盘 5 [/ENC_B]
    @(158.0000 mm, 81.5000 mm): F.Cu 上 J6 的焊盘 4 [/ENC_B]
[unconnected_items]: Missing connection between items
    Local override; error
    @(142.2500 mm, 70.0900 mm): B.Cu 上 U1 的焊盘 6 [/A_SW]
    @(158.0000 mm, 80.5000 mm): F.Cu 上 J6 的焊盘 5 [/A_SW]
[unconnected_items]: Missing connection between items
    Local override; error
    @(62.5625 mm, 93.2500 mm): B.Cu 上 U5 的焊盘 1 [/I2S_DIN]
    @(142.2500 mm, 71.3600 mm): B.Cu 上 U1 的焊盘 7 [/I2S_DIN]
[unconnected_items]: Missing connection between items
    Local override; error
    @(109.2500 mm, 52.7500 mm): F.Cu 上 J2 的焊盘 8 [/LCD_EXTMODE]
    @(142.2500 mm, 72.6300 mm): B.Cu 上 U1 的焊盘 8 [/LCD_EXTMODE]
[unconnected_items]: Missing connection between items
    Local override; error
    @(142.2500 mm, 75.1700 mm): B.Cu 上 U1 的焊盘 10 [/CHG_N]
    @(144.4625 mm, 103.7500 mm): B.Cu 上 U2 的焊盘 9 [/CHG_N]
[unconnected_items]: Missing connection between items
    Local override; error
    @(111.1750 mm, 101.0000 mm): B.Cu 上 R70 的焊盘 1 [/I2C_SDA]
    @(119.7750 mm, 103.0000 mm): B.Cu 上 U7 的焊盘 1 [/I2C_SDA]
[unconnected_items]: Missing connection between items
    Local override; error
    @(119.7750 mm, 103.0000 mm): B.Cu 上 U7 的焊盘 1 [/I2C_SDA]
    @(142.2500 mm, 77.7100 mm): B.Cu 上 U1 的焊盘 12 [/I2C_SDA]
[unconnected_items]: Missing connection between items
    Local override; error
    @(63.2500 mm, 92.5625 mm): B.Cu 上 U5 的焊盘 16 [/I2S_BCLK]
    @(145.2850 mm, 81.5000 mm): B.Cu 上 U1 的焊盘 16 [/I2S_BCLK]
[unconnected_items]: Missing connection between items
    Local override; error
    @(106.7500 mm, 52.7500 mm): F.Cu 上 J2 的焊盘 3 [/LCD_SCS]
    @(147.8250 mm, 81.5000 mm): B.Cu 上 U1 的焊盘 18 [/LCD_SCS]
[unconnected_items]: Missing connection between items
    Local override; error
    @(106.2500 mm, 52.7500 mm): F.Cu 上 J2 的焊盘 2 [/LCD_SI]
    @(149.0950 mm, 81.5000 mm): B.Cu 上 U1 的焊盘 19 [/LCD_SI]
[unconnected_items]: Missing connection between items
    Local override; error
    @(105.7500 mm, 52.7500 mm): F.Cu 上 J2 的焊盘 1 [/LCD_SCLK]
    @(150.3650 mm, 81.5000 mm): B.Cu 上 U1 的焊盘 20 [/LCD_SCLK]
[unconnected_items]: Missing connection between items
    Local override; error
    @(107.7500 mm, 52.7500 mm): F.Cu 上 J2 的焊盘 5 [/LCD_DISP]
    @(151.6350 mm, 81.5000 mm): B.Cu 上 U1 的焊盘 21 [/LCD_DISP]
[unconnected_items]: Missing connection between items
    Local override; error
    @(107.2500 mm, 52.7500 mm): F.Cu 上 J2 的焊盘 4 [/LCD_EXTCOMIN]
    @(152.9050 mm, 81.5000 mm): B.Cu 上 U1 的焊盘 22 [/LCD_EXTCOMIN]
[unconnected_items]: Missing connection between items
    Local override; error
    @(62.0500 mm, 75.2000 mm): F.Cu 上 SW2 的焊盘 1 [/B_SW]
    @(57.9500 mm, 75.2000 mm): F.Cu 上 SW2 的焊盘 1 [/B_SW]
[unconnected_items]: Missing connection between items
    Local override; error
    @(155.4450 mm, 81.5000 mm): B.Cu 上 U1 的焊盘 24 [/B_SW]
    @(62.0500 mm, 75.2000 mm): F.Cu 上 SW2 的焊盘 1 [/B_SW]
[unconnected_items]: Missing connection between items
    Local override; error
    @(62.0500 mm, 65.2000 mm): F.Cu 上 SW3 的焊盘 1 [/MENU_SW]
    @(57.9500 mm, 65.2000 mm): F.Cu 上 SW3 的焊盘 1 [/MENU_SW]
[unconnected_items]: Missing connection between items
    Local override; error
    @(156.7150 mm, 81.5000 mm): B.Cu 上 U1 的焊盘 25 [/MENU_SW]
    @(62.0500 mm, 65.2000 mm): F.Cu 上 SW3 的焊盘 1 [/MENU_SW]
[unconnected_items]: Missing connection between items
    Local override; error
    @(151.5750 mm, 96.2750 mm): F.Cu 上 J3 的焊盘 3 [/SD_CMD]
    @(159.7500 mm, 78.9800 mm): B.Cu 上 U1 的焊盘 28 [/SD_CMD]
[unconnected_items]: Missing connection between items
    Local override; error
    @(149.3750 mm, 96.2750 mm): F.Cu 上 J3 的焊盘 5 [/SD_CLK]
    @(159.7500 mm, 77.7100 mm): B.Cu 上 U1 的焊盘 29 [/SD_CLK]
[unconnected_items]: Missing connection between items
    Local override; error
    @(147.1750 mm, 96.2750 mm): F.Cu 上 J3 的焊盘 7 [/SD_DAT0]
    @(159.7500 mm, 76.4400 mm): B.Cu 上 U1 的焊盘 30 [/SD_DAT0]
[unconnected_items]: Missing connection between items
    Local override; error
    @(152.6750 mm, 96.2750 mm): F.Cu 上 J3 的焊盘 2 [/SD_CS]
    @(159.7500 mm, 75.1700 mm): B.Cu 上 U1 的焊盘 31 [/SD_CS]
[unconnected_items]: Missing connection between items
    Local override; error
    @(59.3500 mm, 57.1500 mm): F.Cu 上 U6 的焊盘 3 [/PDM_CLK]
    @(159.7500 mm, 73.9000 mm): B.Cu 上 U1 的焊盘 32 [/PDM_CLK]
[unconnected_items]: Missing connection between items
    Local override; error
    @(64.2500 mm, 92.5625 mm): B.Cu 上 U5 的焊盘 14 [/I2S_LRCLK]
    @(159.7500 mm, 72.6300 mm): B.Cu 上 U1 的焊盘 33 [/I2S_LRCLK]
[unconnected_items]: Missing connection between items
    Local override; error
    @(62.5625 mm, 94.7500 mm): B.Cu 上 U5 的焊盘 4 [/AMP_EN]
    @(68.1750 mm, 98.0000 mm): B.Cu 上 R41 的焊盘 1 [/AMP_EN]
[unconnected_items]: Missing connection between items
    Local override; error
    @(68.1750 mm, 98.0000 mm): B.Cu 上 R41 的焊盘 1 [/AMP_EN]
    @(159.7500 mm, 71.3600 mm): B.Cu 上 U1 的焊盘 34 [/AMP_EN]
[unconnected_items]: Missing connection between items
    Local override; error
    @(64.8250 mm, 58.0000 mm): B.Cu 上 R40 的焊盘 2 [/PDM_DATA]
    @(159.7500 mm, 70.0900 mm): B.Cu 上 U1 的焊盘 35 [/PDM_DATA]
[unconnected_items]: Missing connection between items
    Local override; error
    @(125.4250 mm, 91.0000 mm): B.Cu 上 C14 的焊盘 1 [/VAUX_3V3]
    @(127.9000 mm, 92.7500 mm): B.Cu 上 U3 的焊盘 3 [/VAUX_3V3]
[unconnected_items]: Missing connection between items
    Local override; error
    @(134.1750 mm, 103.2000 mm): B.Cu 上 R4 的焊盘 1 [/ISET_SET]
    @(142.2500 mm, 101.5375 mm): B.Cu 上 U2 的焊盘 16 [/ISET_SET]
[unconnected_items]: Missing connection between items
    Local override; error
    @(127.0000 mm, 94.3500 mm): B.Cu 上 U3 的焊盘 11 [/L3V3_A]
    @(130.6000 mm, 94.0000 mm): B.Cu 上 L1 的焊盘 1 [/L3V3_A]
[unconnected_items]: Missing connection between items
    Local override; error
    @(128.0000 mm, 95.0000 mm): B.Cu 上 U3 的焊盘 9 [/L3V3_B]
    @(133.4000 mm, 94.0000 mm): B.Cu 上 L1 的焊盘 2 [/L3V3_B]
[unconnected_items]: Missing connection between items
    Local override; error
    @(56.6500 mm, 57.1500 mm): F.Cu 上 U6 的焊盘 1 [/PDM_DATA_RAW]
    @(63.1750 mm, 58.0000 mm): B.Cu 上 R40 的焊盘 1 [/PDM_DATA_RAW]
[unconnected_items]: Missing connection between items
    Local override; error
    @(122.8250 mm, 91.0000 mm): B.Cu 上 C11 的焊盘 1 [/VSYS]
    @(120.2250 mm, 95.4000 mm): B.Cu 上 C10 的焊盘 1 [/VSYS]
[unconnected_items]: Missing connection between items
    Local override; error
    @(122.8250 mm, 91.0000 mm): B.Cu 上 C11 的焊盘 1 [/VSYS]
    @(127.4750 mm, 93.8500 mm): B.Cu 上 U3 的焊盘 12 [/VSYS]
[unconnected_items]: Missing connection between items
    Local override; error
    @(127.4750 mm, 93.8500 mm): B.Cu 上 U3 的焊盘 12 [/VSYS]
    @(128.0000 mm, 93.8500 mm): B.Cu 上 U3 的焊盘 13 [/VSYS]
[unconnected_items]: Missing connection between items
    Local override; error
    @(139.2250 mm, 89.4000 mm): B.Cu 上 C20 的焊盘 1 [/VSYS]
    @(139.4250 mm, 101.0000 mm): B.Cu 上 C2 的焊盘 1 [/VSYS]
[unconnected_items]: Missing connection between items
    Local override; error
    @(139.2250 mm, 89.4000 mm): B.Cu 上 C20 的焊盘 1 [/VSYS]
    @(128.0000 mm, 93.8500 mm): B.Cu 上 U3 的焊盘 13 [/VSYS]
[unconnected_items]: Missing connection between items
    Local override; error
    @(139.4250 mm, 101.0000 mm): B.Cu 上 C2 的焊盘 1 [/VSYS]
    @(144.4625 mm, 102.7500 mm): B.Cu 上 U2 的焊盘 11 [/VSYS]
[unconnected_items]: Missing connection between items
    Local override; error
    @(144.4625 mm, 102.7500 mm): B.Cu 上 U2 的焊盘 11 [/VSYS]
    @(144.4625 mm, 103.2500 mm): B.Cu 上 U2 的焊盘 10 [/VSYS]
[unconnected_items]: Missing connection between items
    Local override; error
    @(145.2600 mm, 88.5000 mm): B.Cu 上 U4 的焊盘 3 [/VSYS]
    @(148.6000 mm, 88.0000 mm): B.Cu 上 L2 的焊盘 1 [/VSYS]
[unconnected_items]: Missing connection between items
    Local override; error
    @(145.2600 mm, 88.5000 mm): B.Cu 上 U4 的焊盘 3 [/VSYS]
    @(139.2250 mm, 89.4000 mm): B.Cu 上 C20 的焊盘 1 [/VSYS]
[unconnected_items]: Missing connection between items
    Local override; error
    @(103.1750 mm, 110.2000 mm): B.Cu 上 R2 的焊盘 1 [/CC2]
    @(109.7500 mm, 108.2550 mm): F.Cu 上 J1 的焊盘 B5 [/CC2]
[unconnected_items]: Missing connection between items
    Local override; error
    @(113.7750 mm, 101.0000 mm): B.Cu 上 R73 的焊盘 1 [/GAUGE_SRP]
    @(122.2250 mm, 103.4000 mm): B.Cu 上 U7 的焊盘 11 [/GAUGE_SRP]
[unconnected_items]: Missing connection between items
    Local override; error
    @(115.4250 mm, 101.0000 mm): B.Cu 上 R73 的焊盘 2 [/GAUGE_SRN]
    @(122.2250 mm, 105.0000 mm): B.Cu 上 U7 的焊盘 7 [/GAUGE_SRN]
[unconnected_items]: Missing connection between items
    Local override; error
    @(139.4250 mm, 103.2000 mm): B.Cu 上 C3 的焊盘 1 [/VBAT]
    @(141.5375 mm, 103.2500 mm): B.Cu 上 U2 的焊盘 3 [/VBAT]
[unconnected_items]: Missing connection between items
    Local override; error
    @(139.4250 mm, 103.2000 mm): B.Cu 上 C3 的焊盘 1 [/VBAT]
    @(81.0000 mm, 106.5000 mm): B.Cu 上 J4 的焊盘 1 [/VBAT]
[unconnected_items]: Missing connection between items
    Local override; error
    @(141.5375 mm, 103.2500 mm): B.Cu 上 U2 的焊盘 3 [/VBAT]
    @(141.5375 mm, 102.7500 mm): B.Cu 上 U2 的焊盘 2 [/VBAT]
[unconnected_items]: Missing connection between items
    Local override; error
    @(111.1750 mm, 105.4000 mm): B.Cu 上 R72 的焊盘 1 [/GAUGE_BIN]
    @(122.2250 mm, 104.2000 mm): B.Cu 上 U7 的焊盘 9 [/GAUGE_BIN]
[unconnected_items]: Missing connection between items
    Local override; error
    @(121.8250 mm, 91.0000 mm): B.Cu 上 R10 的焊盘 2 [/FB_3V3]
    @(120.1750 mm, 93.2000 mm): B.Cu 上 R11 的焊盘 1 [/FB_3V3]
[unconnected_items]: Missing connection between items
    Local override; error
    @(129.1000 mm, 93.2500 mm): B.Cu 上 U3 的焊盘 5 [/FB_3V3]
    @(121.8250 mm, 91.0000 mm): B.Cu 上 R10 的焊盘 2 [/FB_3V3]
[unconnected_items]: Missing connection between items
    Local override; error
    @(140.8250 mm, 85.0000 mm): B.Cu 上 R20 的焊盘 2 [/FB_5V]
    @(139.1750 mm, 87.2000 mm): B.Cu 上 R21 的焊盘 1 [/FB_5V]
[unconnected_items]: Missing connection between items
    Local override; error
    @(145.2600 mm, 87.5000 mm): B.Cu 上 U4 的焊盘 1 [/FB_5V]
    @(140.8250 mm, 85.0000 mm): B.Cu 上 R20 的焊盘 2 [/FB_5V]
[unconnected_items]: Missing connection between items
    Local override; error
    @(146.7400 mm, 88.0000 mm): B.Cu 上 U4 的焊盘 5 [/BOOST_SW]
    @(151.4000 mm, 88.0000 mm): B.Cu 上 L2 的焊盘 2 [/BOOST_SW]
[unconnected_items]: Missing connection between items
    Local override; error
    @(64.2500 mm, 95.4375 mm): B.Cu 上 U5 的焊盘 7 [/+5V_AUDIO]
    @(64.7500 mm, 95.4375 mm): B.Cu 上 U5 的焊盘 8 [/+5V_AUDIO]
[unconnected_items]: Missing connection between items
    Local override; error
    @(64.7500 mm, 95.4375 mm): B.Cu 上 U5 的焊盘 8 [/+5V_AUDIO]
    @(68.2250 mm, 100.2000 mm): B.Cu 上 C50 的焊盘 1 [/+5V_AUDIO]
[unconnected_items]: Missing connection between items
    Local override; error
    @(68.2250 mm, 100.2000 mm): B.Cu 上 C50 的焊盘 1 [/+5V_AUDIO]
    @(133.7875 mm, 91.0000 mm): B.Cu 上 FB2 的焊盘 2 [/+5V_AUDIO]
[unconnected_items]: Missing connection between items
    Local override; error
    @(68.2250 mm, 102.4000 mm): B.Cu 上 C51 的焊盘 1 [/+5V_AUDIO]
    @(68.2250 mm, 100.2000 mm): B.Cu 上 C50 的焊盘 1 [/+5V_AUDIO]
[unconnected_items]: Missing connection between items
    Local override; error
    @(113.8250 mm, 103.2000 mm): B.Cu 上 C70 的焊盘 1 [/VBAT_SENSE]
    @(119.7750 mm, 105.0000 mm): B.Cu 上 U7 的焊盘 6 [/VBAT_SENSE]
[unconnected_items]: Missing connection between items
    Local override; error
    @(57.0000 mm, 106.5000 mm): B.Cu 上 J5 的焊盘 1 [/SPK+]
    @(65.4375 mm, 94.7500 mm): B.Cu 上 U5 的焊盘 9 [/SPK+]
[unconnected_items]: Missing connection between items
    Local override; error
    @(59.0000 mm, 106.5000 mm): B.Cu 上 J5 的焊盘 2 [/SPK-]
    @(65.4375 mm, 94.2500 mm): B.Cu 上 U5 的焊盘 10 [/SPK-]
[unconnected_items]: Missing connection between items
    Local override; error
    @(103.1750 mm, 108.0000 mm): B.Cu 上 R1 的焊盘 1 [/CC1]
    @(106.7500 mm, 108.2550 mm): F.Cu 上 J1 的焊盘 A5 [/CC1]
[unconnected_items]: Missing connection between items
    Local override; error
    @(134.1750 mm, 101.0000 mm): B.Cu 上 R3 的焊盘 1 [/ILIM_SET]
    @(144.4625 mm, 102.2500 mm): B.Cu 上 U2 的焊盘 12 [/ILIM_SET]
[unconnected_items]: Missing connection between items
    Local override; error
    @(136.7750 mm, 101.0000 mm): B.Cu 上 R6 的焊盘 1 [/TMR_SET]
    @(143.2500 mm, 101.5375 mm): B.Cu 上 U2 的焊盘 14 [/TMR_SET]

** Found 0 Footprint errors **

** Ignored checks **
    - Footprint has no courtyard defined
    - Track endpoint not centered on via
    - Tuning profile track geometries
    - Footprint doesn't match symbol's footprint filters
    - Footprint component type doesn't match footprint pads

** End of Report **
