** Drc report for cadenza-d1-v41-final.kicad_pcb **
** Created on 2026-07-21T10:50:40 **
** Report includes: Errors, Warnings, Exclusions **

** Found 54 DRC violations **
[items_not_allowed]: Items not allowed
    Local override; error
    @(138.2500 mm, 57.5000 mm): 走线 [/LCD_SCS] (F.Cu), 长度: 16.9706 mm
[clearance]: 间距违规 ( 间距 0.1500 mm; 实际 0.1450 mm)
    Local override; error
    @(151.8000 mm, 70.0000 mm): 过孔 [/LCD_SCLK] (F.Cu - B.Cu)
    @(152.0000 mm, 69.5000 mm): 走线 [/LCD_SCS] (F.Cu), 长度: 0.7071 mm
[clearance]: 间距违规 ( 间距 0.1500 mm; 实际 0.1291 mm)
    Local override; error
    @(139.0000 mm, 80.0000 mm): 走线 [/LCD_SCS] (F.Cu), 长度: 1.7678 mm
    @(139.0280 mm, 80.7202 mm): 过孔 [/+3V3_MAIN] (F.Cu - B.Cu)
[tracks_crossing]: Tracks crossing
    Local override; error
    @(105.7500 mm, 53.3184 mm): 走线 [/LCD_SCLK] (F.Cu), 长度: 4.3921 mm
    @(106.7500 mm, 52.7500 mm): 走线 [/LCD_SCS] (F.Cu), 长度: 3.2500 mm
[clearance]: 间距违规 ( 间距 0.1500 mm; 实际 0.1000 mm)
    Local override; error
    @(142.5000 mm, 79.5000 mm): 走线 [/LCD_SCS] (F.Cu), 长度: 1.7500 mm
    @(140.8000 mm, 80.0000 mm): 过孔 [/I2S_BCLK] (F.Cu - B.Cu)
[tracks_crossing]: Tracks crossing
    Local override; error
    @(140.7500 mm, 79.5000 mm): 走线 [/LCD_SCS] (F.Cu), 长度: 0.7071 mm
    @(140.2500 mm, 79.5000 mm): 走线 [/I2S_BCLK] (F.Cu), 长度: 0.7071 mm
[clearance]: 间距违规 ( 间距 0.1500 mm; 实际 0.1395 mm)
    Local override; error
    @(152.9310 mm, 83.4605 mm): 过孔 [/B_SW] (F.Cu - B.Cu)
    @(153.2500 mm, 84.0000 mm): 走线 [/LCD_SCS] (F.Cu), 长度: 1.5000 mm
[shorting_items]: 短路了两个不同网络的项目 (网络 /SD_CD 和 /LCD_SCS)
    Local override; error
    @(146.5550 mm, 86.5000 mm): 走线 [/SD_CD] (B.Cu), 长度: 1.0922 mm
    @(146.6000 mm, 86.5000 mm): 走线 [/LCD_SCS] (B.Cu), 长度: 1.2250 mm
[shorting_items]: 短路了两个不同网络的项目 (网络 /SD_CD 和 /LCD_SCS)
    Local override; error
    @(146.5550 mm, 86.5000 mm): 走线 [/SD_CD] (B.Cu), 长度: 1.0922 mm
    @(146.6000 mm, 86.5000 mm): 过孔 [/LCD_SCS] (F.Cu - B.Cu)
[shorting_items]: 短路了两个不同网络的项目 (网络 /SD_CD 和 /LCD_SCS)
    Local override; error
    @(146.3055 mm, 94.0332 mm): 走线 [/SD_CD] (POWER), 长度: 8.8748 mm
    @(146.6000 mm, 86.5000 mm): 过孔 [/LCD_SCS] (F.Cu - B.Cu)
[shorting_items]: 短路了两个不同网络的项目 (网络 /I2C_SDA 和 /BAT_TS)
    Local override; error
    @(128.2203 mm, 107.5186 mm): 走线 [/I2C_SDA] (POWER), 长度: 15.6073 mm
    @(134.6750 mm, 100.8000 mm): 过孔 [/BAT_TS] (F.Cu - B.Cu)
[clearance]: 间距违规 ( 间距 0.1500 mm; 实际 0.1250 mm)
    Local override; error
    @(141.5375 mm, 102.2500 mm): 过孔 [/BAT_TS] (F.Cu - B.Cu)
    @(141.5375 mm, 102.7500 mm): B.Cu 上 U2 的焊盘 2 [/VBAT]
[shorting_items]: 短路了两个不同网络的项目 (网络 /CHG_N 和 /I2S_BCLK)
    Local override; error
    @(141.0425 mm, 80.1684 mm): 过孔 [/CHG_N] (F.Cu - B.Cu)
    @(140.8000 mm, 80.0000 mm): 过孔 [/I2S_BCLK] (F.Cu - B.Cu)
[shorting_items]: 短路了两个不同网络的项目 (网络 /CHG_N 和 /I2S_BCLK)
    Local override; error
    @(141.0425 mm, 80.1684 mm): 过孔 [/CHG_N] (F.Cu - B.Cu)
    @(140.8000 mm, 80.0000 mm): 过孔 [/I2S_BCLK] (F.Cu - B.Cu)
[shorting_items]: 短路了两个不同网络的项目 (网络 unconnected-(U5-NC-Pad13) 和 /I2S_BCLK)
    Local override; error
    @(64.7500 mm, 92.5625 mm): B.Cu 上 U5 的焊盘 13 [unconnected-(U5-NC-Pad13)]
    @(64.5000 mm, 92.5625 mm): 过孔 [/I2S_BCLK] (F.Cu - B.Cu)
[shorting_items]: 短路了两个不同网络的项目 (网络 /CHG_N 和 /I2S_BCLK)
    Local override; error
    @(141.0425 mm, 80.1684 mm): 过孔 [/CHG_N] (F.Cu - B.Cu)
    @(140.8000 mm, 80.0000 mm): 过孔 [/I2S_BCLK] (F.Cu - B.Cu)
[clearance]: 间距违规 ( 间距 0.1500 mm; 实际 0.0250 mm)
    Local override; error
    @(64.7500 mm, 92.5625 mm): B.Cu 上 U5 的焊盘 13 [unconnected-(U5-NC-Pad13)]
    @(63.2500 mm, 92.5625 mm): 走线 [/I2S_BCLK] (B.Cu), 长度: 1.2500 mm
[shorting_items]: 短路了两个不同网络的项目 (网络 /I2S_BCLK 和 /CHG_N)
    Local override; error
    @(140.7500 mm, 80.0000 mm): 走线 [/I2S_BCLK] (F.Cu), 长度: 0.0500 mm
    @(141.0425 mm, 80.1684 mm): 过孔 [/CHG_N] (F.Cu - B.Cu)
[clearance]: 间距违规 ( 间距 0.1500 mm; 实际 0.0807 mm)
    Local override; error
    @(141.0441 mm, 80.1700 mm): 走线 [/CHG_N] (B.Cu), 长度: 0.0023 mm
    @(140.8000 mm, 80.0000 mm): 走线 [/I2S_BCLK] (B.Cu), 长度: 1.8200 mm
[shorting_items]: 短路了两个不同网络的项目 (网络 /I2S_BCLK 和 /CHG_N)
    Local override; error
    @(140.8000 mm, 80.0000 mm): 过孔 [/I2S_BCLK] (F.Cu - B.Cu)
    @(144.0917 mm, 83.2176 mm): 走线 [/CHG_N] (POWER), 长度: 4.3122 mm
[shorting_items]: 短路了两个不同网络的项目 (网络 /CHG_N 和 /I2S_BCLK)
    Local override; error
    @(141.0425 mm, 80.1684 mm): 过孔 [/CHG_N] (F.Cu - B.Cu)
    @(140.8000 mm, 80.0000 mm): 走线 [/I2S_BCLK] (B.Cu), 长度: 1.8200 mm
[clearance]: 间距违规 ( 间距 0.1500 mm; 实际 0.1399 mm)
    Local override; error
    @(111.7500 mm, 99.7500 mm): 走线 [/VSYS] (B.Cu), 长度: 2.1213 mm
    @(110.1838 mm, 100.5527 mm): 过孔 [/I2C_SDA] (F.Cu - B.Cu)
[shorting_items]: 短路了两个不同网络的项目 (网络 /I2C_SDA 和 /GAUGE_BIN)
    Local override; error
    @(128.2203 mm, 107.5186 mm): 走线 [/I2C_SDA] (POWER), 长度: 15.6073 mm
    @(129.9000 mm, 106.2000 mm): 过孔 [/GAUGE_BIN] (F.Cu - B.Cu)
[shorting_items]: 短路了两个不同网络的项目 (网络 /GAUGE_BIN 和 /GAUGE_INT_N)
    Local override; error
    @(131.1750 mm, 108.0000 mm): 过孔 [/GAUGE_BIN] (F.Cu - B.Cu)
    @(129.1689 mm, 107.9062 mm): 走线 [/GAUGE_INT_N] (POWER), 长度: 3.5124 mm
[clearance]: 间距违规 ( 间距 0.1500 mm; 实际 0.1449 mm)
    Local override; error
    @(61.5000 mm, 97.7500 mm): 走线 [/VSYS] (B.Cu), 长度: 5.7500 mm
    @(61.8449 mm, 94.4935 mm): 走线 [/AMP_EN] (B.Cu), 长度: 0.3627 mm
[clearance]: 间距违规 ( 间距 0.1500 mm; 实际 0.1449 mm)
    Local override; error
    @(61.5000 mm, 97.7500 mm): 走线 [/VSYS] (B.Cu), 长度: 5.7500 mm
    @(63.5333 mm, 90.5378 mm): 走线 [/AMP_EN] (B.Cu), 长度: 2.3878 mm
[clearance]: 间距违规 ( 间距 0.1500 mm; 实际 0.1449 mm)
    Local override; error
    @(61.5000 mm, 97.7500 mm): 走线 [/VSYS] (B.Cu), 长度: 5.7500 mm
    @(61.8449 mm, 92.2262 mm): 走线 [/AMP_EN] (B.Cu), 长度: 2.2673 mm
[clearance]: 间距违规 ( 间距 0.1500 mm; 实际 0.0500 mm)
    Local override; error
    @(129.9000 mm, 105.8000 mm): B.Cu 上 U7 的焊盘 9 [<no net>]
    @(129.9000 mm, 106.2000 mm): 过孔 [/GAUGE_BIN] (F.Cu - B.Cu)
[hole_clearance]: 孔间距违规 (<电路板配置> 中的 "孔" 约束 间距 0.2500 mm; 实际 0.0000 mm)
    Rule: <电路板配置> 中的 "孔" 约束; error
    @(146.5550 mm, 86.5000 mm): B.Cu 上 U1 的焊盘 17 [/SD_CD]
    @(146.6000 mm, 86.5000 mm): 过孔 [/LCD_SCS] (F.Cu - B.Cu)
[hole_clearance]: 孔间距违规 (<电路板配置> 中的 "孔" 约束 间距 0.2500 mm; 实际 0.2000 mm)
    Rule: <电路板配置> 中的 "孔" 约束; error
    @(129.9000 mm, 105.8000 mm): B.Cu 上 U7 的焊盘 9 [<no net>]
    @(129.9000 mm, 106.2000 mm): 过孔 [/GAUGE_BIN] (F.Cu - B.Cu)
[hole_clearance]: 孔间距违规 (<电路板配置> 中的 "孔" 约束 间距 0.2500 mm; 实际 0.2000 mm)
    Rule: <电路板配置> 中的 "孔" 约束; error
    @(129.9000 mm, 106.6000 mm): B.Cu 上 U7 的焊盘 11 [<no net>]
    @(129.9000 mm, 106.2000 mm): 过孔 [/GAUGE_BIN] (F.Cu - B.Cu)
[hole_clearance]: 孔间距违规 (<电路板配置> 中的 "孔" 约束 间距 0.2500 mm; 实际 0.0000 mm)
    Rule: <电路板配置> 中的 "孔" 约束; error
    @(64.7500 mm, 92.5625 mm): B.Cu 上 U5 的焊盘 13 [unconnected-(U5-NC-Pad13)]
    @(64.5000 mm, 92.5625 mm): 过孔 [/I2S_BCLK] (F.Cu - B.Cu)
[hole_clearance]: 孔间距违规 (<电路板配置> 中的 "孔" 约束 间距 0.2500 mm; 实际 0.0000 mm)
    Rule: <电路板配置> 中的 "孔" 约束; error
    @(64.2500 mm, 92.5625 mm): B.Cu 上 U5 的焊盘 14 [/I2S_LRCLK]
    @(64.5000 mm, 92.5625 mm): 过孔 [/I2S_BCLK] (F.Cu - B.Cu)
[solder_mask_bridge]: 底层阻焊开窗区域与不同网络的项目相连
    Rule: <电路板配置> 中的 "阻焊层最小宽度"; error
    @(64.5000 mm, 92.5625 mm): 过孔 [/I2S_BCLK] (F.Cu - B.Cu)
    @(64.7500 mm, 92.5625 mm): B.Cu 上 U5 的焊盘 13 [unconnected-(U5-NC-Pad13)]
[solder_mask_bridge]: 底层阻焊开窗区域与不同网络的项目相连
    Rule: <电路板配置> 中的 "阻焊层最小宽度"; error
    @(64.5000 mm, 92.5625 mm): 过孔 [/I2S_BCLK] (F.Cu - B.Cu)
    @(64.2500 mm, 92.5625 mm): B.Cu 上 U5 的焊盘 14 [/I2S_LRCLK]
[solder_mask_bridge]: 底层阻焊开窗区域与不同网络的项目相连
    Rule: <电路板配置> 中的 "阻焊层最小宽度"; error
    @(63.2500 mm, 92.5625 mm): 走线 [/I2S_BCLK] (B.Cu), 长度: 1.2500 mm
    @(64.2500 mm, 92.5625 mm): B.Cu 上 U5 的焊盘 14 [/I2S_LRCLK]
[solder_mask_bridge]: 底层阻焊开窗区域与不同网络的项目相连
    Rule: <电路板配置> 中的 "阻焊层最小宽度"; error
    @(63.2500 mm, 92.5625 mm): 走线 [/I2S_BCLK] (B.Cu), 长度: 1.2500 mm
    @(63.7500 mm, 92.5625 mm): B.Cu 上 U5 的焊盘 15 [/GND]
[solder_mask_bridge]: 底层阻焊开窗区域与不同网络的项目相连
    Rule: <电路板配置> 中的 "阻焊层最小宽度"; error
    @(146.6000 mm, 86.5000 mm): 过孔 [/LCD_SCS] (F.Cu - B.Cu)
    @(146.5550 mm, 86.5000 mm): B.Cu 上 U1 的焊盘 17 [/SD_CD]
[solder_mask_bridge]: 底层阻焊开窗区域与不同网络的项目相连
    Rule: <电路板配置> 中的 "阻焊层最小宽度"; error
    @(146.6000 mm, 86.5000 mm): 走线 [/LCD_SCS] (B.Cu), 长度: 1.2250 mm
    @(146.5550 mm, 86.5000 mm): B.Cu 上 U1 的焊盘 17 [/SD_CD]
[track_dangling]: Track has unconnected end
    Local override; warning
    @(126.7715 mm, 84.0000 mm): 走线 [/+5V_MEDIA] (B.Cu), 长度: 1.4410 mm
[track_dangling]: Track has unconnected end
    Local override; warning
    @(141.9755 mm, 101.2635 mm): 走线 [/ISET_SET] (B.Cu), 长度: 0.0005 mm
[track_dangling]: Track has unconnected end
    Local override; warning
    @(141.5380 mm, 103.0000 mm): 走线 [/VBAT] (B.Cu), 长度: 0.0007 mm
[track_dangling]: Track has unconnected end
    Local override; warning
    @(122.5190 mm, 111.7500 mm): 走线 [/PACKP] (B.Cu), 长度: 2.2685 mm
[track_dangling]: Track has unconnected end
    Local override; warning
    @(144.4620 mm, 101.3370 mm): 走线 [/ILIM_SET] (B.Cu), 长度: 0.0007 mm
[hole_to_hole]: 钻孔太靠近其他孔 (电路板配置约束 最小 0.2495 mm; 实际 0.0000 mm)
    Rule: 电路板配置约束; warning
    @(141.0425 mm, 80.1684 mm): 过孔 [/CHG_N] (F.Cu - B.Cu)
    @(140.8000 mm, 80.0000 mm): 过孔 [/I2S_BCLK] (F.Cu - B.Cu)
[silk_overlap]: Silkscreen clearance
    Rule: <电路板配置> 中的 "丝印" 约束; warning
    @(139.0000 mm, 69.5700 mm): C82 的参考字段
    @(138.8594 mm, 69.5100 mm): C81 的 线段, 位于 B.Silkscreen
[silk_overlap]: Silkscreen clearance
    Rule: <电路板配置> 中的 "丝印" 约束; warning
    @(154.7627 mm, 92.5225 mm): R93 的 线段, 位于 B.Silkscreen
    @(154.0000 mm, 92.5700 mm): C90 的参考字段
[silk_overlap]: Silkscreen clearance
    Rule: <电路板配置> 中的 "丝印" 约束; warning
    @(127.9993 mm, 108.5174 mm): U7 的参考字段
    @(128.0000 mm, 108.8700 mm): R73 的参考字段
[silk_over_copper]: Silkscreen clipped by solder mask
    Local override; warning
    @(139.0000 mm, 69.5700 mm): C82 的参考字段
    @(139.7750 mm, 69.0000 mm): B.Cu 上 C81 的焊盘 2 [/GND]
[silk_over_copper]: Silkscreen clipped by solder mask
    Local override; warning
    @(139.0000 mm, 69.5700 mm): C82 的参考字段
    @(138.2250 mm, 69.0000 mm): B.Cu 上 C81 的焊盘 1 [/+3V3_MAIN]
[silk_over_copper]: Silkscreen clipped by solder mask
    Local override; warning
    @(154.0000 mm, 92.5700 mm): C90 的参考字段
    @(154.1750 mm, 92.0000 mm): B.Cu 上 R93 的焊盘 1 [/SD_CD]
[silk_over_copper]: Silkscreen clipped by solder mask
    Local override; warning
    @(157.0000 mm, 92.5700 mm): C91 的参考字段
    @(155.8250 mm, 92.0000 mm): B.Cu 上 R93 的焊盘 2 [/+3V3_MAIN]
[silk_over_copper]: Silkscreen clipped by solder mask
    Local override; warning
    @(154.0000 mm, 92.5700 mm): C90 的参考字段
    @(152.8250 mm, 92.0000 mm): B.Cu 上 R92 的焊盘 2 [/+3V3_MAIN]
[silk_over_copper]: Silkscreen clipped by solder mask
    Local override; warning
    @(145.0000 mm, 105.5700 mm): R77 的参考字段
    @(146.1750 mm, 105.5000 mm): B.Cu 上 R75 的焊盘 1 [/PGOOD_N]

** Found 21 unconnected pads **
[unconnected_items]: Missing connection between items
    Local override; error
    @(141.7500 mm, 67.2500 mm): 填充区[/GND]在 B.Cu 上, 优先级 0
    @(141.7500 mm, 67.2500 mm): 填充区[/GND]在 B.Cu 上, 优先级 0
[unconnected_items]: Missing connection between items
    Local override; error
    @(141.7500 mm, 67.2500 mm): 填充区[/GND]在 B.Cu 上, 优先级 0
    @(141.7500 mm, 67.2500 mm): 填充区[/GND]在 B.Cu 上, 优先级 0
[unconnected_items]: Missing connection between items
    Local override; error
    @(141.7500 mm, 67.2500 mm): 填充区[/GND]在 B.Cu 上, 优先级 0
    @(141.7500 mm, 67.2500 mm): 填充区[/GND]在 F.Cu 上, 优先级 0
[unconnected_items]: Missing connection between items
    Local override; error
    @(141.7500 mm, 67.2500 mm): 填充区[/GND]在 F.Cu 上, 优先级 0
    @(141.7500 mm, 67.2500 mm): 填充区[/GND]在 B.Cu 上, 优先级 0
[unconnected_items]: Missing connection between items
    Local override; error
    @(141.7500 mm, 67.2500 mm): 填充区[/GND]在 GND 上, 优先级 0
    @(141.7500 mm, 67.2500 mm): 填充区[/GND]在 B.Cu 上, 优先级 0
[unconnected_items]: Missing connection between items
    Local override; error
    @(141.7500 mm, 67.2500 mm): 填充区[/GND]在 B.Cu 上, 优先级 0
    @(141.7500 mm, 67.2500 mm): 填充区[/GND]在 B.Cu 上, 优先级 0
[unconnected_items]: Missing connection between items
    Local override; error
    @(141.7500 mm, 67.2500 mm): 填充区[/GND]在 B.Cu 上, 优先级 0
    @(141.7500 mm, 67.2500 mm): 填充区[/GND]在 B.Cu 上, 优先级 0
[unconnected_items]: Missing connection between items
    Local override; error
    @(141.7500 mm, 67.2500 mm): 填充区[/GND]在 B.Cu 上, 优先级 0
    @(141.7500 mm, 67.2500 mm): 填充区[/GND]在 B.Cu 上, 优先级 0
[unconnected_items]: Missing connection between items
    Local override; error
    @(141.7500 mm, 67.2500 mm): 填充区[/GND]在 F.Cu 上, 优先级 0
    @(141.7500 mm, 67.2500 mm): 填充区[/GND]在 B.Cu 上, 优先级 0
[unconnected_items]: Missing connection between items
    Local override; error
    @(141.7500 mm, 67.2500 mm): 填充区[/GND]在 B.Cu 上, 优先级 0
    @(141.7500 mm, 67.2500 mm): 填充区[/GND]在 B.Cu 上, 优先级 0
[unconnected_items]: Missing connection between items
    Local override; error
    @(141.7500 mm, 67.2500 mm): 填充区[/GND]在 B.Cu 上, 优先级 0
    @(141.7500 mm, 67.2500 mm): 填充区[/GND]在 B.Cu 上, 优先级 0
[unconnected_items]: Missing connection between items
    Local override; error
    @(126.1000 mm, 106.2000 mm): B.Cu 上 U7 的焊盘 3 [/GND]
    @(141.7500 mm, 67.2500 mm): 填充区[/GND]在 B.Cu 上, 优先级 0
[unconnected_items]: Missing connection between items
    Local override; error
    @(126.6000 mm, 93.4600 mm): B.Cu 上 U3 的焊盘 15 [/GND]
    @(141.7500 mm, 67.2500 mm): 填充区[/GND]在 B.Cu 上, 优先级 0
[unconnected_items]: Missing connection between items
    Local override; error
    @(141.7500 mm, 67.2500 mm): 填充区[/GND]在 B.Cu 上, 优先级 0
    @(141.7500 mm, 67.2500 mm): 填充区[/GND]在 B.Cu 上, 优先级 0
[unconnected_items]: Missing connection between items
    Local override; error
    @(141.7500 mm, 67.2500 mm): 填充区[/GND]在 B.Cu 上, 优先级 0
    @(141.7500 mm, 67.2500 mm): 填充区[/GND]在 B.Cu 上, 优先级 0
[unconnected_items]: Missing connection between items
    Local override; error
    @(141.7500 mm, 67.2500 mm): 填充区[/GND]在 B.Cu 上, 优先级 0
    @(141.7500 mm, 67.2500 mm): 填充区[/GND]在 B.Cu 上, 优先级 0
[unconnected_items]: Missing connection between items
    Local override; error
    @(141.7500 mm, 67.2500 mm): 填充区[/GND]在 B.Cu 上, 优先级 0
    @(141.7500 mm, 67.2500 mm): 填充区[/GND]在 B.Cu 上, 优先级 0
[unconnected_items]: Missing connection between items
    Local override; error
    @(141.7500 mm, 67.2500 mm): 填充区[/GND]在 B.Cu 上, 优先级 0
    @(141.7500 mm, 67.2500 mm): 填充区[/GND]在 B.Cu 上, 优先级 0
[unconnected_items]: Missing connection between items
    Local override; error
    @(141.7500 mm, 67.2500 mm): 填充区[/GND]在 B.Cu 上, 优先级 0
    @(141.7500 mm, 67.2500 mm): 填充区[/GND]在 B.Cu 上, 优先级 0
[unconnected_items]: Missing connection between items
    Local override; error
    @(141.7500 mm, 67.2500 mm): 填充区[/GND]在 B.Cu 上, 优先级 0
    @(141.7500 mm, 67.2500 mm): 填充区[/GND]在 B.Cu 上, 优先级 0
[unconnected_items]: Missing connection between items
    Local override; error
    @(141.7500 mm, 67.2500 mm): 填充区[/GND]在 B.Cu 上, 优先级 0
    @(141.7500 mm, 67.2500 mm): 填充区[/GND]在 F.Cu 上, 优先级 0

** Found 0 Footprint errors **

** Ignored checks **
    - Footprint has no courtyard defined
    - Track endpoint not centered on via
    - Tuning profile track geometries
    - Footprint doesn't match symbol's footprint filters
    - Footprint component type doesn't match footprint pads

** End of Report **
