** Drc report for cadenza-d1-v41.kicad_pcb **
** Created on 2026-07-21T09:45:52 **
** Report includes: Errors, Warnings **

** Found 158 DRC violations **
[shorting_items]: 短路了两个不同网络的项目 (网络 /PACKP 和 /GND)
    Local override; error
    @(119.1000 mm, 103.0000 mm): 走线 [/PACKP] (B.Cu), 长度: 2.1000 mm
    @(116.6593 mm, 102.9005 mm): 过孔 [/GND] (F.Cu - B.Cu)
[hole_clearance]: 孔间距违规 (<电路板配置> 中的 "孔" 约束 间距 0.2500 mm; 实际 0.1299 mm)
    Rule: <电路板配置> 中的 "孔" 约束; error
    @(119.1000 mm, 103.0000 mm): 走线 [/PACKP] (B.Cu), 长度: 2.1000 mm
    @(116.6593 mm, 102.9005 mm): 过孔 [/GND] (F.Cu - B.Cu)
[tracks_crossing]: Tracks crossing
    Local override; error
    @(119.1000 mm, 103.8000 mm): 走线 [/GND] (B.Cu), 长度: 0.7500 mm
    @(119.1000 mm, 106.0000 mm): 走线 [/GAUGE_VDD] (B.Cu), 长度: 2.6000 mm
[shorting_items]: 短路了两个不同网络的项目 (网络 /PACKP 和 /GND)
    Local override; error
    @(117.0000 mm, 103.0000 mm): 走线 [/PACKP] (B.Cu), 长度: 9.0000 mm
    @(116.6593 mm, 102.9005 mm): 过孔 [/GND] (F.Cu - B.Cu)
[tracks_crossing]: Tracks crossing
    Local override; error
    @(119.1000 mm, 103.8000 mm): 走线 [/GND] (B.Cu), 长度: 0.7500 mm
    @(119.1000 mm, 106.8000 mm): 走线 [/PACKP] (B.Cu), 长度: 3.8000 mm
[shorting_items]: 短路了两个不同网络的项目 (网络 /GND 和 )
    Local override; error
    @(119.1000 mm, 103.8000 mm): 走线 [/GND] (B.Cu), 长度: 0.7500 mm
    @(119.1000 mm, 103.8000 mm): B.Cu 上 U7 的焊盘 4 [<no net>]
[hole_clearance]: 孔间距违规 (<电路板配置> 中的 "孔" 约束 间距 0.2500 mm; 实际 0.1299 mm)
    Rule: <电路板配置> 中的 "孔" 约束; error
    @(117.0000 mm, 103.0000 mm): 走线 [/PACKP] (B.Cu), 长度: 9.0000 mm
    @(116.6593 mm, 102.9005 mm): 过孔 [/GND] (F.Cu - B.Cu)
[clearance]: 间距违规 ( 间距 0.1500 mm; 实际 0.0331 mm)
    Local override; error
    @(141.6106 mm, 103.6769 mm): 走线 [/GND] (B.Cu), 长度: 0.1034 mm
    @(141.5375 mm, 103.2500 mm): 走线 [/VBAT] (B.Cu), 长度: 0.5000 mm
[shorting_items]: 短路了两个不同网络的项目 (网络 /GND 和 /VBAT)
    Local override; error
    @(141.6106 mm, 103.6769 mm): 走线 [/GND] (B.Cu), 长度: 0.1034 mm
    @(140.0000 mm, 104.0000 mm): 走线 [/VBAT] (B.Cu), 长度: 1.7107 mm
[clearance]: 间距违规 ( 间距 0.1500 mm; 实际 0.0331 mm)
    Local override; error
    @(141.5375 mm, 103.2500 mm): 走线 [/VBAT] (B.Cu), 长度: 0.5000 mm
    @(142.3231 mm, 103.6769 mm): 走线 [/GND] (B.Cu), 长度: 0.7125 mm
[shorting_items]: 短路了两个不同网络的项目 (网络 /GND 和 /VBAT)
    Local override; error
    @(142.3231 mm, 103.6769 mm): 走线 [/GND] (B.Cu), 长度: 0.7125 mm
    @(140.0000 mm, 104.0000 mm): 走线 [/VBAT] (B.Cu), 长度: 1.7107 mm
[shorting_items]: 短路了两个不同网络的项目 (网络 /LCD_SCS 和 /GND)
    Local override; error
    @(139.8000 mm, 68.0000 mm): 走线 [/LCD_SCS] (B.Cu), 长度: 0.8000 mm
    @(139.7750 mm, 69.0000 mm): B.Cu 上 C81 的焊盘 2 [/GND]
[shorting_items]: 短路了两个不同网络的项目 (网络 /GND 和 /LCD_SCS)
    Local override; error
    @(139.7750 mm, 69.0000 mm): B.Cu 上 C81 的焊盘 2 [/GND]
    @(139.8000 mm, 68.8000 mm): 走线 [/LCD_SCS] (B.Cu), 长度: 1.6971 mm
[shorting_items]: 短路了两个不同网络的项目 (网络 /SD_CMD 和 /+3V3_MAIN)
    Local override; error
    @(160.8017 mm, 85.9320 mm): 走线 [/SD_CMD] (B.Cu), 长度: 13.0485 mm
    @(153.2250 mm, 94.0000 mm): B.Cu 上 C90 的焊盘 1 [/+3V3_MAIN]
[shorting_items]: 短路了两个不同网络的项目 (网络 /GND 和 /SD_CS)
    Local override; error
    @(154.7750 mm, 94.0000 mm): B.Cu 上 C90 的焊盘 2 [/GND]
    @(154.2154 mm, 95.1672 mm): 走线 [/SD_CS] (B.Cu), 长度: 10.4861 mm
[shorting_items]: 短路了两个不同网络的项目 (网络 /SD_CMD 和 /SD_CD)
    Local override; error
    @(160.8017 mm, 85.9320 mm): 走线 [/SD_CMD] (B.Cu), 长度: 13.0485 mm
    @(154.1750 mm, 92.0000 mm): B.Cu 上 R93 的焊盘 1 [/SD_CD]
[shorting_items]: 短路了两个不同网络的项目 (网络 /SD_CS 和 /+3V3_MAIN)
    Local override; error
    @(154.2154 mm, 95.1672 mm): 走线 [/SD_CS] (B.Cu), 长度: 10.4861 mm
    @(156.2250 mm, 94.0000 mm): B.Cu 上 C91 的焊盘 1 [/+3V3_MAIN]
[clearance]: 间距违规 ( 间距 0.1500 mm; 实际 0.1358 mm)
    Local override; error
    @(160.8017 mm, 85.9320 mm): 走线 [/SD_CMD] (B.Cu), 长度: 13.0485 mm
    @(155.8250 mm, 92.0000 mm): B.Cu 上 R93 的焊盘 2 [/+3V3_MAIN]
[shorting_items]: 短路了两个不同网络的项目 (网络 /VBAT 和 /+3V3_MAIN)
    Local override; error
    @(140.0000 mm, 110.0000 mm): 走线 [/VBAT] (B.Cu), 长度: 6.0000 mm
    @(139.8034 mm, 105.1823 mm): 走线 [/+3V3_MAIN] (B.Cu), 长度: 4.7173 mm
[shorting_items]: 短路了两个不同网络的项目 (网络 /+3V3_MAIN 和 /VSYS)
    Local override; error
    @(142.7500 mm, 104.4625 mm): 走线 [/+3V3_MAIN] (B.Cu), 长度: 0.7198 mm
    @(142.7500 mm, 104.4625 mm): B.Cu 上 U2 的焊盘 6 [/VSYS]
[tracks_crossing]: Tracks crossing
    Local override; error
    @(140.0000 mm, 110.0000 mm): 走线 [/VBAT] (B.Cu), 长度: 6.0000 mm
    @(142.7500 mm, 105.1823 mm): 走线 [/+3V3_MAIN] (B.Cu), 长度: 2.9466 mm
[shorting_items]: 短路了两个不同网络的项目 (网络 /+3V3_MAIN 和 /SD_CLK)
    Local override; error
    @(155.8250 mm, 92.0000 mm): B.Cu 上 R93 的焊盘 2 [/+3V3_MAIN]
    @(155.7154 mm, 92.2566 mm): 过孔 [/SD_CLK] (F.Cu - B.Cu)
[shorting_items]: 短路了两个不同网络的项目 (网络 /+3V3_MAIN 和 /SD_CLK)
    Local override; error
    @(155.8250 mm, 92.0000 mm): B.Cu 上 R93 的焊盘 2 [/+3V3_MAIN]
    @(161.2160 mm, 86.7560 mm): 走线 [/SD_CLK] (B.Cu), 长度: 7.7790 mm
[hole_clearance]: 孔间距违规 (<电路板配置> 中的 "孔" 约束 间距 0.2500 mm; 实际 0.0000 mm)
    Rule: <电路板配置> 中的 "孔" 约束; error
    @(155.8250 mm, 92.0000 mm): B.Cu 上 R93 的焊盘 2 [/+3V3_MAIN]
    @(155.7154 mm, 92.2566 mm): 过孔 [/SD_CLK] (F.Cu - B.Cu)
[clearance]: 间距违规 ( 间距 0.1500 mm; 实际 0.1080 mm)
    Local override; error
    @(126.8250 mm, 101.0000 mm): B.Cu 上 R72 的焊盘 2 [/GND]
    @(127.4330 mm, 101.2723 mm): 走线 [/VBUS] (B.Cu), 长度: 0.8731 mm
[shorting_items]: 短路了两个不同网络的项目 (网络 /VBUS 和 /GND)
    Local override; error
    @(117.1375 mm, 101.0000 mm): 走线 [/VBUS] (B.Cu), 长度: 9.2821 mm
    @(126.8250 mm, 101.0000 mm): B.Cu 上 R72 的焊盘 2 [/GND]
[shorting_items]: 短路了两个不同网络的项目 (网络 /VBUS 和 /GAUGE_BIN)
    Local override; error
    @(117.1375 mm, 101.0000 mm): 走线 [/VBUS] (B.Cu), 长度: 9.2821 mm
    @(125.1750 mm, 101.0000 mm): B.Cu 上 R72 的焊盘 1 [/GAUGE_BIN]
[clearance]: 间距违规 ( 间距 0.1500 mm; 实际 0.1080 mm)
    Local override; error
    @(126.8250 mm, 101.0000 mm): B.Cu 上 R72 的焊盘 2 [/GND]
    @(127.4330 mm, 101.2723 mm): 走线 [/VBUS] (B.Cu), 长度: 4.4510 mm
[shorting_items]: 短路了两个不同网络的项目 (网络 /GND 和 /VBUS)
    Local override; error
    @(126.8250 mm, 101.0000 mm): B.Cu 上 R72 的焊盘 2 [/GND]
    @(126.6920 mm, 101.2724 mm): 走线 [/VBUS] (B.Cu), 长度: 0.7409 mm
[shorting_items]: 短路了两个不同网络的项目 (网络 /GND 和 /VBUS)
    Local override; error
    @(126.8250 mm, 101.0000 mm): B.Cu 上 R72 的焊盘 2 [/GND]
    @(126.4196 mm, 101.0000 mm): 走线 [/VBUS] (B.Cu), 长度: 0.3852 mm
[clearance]: 间距违规 ( 间距 0.1500 mm; 实际 0.1079 mm)
    Local override; error
    @(126.8250 mm, 101.0000 mm): B.Cu 上 R72 的焊盘 2 [/GND]
    @(127.4329 mm, 101.2724 mm): 走线 [/VBUS] (B.Cu), 长度: 0.0001 mm
[clearance]: 间距违规 ( 间距 0.1500 mm; 实际 0.1021 mm)
    Local override; error
    @(142.2500 mm, 90.1187 mm): 走线 [/USB_D+] (B.Cu), 长度: 6.7407 mm
    @(145.1750 mm, 92.0000 mm): B.Cu 上 R90 的焊盘 1 [/SD_CS]
[clearance]: 间距违规 ( 间距 0.1500 mm; 实际 0.0525 mm)
    Local override; error
    @(146.0395 mm, 104.8725 mm): 走线 [/USB_D+] (B.Cu), 长度: 0.4692 mm
    @(146.1750 mm, 105.5000 mm): B.Cu 上 R75 的焊盘 1 [/PGOOD_N]
[clearance]: 间距违规 ( 间距 0.1500 mm; 实际 0.0765 mm)
    Local override; error
    @(126.7485 mm, 103.8985 mm): 走线 [/USB_D+] (B.Cu), 长度: 2.1258 mm
    @(127.0000 mm, 105.0000 mm): 走线 [/VBAT] (B.Cu), 长度: 7.3376 mm
[tracks_crossing]: Tracks crossing
    Local override; error
    @(126.7485 mm, 103.8985 mm): 走线 [/USB_D+] (B.Cu), 长度: 2.1258 mm
    @(126.0000 mm, 103.0000 mm): 走线 [/VBAT] (B.Cu), 长度: 2.2361 mm
[tracks_crossing]: Tracks crossing
    Local override; error
    @(144.4185 mm, 106.0243 mm): 走线 [/USB_D+] (B.Cu), 长度: 17.6700 mm
    @(127.0000 mm, 105.0000 mm): 走线 [/VBAT] (B.Cu), 长度: 7.3376 mm
[tracks_crossing]: Tracks crossing
    Local override; error
    @(122.9000 mm, 103.0000 mm): 走线 [/VBAT] (B.Cu), 长度: 3.1000 mm
    @(124.8000 mm, 101.9500 mm): 走线 [/USB_D+] (B.Cu), 长度: 2.7556 mm
[tracks_crossing]: Tracks crossing
    Local override; error
    @(126.0000 mm, 103.0000 mm): 走线 [/VBAT] (B.Cu), 长度: 2.2361 mm
    @(124.8000 mm, 101.9500 mm): 走线 [/USB_D+] (B.Cu), 长度: 2.7556 mm
[tracks_crossing]: Tracks crossing
    Local override; error
    @(140.0000 mm, 110.0000 mm): 走线 [/VBAT] (B.Cu), 长度: 6.0000 mm
    @(144.4185 mm, 106.0243 mm): 走线 [/USB_D+] (B.Cu), 长度: 17.6700 mm
[clearance]: 间距违规 ( 间距 0.1500 mm; 实际 0.0525 mm)
    Local override; error
    @(146.1750 mm, 105.5000 mm): B.Cu 上 R75 的焊盘 1 [/PGOOD_N]
    @(146.8149 mm, 104.0971 mm): 走线 [/USB_D+] (B.Cu), 长度: 1.0966 mm
[tracks_crossing]: Tracks crossing
    Local override; error
    @(140.0000 mm, 110.0000 mm): 走线 [/VBAT] (B.Cu), 长度: 6.0000 mm
    @(139.6756 mm, 105.6226 mm): 走线 [/USB_D-] (B.Cu), 长度: 4.5185 mm
[shorting_items]: 短路了两个不同网络的项目 (网络 /VBAT 和 /USB_D-)
    Local override; error
    @(140.0000 mm, 110.0000 mm): 走线 [/VBAT] (B.Cu), 长度: 6.0000 mm
    @(136.3014 mm, 102.2484 mm): 走线 [/USB_D-] (B.Cu), 长度: 4.7718 mm
[tracks_crossing]: Tracks crossing
    Local override; error
    @(121.0000 mm, 108.0000 mm): 走线 [/GAUGE_VDD] (B.Cu), 长度: 2.7586 mm
    @(108.3679 mm, 106.5260 mm): 走线 [/BOOT_N] (B.Cu), 长度: 36.5861 mm
[clearance]: 间距违规 ( 间距 0.1500 mm; 实际 0.0740 mm)
    Local override; error
    @(108.3679 mm, 106.5260 mm): 走线 [/BOOT_N] (B.Cu), 长度: 36.5861 mm
    @(120.2250 mm, 108.0000 mm): 走线 [/PACKP] (B.Cu), 长度: 1.6449 mm
[tracks_crossing]: Tracks crossing
    Local override; error
    @(108.3679 mm, 106.5260 mm): 走线 [/BOOT_N] (B.Cu), 长度: 36.5861 mm
    @(119.1000 mm, 106.8000 mm): 走线 [/PACKP] (B.Cu), 长度: 3.8000 mm
[tracks_crossing]: Tracks crossing
    Local override; error
    @(108.3679 mm, 106.5260 mm): 走线 [/BOOT_N] (B.Cu), 长度: 36.5861 mm
    @(117.0000 mm, 103.0000 mm): 走线 [/PACKP] (B.Cu), 长度: 9.0000 mm
[tracks_crossing]: Tracks crossing
    Local override; error
    @(108.3679 mm, 106.5260 mm): 走线 [/BOOT_N] (B.Cu), 长度: 36.5861 mm
    @(127.0000 mm, 105.0000 mm): 走线 [/VBAT] (B.Cu), 长度: 7.3376 mm
[tracks_crossing]: Tracks crossing
    Local override; error
    @(124.5000 mm, 103.4000 mm): 走线 [/PACKP] (B.Cu), 长度: 7.6000 mm
    @(108.3679 mm, 106.5260 mm): 走线 [/BOOT_N] (B.Cu), 长度: 36.5861 mm
[clearance]: 间距违规 ( 间距 0.1500 mm; 实际 0.0600 mm)
    Local override; error
    @(152.8250 mm, 92.0000 mm): B.Cu 上 R92 的焊盘 2 [/+3V3_MAIN]
    @(147.4181 mm, 98.3910 mm): 走线 [/BOOT_N] (B.Cu), 长度: 15.2357 mm
[shorting_items]: 短路了两个不同网络的项目 (网络 /CHG_N 和 /BOOT_N)
    Local override; error
    @(144.1750 mm, 107.0000 mm): B.Cu 上 R77 的焊盘 1 [/CHG_N]
    @(108.3679 mm, 106.5260 mm): 走线 [/BOOT_N] (B.Cu), 长度: 36.5861 mm
[shorting_items]: 短路了两个不同网络的项目 (网络 /PGOOD_N 和 /BOOT_N)
    Local override; error
    @(146.1750 mm, 105.5000 mm): B.Cu 上 R75 的焊盘 1 [/PGOOD_N]
    @(144.9540 mm, 106.5260 mm): 走线 [/BOOT_N] (B.Cu), 长度: 3.4848 mm
[tracks_crossing]: Tracks crossing
    Local override; error
    @(140.0000 mm, 110.0000 mm): 走线 [/VBAT] (B.Cu), 长度: 6.0000 mm
    @(108.3679 mm, 106.5260 mm): 走线 [/BOOT_N] (B.Cu), 长度: 36.5861 mm
[shorting_items]: 短路了两个不同网络的项目 (网络 /SD_CD 和 /BOOT_N)
    Local override; error
    @(154.1750 mm, 92.0000 mm): B.Cu 上 R93 的焊盘 1 [/SD_CD]
    @(147.4181 mm, 98.3910 mm): 走线 [/BOOT_N] (B.Cu), 长度: 15.2357 mm
[clearance]: 间距违规 ( 间距 0.1500 mm; 实际 0.1000 mm)
    Local override; error
    @(141.5375 mm, 102.2500 mm): 走线 [/BAT_TS] (B.Cu), 长度: 0.4900 mm
    @(141.5375 mm, 103.2500 mm): 走线 [/VBAT] (B.Cu), 长度: 0.5000 mm
[shorting_items]: 短路了两个不同网络的项目 (网络 /ESP_EN 和 /GND)
    Local override; error
    @(140.0725 mm, 71.2800 mm): 走线 [/ESP_EN] (B.Cu), 长度: 2.1775 mm
    @(139.7750 mm, 71.0000 mm): B.Cu 上 C82 的焊盘 2 [/GND]
[shorting_items]: 短路了两个不同网络的项目 (网络 /ESP_EN 和 /+3V3_MAIN)
    Local override; error
    @(121.9169 mm, 53.1244 mm): 走线 [/ESP_EN] (B.Cu), 长度: 25.6759 mm
    @(138.2250 mm, 69.0000 mm): B.Cu 上 C81 的焊盘 1 [/+3V3_MAIN]
[shorting_items]: 短路了两个不同网络的项目 (网络 /GND 和 /ESP_EN)
    Local override; error
    @(139.7750 mm, 71.0000 mm): B.Cu 上 C82 的焊盘 2 [/GND]
    @(121.9169 mm, 53.1244 mm): 走线 [/ESP_EN] (B.Cu), 长度: 25.6759 mm
[shorting_items]: 短路了两个不同网络的项目 (网络 /I2C_SDA 和 /PACKP)
    Local override; error
    @(117.0000 mm, 106.0000 mm): 过孔 [/I2C_SDA] (F.Cu - B.Cu)
    @(117.0000 mm, 103.0000 mm): 走线 [/PACKP] (B.Cu), 长度: 9.0000 mm
[tracks_crossing]: Tracks crossing
    Local override; error
    @(118.0000 mm, 105.0000 mm): 走线 [/I2C_SDA] (B.Cu), 长度: 1.4142 mm
    @(117.0000 mm, 103.0000 mm): 走线 [/PACKP] (B.Cu), 长度: 9.0000 mm
[hole_clearance]: 孔间距违规 (<电路板配置> 中的 "孔" 约束 间距 0.2500 mm; 实际 0.0000 mm)
    Rule: <电路板配置> 中的 "孔" 约束; error
    @(117.0000 mm, 103.0000 mm): 走线 [/PACKP] (B.Cu), 长度: 9.0000 mm
    @(117.0000 mm, 106.0000 mm): 过孔 [/I2C_SDA] (F.Cu - B.Cu)
[tracks_crossing]: Tracks crossing
    Local override; error
    @(119.1000 mm, 106.0000 mm): 走线 [/GAUGE_VDD] (B.Cu), 长度: 2.6000 mm
    @(119.1000 mm, 105.0000 mm): 走线 [/I2C_SDA] (B.Cu), 长度: 0.9000 mm
[tracks_crossing]: Tracks crossing
    Local override; error
    @(119.1000 mm, 106.8000 mm): 走线 [/PACKP] (B.Cu), 长度: 3.8000 mm
    @(119.1000 mm, 105.0000 mm): 走线 [/I2C_SDA] (B.Cu), 长度: 0.9000 mm
[clearance]: 间距违规 ( 间距 0.1500 mm; 实际 0.0181 mm)
    Local override; error
    @(75.0000 mm, 65.0000 mm): B.Cu 上 TP1 的焊盘 1 [/UART_TX0]
    @(67.3063 mm, 58.0000 mm): 走线 [/PDM_DATA] (B.Cu), 长度: 9.6738 mm
[shorting_items]: 短路了两个不同网络的项目 (网络 /GND 和 /PDM_DATA)
    Local override; error
    @(139.7750 mm, 69.0000 mm): B.Cu 上 C81 的焊盘 2 [/GND]
    @(140.2000 mm, 64.8404 mm): 走线 [/PDM_DATA] (B.Cu), 长度: 3.7596 mm
[shorting_items]: 短路了两个不同网络的项目 (网络 /GND 和 /PDM_DATA)
    Local override; error
    @(139.7750 mm, 69.0000 mm): B.Cu 上 C81 的焊盘 2 [/GND]
    @(140.2000 mm, 68.6000 mm): 走线 [/PDM_DATA] (B.Cu), 长度: 0.8000 mm
[clearance]: 间距违规 ( 间距 0.1500 mm; 实际 0.0864 mm)
    Local override; error
    @(142.4100 mm, 103.5900 mm): U2 的PTH 焊盘 17 [/GND]
    @(140.0000 mm, 104.0000 mm): 走线 [/VBAT] (B.Cu), 长度: 1.7107 mm
[shorting_items]: 短路了两个不同网络的项目 (网络 /GAUGE_INT_N 和 /VBAT)
    Local override; error
    @(128.1750 mm, 108.0000 mm): B.Cu 上 R74 的焊盘 1 [/GAUGE_INT_N]
    @(127.0000 mm, 105.0000 mm): 走线 [/VBAT] (B.Cu), 长度: 7.3376 mm
[hole_clearance]: 孔间距违规 (<电路板配置> 中的 "孔" 约束 间距 0.2500 mm; 实际 0.2364 mm)
    Rule: <电路板配置> 中的 "孔" 约束; error
    @(140.0000 mm, 104.0000 mm): 走线 [/VBAT] (B.Cu), 长度: 1.7107 mm
    @(142.4100 mm, 103.5900 mm): U2 的PTH 焊盘 17 [/GND]
[clearance]: 间距违规 ( 间距 0.1500 mm; 实际 0.0750 mm)
    Local override; error
    @(141.5375 mm, 103.2500 mm): 走线 [/VBAT] (B.Cu), 长度: 0.5000 mm
    @(141.5375 mm, 103.7500 mm): B.Cu 上 U2 的焊盘 4 [/GND]
[clearance]: 间距违规 ( 间距 0.1500 mm; 实际 0.0750 mm)
    Local override; error
    @(141.5375 mm, 103.2500 mm): 走线 [/VBAT] (B.Cu), 长度: 0.5000 mm
    @(141.5375 mm, 102.2500 mm): B.Cu 上 U2 的焊盘 1 [/BAT_TS]
[shorting_items]: 短路了两个不同网络的项目 (网络 /GND 和 /VBAT)
    Local override; error
    @(141.5375 mm, 103.7500 mm): B.Cu 上 U2 的焊盘 4 [/GND]
    @(140.0000 mm, 104.0000 mm): 走线 [/VBAT] (B.Cu), 长度: 1.7107 mm
[clearance]: 间距违规 ( 间距 0.1500 mm; 实际 0.0225 mm)
    Local override; error
    @(140.0000 mm, 104.0000 mm): 走线 [/VBAT] (B.Cu), 长度: 1.7107 mm
    @(143.0000 mm, 103.0000 mm): B.Cu 上 U2 的焊盘 17 [/GND]
[clearance]: 间距违规 ( 间距 0.1500 mm; 实际 0.0225 mm)
    Local override; error
    @(143.0000 mm, 103.0000 mm): B.Cu 上 U2 的焊盘 17 [/GND]
    @(140.0000 mm, 104.0000 mm): 走线 [/VBAT] (B.Cu), 长度: 1.7107 mm
[tracks_crossing]: Tracks crossing
    Local override; error
    @(119.1000 mm, 106.0000 mm): 走线 [/GAUGE_VDD] (B.Cu), 长度: 2.6000 mm
    @(119.1000 mm, 106.8000 mm): 走线 [/PACKP] (B.Cu), 长度: 3.8000 mm
[shorting_items]: 短路了两个不同网络的项目 (网络 /GND 和 /GAUGE_VDD)
    Local override; error
    @(121.7750 mm, 108.0000 mm): B.Cu 上 C70 的焊盘 2 [/GND]
    @(124.2250 mm, 108.0000 mm): 走线 [/GAUGE_VDD] (B.Cu), 长度: 3.2250 mm
[tracks_crossing]: Tracks crossing
    Local override; error
    @(121.0000 mm, 108.0000 mm): 走线 [/GAUGE_VDD] (B.Cu), 长度: 2.7586 mm
    @(119.1000 mm, 106.8000 mm): 走线 [/PACKP] (B.Cu), 长度: 3.8000 mm
[shorting_items]: 短路了两个不同网络的项目 (网络 /GND 和 /GAUGE_VDD)
    Local override; error
    @(119.1000 mm, 104.2000 mm): B.Cu 上 U7 的焊盘 3 [/GND]
    @(119.1000 mm, 106.0000 mm): 走线 [/GAUGE_VDD] (B.Cu), 长度: 2.6000 mm
[shorting_items]: 短路了两个不同网络的项目 (网络 /PACKP 和 /GAUGE_VDD)
    Local override; error
    @(124.5000 mm, 103.4000 mm): 走线 [/PACKP] (B.Cu), 长度: 7.6000 mm
    @(124.2250 mm, 108.0000 mm): B.Cu 上 C71 的焊盘 1 [/GAUGE_VDD]
[clearance]: 间距违规 ( 间距 0.1500 mm; 实际 0.1000 mm)
    Local override; error
    @(124.5000 mm, 103.4000 mm): 走线 [/PACKP] (B.Cu), 长度: 7.6000 mm
    @(124.2250 mm, 108.0000 mm): 走线 [/GAUGE_VDD] (B.Cu), 长度: 3.2250 mm
[shorting_items]: 短路了两个不同网络的项目 (网络 /GAUGE_VDD 和 /PACKP)
    Local override; error
    @(121.0000 mm, 108.0000 mm): 走线 [/GAUGE_VDD] (B.Cu), 长度: 2.7586 mm
    @(120.2250 mm, 108.0000 mm): B.Cu 上 C70 的焊盘 1 [/PACKP]
[shorting_items]: 短路了两个不同网络的项目 (网络  和 /GAUGE_VDD)
    Local override; error
    @(119.1000 mm, 103.8000 mm): B.Cu 上 U7 的焊盘 4 [<no net>]
    @(119.1000 mm, 106.0000 mm): 走线 [/GAUGE_VDD] (B.Cu), 长度: 2.6000 mm
[shorting_items]: 短路了两个不同网络的项目 (网络 /I2C_SDA 和 /GAUGE_VDD)
    Local override; error
    @(119.1000 mm, 105.0000 mm): B.Cu 上 U7 的焊盘 1 [/I2C_SDA]
    @(119.1000 mm, 106.0000 mm): 走线 [/GAUGE_VDD] (B.Cu), 长度: 2.6000 mm
[shorting_items]: 短路了两个不同网络的项目 (网络 /GND 和 /PACKP)
    Local override; error
    @(119.1000 mm, 104.2000 mm): B.Cu 上 U7 的焊盘 3 [/GND]
    @(119.1000 mm, 106.8000 mm): 走线 [/PACKP] (B.Cu), 长度: 3.8000 mm
[shorting_items]: 短路了两个不同网络的项目 (网络 /GAUGE_VDD 和 /I2C_SCL)
    Local override; error
    @(119.1000 mm, 106.0000 mm): 走线 [/GAUGE_VDD] (B.Cu), 长度: 2.6000 mm
    @(119.1000 mm, 104.6000 mm): B.Cu 上 U7 的焊盘 2 [/I2C_SCL]
[shorting_items]: 短路了两个不同网络的项目 (网络  和 /PACKP)
    Local override; error
    @(119.1000 mm, 103.8000 mm): B.Cu 上 U7 的焊盘 4 [<no net>]
    @(119.1000 mm, 106.8000 mm): 走线 [/PACKP] (B.Cu), 长度: 3.8000 mm
[shorting_items]: 短路了两个不同网络的项目 (网络 /GAUGE_VDD 和 /PACKP)
    Local override; error
    @(119.1000 mm, 103.4000 mm): B.Cu 上 U7 的焊盘 5 [/GAUGE_VDD]
    @(119.1000 mm, 106.8000 mm): 走线 [/PACKP] (B.Cu), 长度: 3.8000 mm
[shorting_items]: 短路了两个不同网络的项目 (网络 /I2C_SDA 和 /PACKP)
    Local override; error
    @(119.1000 mm, 105.0000 mm): B.Cu 上 U7 的焊盘 1 [/I2C_SDA]
    @(119.1000 mm, 106.8000 mm): 走线 [/PACKP] (B.Cu), 长度: 3.8000 mm
[shorting_items]: 短路了两个不同网络的项目 (网络 /PACKP 和 /I2C_SCL)
    Local override; error
    @(119.1000 mm, 106.8000 mm): 走线 [/PACKP] (B.Cu), 长度: 3.8000 mm
    @(119.1000 mm, 104.6000 mm): B.Cu 上 U7 的焊盘 2 [/I2C_SCL]
[shorting_items]: 短路了两个不同网络的项目 (网络 /PDM_DATA 和 /UART_TX0)
    Local override; error
    @(74.1467 mm, 64.8404 mm): 过孔 [/PDM_DATA] (F.Cu - B.Cu)
    @(75.0000 mm, 65.0000 mm): B.Cu 上 TP1 的焊盘 1 [/UART_TX0]
[hole_clearance]: 孔间距违规 (<电路板配置> 中的 "孔" 约束 间距 0.2500 mm; 实际 0.0000 mm)
    Rule: <电路板配置> 中的 "孔" 约束; error
    @(75.0000 mm, 65.0000 mm): B.Cu 上 TP1 的焊盘 1 [/UART_TX0]
    @(74.1467 mm, 64.8404 mm): 过孔 [/PDM_DATA] (F.Cu - B.Cu)
[clearance]: 间距违规 (焊盘 间距 0.6000 mm; 实际 0.2000 mm)
    Local override; error
    @(58.0000 mm, 68.0000 mm): F.Cu 上 FID1 的焊盘 [<no net>]
    @(57.9500 mm, 66.8000 mm): F.Cu 上 SW3 的焊盘 2 [/GND]
[shorting_items]: 短路了两个不同网络的项目 (网络 /+3V3_MAIN 和 /VSYS)
    Local override; error
    @(132.3250 mm, 91.5000 mm): B.Cu 上 R76 的焊盘 2 [/+3V3_MAIN]
    @(132.6000 mm, 90.0000 mm): B.Cu 上 L2 的焊盘 1 [/VSYS]
[hole_clearance]: 孔间距违规 (<电路板配置> 中的 "孔" 约束 间距 0.2500 mm; 实际 0.0000 mm)
    Rule: <电路板配置> 中的 "孔" 约束; error
    @(75.0000 mm, 65.0000 mm): B.Cu 上 TP1 的焊盘 1 [/UART_TX0]
    @(74.1467 mm, 64.8404 mm): 过孔 [/PDM_DATA] (F.Cu - B.Cu)
[hole_clearance]: 孔间距违规 (<电路板配置> 中的 "孔" 约束 间距 0.2500 mm; 实际 0.0000 mm)
    Rule: <电路板配置> 中的 "孔" 约束; error
    @(155.8250 mm, 92.0000 mm): B.Cu 上 R93 的焊盘 2 [/+3V3_MAIN]
    @(155.7154 mm, 92.2566 mm): 过孔 [/SD_CLK] (F.Cu - B.Cu)
[courtyards_overlap]: Courtyards overlap
    Rule: <电路板配置> 中的 "元件外框" 约束; error
    @(131.5000 mm, 91.5000 mm): 封装 R76
    @(134.0000 mm, 90.0000 mm): 封装 L2
[courtyards_overlap]: Courtyards overlap
    Rule: <电路板配置> 中的 "元件外框" 约束; error
    @(58.0000 mm, 68.0000 mm): 封装 FID1
    @(60.0000 mm, 66.0000 mm): 封装 SW3
[copper_edge_clearance]: 电路板边缘间距违规 (<电路板配置> 中的 "板边" 约束 间距 0.5000 mm; 实际 0.0000 mm)
    Rule: <电路板配置> 中的 "板边" 约束; error
    @(160.0000 mm, 114.0000 mm): Edge.Cuts 上的 线段
    @(136.0000 mm, 116.0000 mm): 走线 [/VBAT] (B.Cu), 长度: 7.2111 mm
[copper_edge_clearance]: 电路板边缘间距违规 (<电路板配置> 中的 "板边" 约束 间距 0.5000 mm; 实际 0.0000 mm)
    Rule: <电路板配置> 中的 "板边" 约束; error
    @(160.0000 mm, 114.0000 mm): Edge.Cuts 上的 线段
    @(129.2000 mm, 112.0000 mm): 走线 [/VBAT] (B.Cu), 长度: 4.0070 mm
[copper_edge_clearance]: 电路板边缘间距违规 (<电路板配置> 中的 "板边" 约束 间距 0.5000 mm; 实际 0.0000 mm)
    Rule: <电路板配置> 中的 "板边" 约束; error
    @(160.0000 mm, 114.0000 mm): Edge.Cuts 上的 线段
    @(123.5000 mm, 112.0000 mm): 走线 [/PACKP] (B.Cu), 长度: 4.0266 mm
[copper_edge_clearance]: 电路板边缘间距违规 (<电路板配置> 中的 "板边" 约束 间距 0.5000 mm; 实际 0.0000 mm)
    Rule: <电路板配置> 中的 "板边" 约束; error
    @(160.0000 mm, 114.0000 mm): Edge.Cuts 上的 线段
    @(122.8000 mm, 112.0000 mm): 走线 [/PACKP] (B.Cu), 长度: 4.0070 mm
[copper_edge_clearance]: 电路板边缘间距违规 (<电路板配置> 中的 "板边" 约束 间距 0.5000 mm; 实际 0.0000 mm)
    Rule: <电路板配置> 中的 "板边" 约束; error
    @(160.0000 mm, 114.0000 mm): Edge.Cuts 上的 线段
    @(75.0000 mm, 106.5000 mm): 走线 [/PACKP] (B.Cu), 长度: 12.5000 mm
[copper_edge_clearance]: 电路板边缘间距违规 (<电路板配置> 中的 "板边" 约束 间距 0.5000 mm; 实际 0.3250 mm)
    Rule: <电路板配置> 中的 "板边" 约束; error
    @(160.0000 mm, 114.0000 mm): Edge.Cuts 上的 线段
    @(128.9625 mm, 116.0000 mm): B.Cu 上 R73 的焊盘 1 [/VBAT]
[copper_edge_clearance]: 电路板边缘间距违规 (<电路板配置> 中的 "板边" 约束 间距 0.5000 mm; 实际 0.3250 mm)
    Rule: <电路板配置> 中的 "板边" 约束; error
    @(160.0000 mm, 114.0000 mm): Edge.Cuts 上的 线段
    @(123.0375 mm, 116.0000 mm): B.Cu 上 R73 的焊盘 2 [/PACKP]
[solder_mask_bridge]: 底层阻焊开窗区域与不同网络的项目相连
    Rule: <电路板配置> 中的 "阻焊层最小宽度"; error
    @(117.1375 mm, 101.0000 mm): 走线 [/VBUS] (B.Cu), 长度: 9.2821 mm
    @(126.8250 mm, 101.0000 mm): B.Cu 上 R72 的焊盘 2 [/GND]
[solder_mask_bridge]: 底层阻焊开窗区域与不同网络的项目相连
    Rule: <电路板配置> 中的 "阻焊层最小宽度"; error
    @(117.1375 mm, 101.0000 mm): 走线 [/VBUS] (B.Cu), 长度: 9.2821 mm
    @(125.1750 mm, 101.0000 mm): B.Cu 上 R72 的焊盘 1 [/GAUGE_BIN]
[solder_mask_bridge]: 顶层阻焊开窗区域与不同网络的项目相连
    Rule: <电路板配置> 中的 "阻焊层最小宽度"; error
    @(58.0000 mm, 68.0000 mm): F.Cu 上 FID1 的焊盘 [<no net>]
    @(57.9500 mm, 66.8000 mm): F.Cu 上 SW3 的焊盘 2 [/GND]
[solder_mask_bridge]: 底层阻焊开窗区域与不同网络的项目相连
    Rule: <电路板配置> 中的 "阻焊层最小宽度"; error
    @(126.4196 mm, 101.0000 mm): 走线 [/VBUS] (B.Cu), 长度: 0.3852 mm
    @(126.8250 mm, 101.0000 mm): B.Cu 上 R72 的焊盘 2 [/GND]
[solder_mask_bridge]: 底层阻焊开窗区域与不同网络的项目相连
    Rule: <电路板配置> 中的 "阻焊层最小宽度"; error
    @(126.6920 mm, 101.2724 mm): 走线 [/VBUS] (B.Cu), 长度: 0.7409 mm
    @(126.8250 mm, 101.0000 mm): B.Cu 上 R72 的焊盘 2 [/GND]
[solder_mask_bridge]: 底层阻焊开窗区域与不同网络的项目相连
    Rule: <电路板配置> 中的 "阻焊层最小宽度"; error
    @(139.8000 mm, 68.0000 mm): 走线 [/LCD_SCS] (B.Cu), 长度: 0.8000 mm
    @(139.7750 mm, 69.0000 mm): B.Cu 上 C81 的焊盘 2 [/GND]
[solder_mask_bridge]: 底层阻焊开窗区域与不同网络的项目相连
    Rule: <电路板配置> 中的 "阻焊层最小宽度"; error
    @(154.2154 mm, 95.1672 mm): 走线 [/SD_CS] (B.Cu), 长度: 10.4861 mm
    @(154.7750 mm, 94.0000 mm): B.Cu 上 C90 的焊盘 2 [/GND]
[solder_mask_bridge]: 底层阻焊开窗区域与不同网络的项目相连
    Rule: <电路板配置> 中的 "阻焊层最小宽度"; error
    @(132.6000 mm, 90.0000 mm): B.Cu 上 L2 的焊盘 1 [/VSYS]
    @(132.3250 mm, 91.5000 mm): B.Cu 上 R76 的焊盘 2 [/+3V3_MAIN]
[solder_mask_bridge]: 底层阻焊开窗区域与不同网络的项目相连
    Rule: <电路板配置> 中的 "阻焊层最小宽度"; error
    @(154.2154 mm, 95.1672 mm): 走线 [/SD_CS] (B.Cu), 长度: 10.4861 mm
    @(156.2250 mm, 94.0000 mm): B.Cu 上 C91 的焊盘 1 [/+3V3_MAIN]
[solder_mask_bridge]: 底层阻焊开窗区域与不同网络的项目相连
    Rule: <电路板配置> 中的 "阻焊层最小宽度"; error
    @(139.8000 mm, 68.8000 mm): 走线 [/LCD_SCS] (B.Cu), 长度: 1.6971 mm
    @(139.7750 mm, 69.0000 mm): B.Cu 上 C81 的焊盘 2 [/GND]
[solder_mask_bridge]: 底层阻焊开窗区域与不同网络的项目相连
    Rule: <电路板配置> 中的 "阻焊层最小宽度"; error
    @(160.8017 mm, 85.9320 mm): 走线 [/SD_CMD] (B.Cu), 长度: 13.0485 mm
    @(153.2250 mm, 94.0000 mm): B.Cu 上 C90 的焊盘 1 [/+3V3_MAIN]
[solder_mask_bridge]: 底层阻焊开窗区域与不同网络的项目相连
    Rule: <电路板配置> 中的 "阻焊层最小宽度"; error
    @(160.8017 mm, 85.9320 mm): 走线 [/SD_CMD] (B.Cu), 长度: 13.0485 mm
    @(154.1750 mm, 92.0000 mm): B.Cu 上 R93 的焊盘 1 [/SD_CD]
[solder_mask_bridge]: 底层阻焊开窗区域与不同网络的项目相连
    Rule: <电路板配置> 中的 "阻焊层最小宽度"; error
    @(119.1000 mm, 103.8000 mm): 走线 [/GND] (B.Cu), 长度: 0.7500 mm
    @(119.1000 mm, 103.8000 mm): B.Cu 上 U7 的焊盘 4 [<no net>]
[solder_mask_bridge]: 底层阻焊开窗区域与不同网络的项目相连
    Rule: <电路板配置> 中的 "阻焊层最小宽度"; error
    @(127.0000 mm, 105.0000 mm): 走线 [/VBAT] (B.Cu), 长度: 7.3376 mm
    @(128.1750 mm, 108.0000 mm): B.Cu 上 R74 的焊盘 1 [/GAUGE_INT_N]
[solder_mask_bridge]: 底层阻焊开窗区域与不同网络的项目相连
    Rule: <电路板配置> 中的 "阻焊层最小宽度"; error
    @(108.3679 mm, 106.5260 mm): 走线 [/BOOT_N] (B.Cu), 长度: 36.5861 mm
    @(144.1750 mm, 107.0000 mm): B.Cu 上 R77 的焊盘 1 [/CHG_N]
[solder_mask_bridge]: 底层阻焊开窗区域与不同网络的项目相连
    Rule: <电路板配置> 中的 "阻焊层最小宽度"; error
    @(140.0000 mm, 104.0000 mm): 走线 [/VBAT] (B.Cu), 长度: 1.7107 mm
    @(141.5375 mm, 103.7500 mm): B.Cu 上 U2 的焊盘 4 [/GND]
[solder_mask_bridge]: 底层阻焊开窗区域与不同网络的项目相连
    Rule: <电路板配置> 中的 "阻焊层最小宽度"; error
    @(147.4181 mm, 98.3910 mm): 走线 [/BOOT_N] (B.Cu), 长度: 15.2357 mm
    @(154.1750 mm, 92.0000 mm): B.Cu 上 R93 的焊盘 1 [/SD_CD]
[solder_mask_bridge]: 底层阻焊开窗区域与不同网络的项目相连
    Rule: <电路板配置> 中的 "阻焊层最小宽度"; error
    @(144.9540 mm, 106.5260 mm): 走线 [/BOOT_N] (B.Cu), 长度: 3.4848 mm
    @(146.1750 mm, 105.5000 mm): B.Cu 上 R75 的焊盘 1 [/PGOOD_N]
[solder_mask_bridge]: 底层阻焊开窗区域与不同网络的项目相连
    Rule: <电路板配置> 中的 "阻焊层最小宽度"; error
    @(74.1467 mm, 64.8404 mm): 过孔 [/PDM_DATA] (F.Cu - B.Cu)
    @(75.0000 mm, 65.0000 mm): B.Cu 上 TP1 的焊盘 1 [/UART_TX0]
[solder_mask_bridge]: 底层阻焊开窗区域与不同网络的项目相连
    Rule: <电路板配置> 中的 "阻焊层最小宽度"; error
    @(140.0725 mm, 71.2800 mm): 走线 [/ESP_EN] (B.Cu), 长度: 2.1775 mm
    @(139.7750 mm, 71.0000 mm): B.Cu 上 C82 的焊盘 2 [/GND]
[solder_mask_bridge]: 底层阻焊开窗区域与不同网络的项目相连
    Rule: <电路板配置> 中的 "阻焊层最小宽度"; error
    @(121.9169 mm, 53.1244 mm): 走线 [/ESP_EN] (B.Cu), 长度: 25.6759 mm
    @(138.2250 mm, 69.0000 mm): B.Cu 上 C81 的焊盘 1 [/+3V3_MAIN]
[solder_mask_bridge]: 底层阻焊开窗区域与不同网络的项目相连
    Rule: <电路板配置> 中的 "阻焊层最小宽度"; error
    @(140.2000 mm, 68.6000 mm): 走线 [/PDM_DATA] (B.Cu), 长度: 0.8000 mm
    @(139.7750 mm, 69.0000 mm): B.Cu 上 C81 的焊盘 2 [/GND]
[solder_mask_bridge]: 底层阻焊开窗区域与不同网络的项目相连
    Rule: <电路板配置> 中的 "阻焊层最小宽度"; error
    @(121.9169 mm, 53.1244 mm): 走线 [/ESP_EN] (B.Cu), 长度: 25.6759 mm
    @(139.7750 mm, 71.0000 mm): B.Cu 上 C82 的焊盘 2 [/GND]
[solder_mask_bridge]: 底层阻焊开窗区域与不同网络的项目相连
    Rule: <电路板配置> 中的 "阻焊层最小宽度"; error
    @(140.2000 mm, 64.8404 mm): 走线 [/PDM_DATA] (B.Cu), 长度: 3.7596 mm
    @(139.7750 mm, 69.0000 mm): B.Cu 上 C81 的焊盘 2 [/GND]
[solder_mask_bridge]: 底层阻焊开窗区域与不同网络的项目相连
    Rule: <电路板配置> 中的 "阻焊层最小宽度"; error
    @(142.7500 mm, 104.4625 mm): 走线 [/+3V3_MAIN] (B.Cu), 长度: 0.7198 mm
    @(142.7500 mm, 104.4625 mm): B.Cu 上 U2 的焊盘 6 [/VSYS]
[solder_mask_bridge]: 底层阻焊开窗区域与不同网络的项目相连
    Rule: <电路板配置> 中的 "阻焊层最小宽度"; error
    @(155.7154 mm, 92.2566 mm): 过孔 [/SD_CLK] (F.Cu - B.Cu)
    @(155.8250 mm, 92.0000 mm): B.Cu 上 R93 的焊盘 2 [/+3V3_MAIN]
[solder_mask_bridge]: 底层阻焊开窗区域与不同网络的项目相连
    Rule: <电路板配置> 中的 "阻焊层最小宽度"; error
    @(161.2160 mm, 86.7560 mm): 走线 [/SD_CLK] (B.Cu), 长度: 7.7790 mm
    @(155.8250 mm, 92.0000 mm): B.Cu 上 R93 的焊盘 2 [/+3V3_MAIN]
[solder_mask_bridge]: 底层阻焊开窗区域与不同网络的项目相连
    Rule: <电路板配置> 中的 "阻焊层最小宽度"; error
    @(121.0000 mm, 108.0000 mm): 走线 [/GAUGE_VDD] (B.Cu), 长度: 2.7586 mm
    @(120.2250 mm, 108.0000 mm): B.Cu 上 C70 的焊盘 1 [/PACKP]
[solder_mask_bridge]: 底层阻焊开窗区域与不同网络的项目相连
    Rule: <电路板配置> 中的 "阻焊层最小宽度"; error
    @(119.1000 mm, 106.0000 mm): 走线 [/GAUGE_VDD] (B.Cu), 长度: 2.6000 mm
    @(119.1000 mm, 104.6000 mm): B.Cu 上 U7 的焊盘 2 [/I2C_SCL]
[solder_mask_bridge]: 底层阻焊开窗区域与不同网络的项目相连
    Rule: <电路板配置> 中的 "阻焊层最小宽度"; error
    @(119.1000 mm, 106.0000 mm): 走线 [/GAUGE_VDD] (B.Cu), 长度: 2.6000 mm
    @(119.1000 mm, 104.2000 mm): B.Cu 上 U7 的焊盘 3 [/GND]
[solder_mask_bridge]: 底层阻焊开窗区域与不同网络的项目相连
    Rule: <电路板配置> 中的 "阻焊层最小宽度"; error
    @(119.1000 mm, 106.0000 mm): 走线 [/GAUGE_VDD] (B.Cu), 长度: 2.6000 mm
    @(119.1000 mm, 103.8000 mm): B.Cu 上 U7 的焊盘 4 [<no net>]
[solder_mask_bridge]: 底层阻焊开窗区域与不同网络的项目相连
    Rule: <电路板配置> 中的 "阻焊层最小宽度"; error
    @(119.1000 mm, 106.0000 mm): 走线 [/GAUGE_VDD] (B.Cu), 长度: 2.6000 mm
    @(119.1000 mm, 105.0000 mm): B.Cu 上 U7 的焊盘 1 [/I2C_SDA]
[solder_mask_bridge]: 底层阻焊开窗区域与不同网络的项目相连
    Rule: <电路板配置> 中的 "阻焊层最小宽度"; error
    @(124.2250 mm, 108.0000 mm): 走线 [/GAUGE_VDD] (B.Cu), 长度: 3.2250 mm
    @(121.7750 mm, 108.0000 mm): B.Cu 上 C70 的焊盘 2 [/GND]
[solder_mask_bridge]: 底层阻焊开窗区域与不同网络的项目相连
    Rule: <电路板配置> 中的 "阻焊层最小宽度"; error
    @(124.5000 mm, 103.4000 mm): 走线 [/PACKP] (B.Cu), 长度: 7.6000 mm
    @(124.2250 mm, 108.0000 mm): B.Cu 上 C71 的焊盘 1 [/GAUGE_VDD]
[solder_mask_bridge]: 底层阻焊开窗区域与不同网络的项目相连
    Rule: <电路板配置> 中的 "阻焊层最小宽度"; error
    @(119.1000 mm, 106.8000 mm): 走线 [/PACKP] (B.Cu), 长度: 3.8000 mm
    @(119.1000 mm, 104.6000 mm): B.Cu 上 U7 的焊盘 2 [/I2C_SCL]
[solder_mask_bridge]: 底层阻焊开窗区域与不同网络的项目相连
    Rule: <电路板配置> 中的 "阻焊层最小宽度"; error
    @(119.1000 mm, 106.8000 mm): 走线 [/PACKP] (B.Cu), 长度: 3.8000 mm
    @(119.1000 mm, 104.2000 mm): B.Cu 上 U7 的焊盘 3 [/GND]
[solder_mask_bridge]: 底层阻焊开窗区域与不同网络的项目相连
    Rule: <电路板配置> 中的 "阻焊层最小宽度"; error
    @(119.1000 mm, 106.8000 mm): 走线 [/PACKP] (B.Cu), 长度: 3.8000 mm
    @(119.1000 mm, 103.8000 mm): B.Cu 上 U7 的焊盘 4 [<no net>]
[solder_mask_bridge]: 底层阻焊开窗区域与不同网络的项目相连
    Rule: <电路板配置> 中的 "阻焊层最小宽度"; error
    @(119.1000 mm, 106.8000 mm): 走线 [/PACKP] (B.Cu), 长度: 3.8000 mm
    @(119.1000 mm, 103.4000 mm): B.Cu 上 U7 的焊盘 5 [/GAUGE_VDD]
[solder_mask_bridge]: 底层阻焊开窗区域与不同网络的项目相连
    Rule: <电路板配置> 中的 "阻焊层最小宽度"; error
    @(119.1000 mm, 106.8000 mm): 走线 [/PACKP] (B.Cu), 长度: 3.8000 mm
    @(119.1000 mm, 105.0000 mm): B.Cu 上 U7 的焊盘 1 [/I2C_SDA]
[silk_edge_clearance]: Silkscreen clipped by board edge
    Rule: <电路板配置> 中的 "丝印" 约束; warning
    @(160.0000 mm, 108.0000 mm): Edge.Cuts 上的 弧线
    @(163.0000 mm, 114.0500 mm): FID2 的参考字段
[silk_overlap]: Silkscreen clearance
    Rule: <电路板配置> 中的 "丝印" 约束; warning
    @(110.0000 mm, 60.0500 mm): FID3 的参考字段
    @(108.0000 mm, 59.0000 mm): LCD1 的参考字段
[silk_overlap]: Silkscreen clearance
    Rule: <电路板配置> 中的 "丝印" 约束; warning
    @(57.8000 mm, 66.0500 mm): SW3 的 线段, 位于 F.Silkscreen
    @(58.0000 mm, 66.0500 mm): FID1 的参考字段
[silk_over_copper]: Silkscreen clipped by solder mask
    Local override; warning
    @(57.8000 mm, 67.5500 mm): SW3 的 线段, 位于 F.Silkscreen
    @(58.0000 mm, 68.0000 mm): F.Cu 上 FID1 的焊盘 [<no net>]
[silk_over_copper]: Silkscreen clipped by solder mask
    Local override; warning
    @(58.0000 mm, 66.0500 mm): FID1 的参考字段
    @(57.9500 mm, 66.8000 mm): F.Cu 上 SW3 的焊盘 2 [/GND]
[silk_over_copper]: Silkscreen clipped by solder mask
    Local override; warning
    @(58.0000 mm, 66.0500 mm): FID1 的参考字段
    @(57.9500 mm, 65.2000 mm): F.Cu 上 SW3 的焊盘 1 [/MENU_SW]
[silk_overlap]: Silkscreen clearance
    Rule: <电路板配置> 中的 "丝印" 约束; warning
    @(138.8594 mm, 69.5100 mm): C81 的 线段, 位于 B.Silkscreen
    @(139.0000 mm, 69.5700 mm): C82 的参考字段
[silk_overlap]: Silkscreen clearance
    Rule: <电路板配置> 中的 "丝印" 约束; warning
    @(121.0000 mm, 106.5700 mm): C70 的参考字段
    @(120.9993 mm, 106.5174 mm): U7 的参考字段
[silk_overlap]: Silkscreen clearance
    Rule: <电路板配置> 中的 "丝印" 约束; warning
    @(154.0000 mm, 92.5700 mm): C90 的参考字段
    @(154.7627 mm, 92.5225 mm): R93 的 线段, 位于 B.Silkscreen
[silk_over_copper]: Silkscreen clipped by solder mask
    Local override; warning
    @(131.5000 mm, 90.0700 mm): R76 的参考字段
    @(132.6000 mm, 90.0000 mm): B.Cu 上 L2 的焊盘 1 [/VSYS]
[silk_over_copper]: Silkscreen clipped by solder mask
    Local override; warning
    @(139.0000 mm, 69.5700 mm): C82 的参考字段
    @(139.7750 mm, 69.0000 mm): B.Cu 上 C81 的焊盘 2 [/GND]
[silk_over_copper]: Silkscreen clipped by solder mask
    Local override; warning
    @(139.0000 mm, 69.5700 mm): C82 的参考字段
    @(138.2250 mm, 69.0000 mm): B.Cu 上 C81 的焊盘 1 [/+3V3_MAIN]
[silk_over_copper]: Silkscreen clipped by solder mask
    Local override; warning
    @(154.0000 mm, 92.5700 mm): C90 的参考字段
    @(152.8250 mm, 92.0000 mm): B.Cu 上 R92 的焊盘 2 [/+3V3_MAIN]
[silk_over_copper]: Silkscreen clipped by solder mask
    Local override; warning
    @(154.0000 mm, 92.5700 mm): C90 的参考字段
    @(154.1750 mm, 92.0000 mm): B.Cu 上 R93 的焊盘 1 [/SD_CD]
[silk_over_copper]: Silkscreen clipped by solder mask
    Local override; warning
    @(157.0000 mm, 92.5700 mm): C91 的参考字段
    @(155.8250 mm, 92.0000 mm): B.Cu 上 R93 的焊盘 2 [/+3V3_MAIN]
[silk_over_copper]: Silkscreen clipped by solder mask
    Local override; warning
    @(145.0000 mm, 105.5700 mm): R77 的参考字段
    @(146.1750 mm, 105.5000 mm): B.Cu 上 R75 的焊盘 1 [/PGOOD_N]

** Found 46 unconnected pads **
[unconnected_items]: Missing connection between items
    Local override; error
    @(124.6617 mm, 93.9600 mm): 走线 [/RUN_EN] (B.Cu), 长度: 1.3865 mm
    @(123.1750 mm, 91.5000 mm): B.Cu 上 R30 的焊盘 1 [/RUN_EN]
[unconnected_items]: Missing connection between items
    Local override; error
    @(141.7500 mm, 67.2500 mm): 填充区[/GND]在 B.Cu 上, 优先级 0
    @(141.7500 mm, 67.2500 mm): 填充区[/GND]在 B.Cu 上, 优先级 0
[unconnected_items]: Missing connection between items
    Local override; error
    @(119.1000 mm, 104.2000 mm): B.Cu 上 U7 的焊盘 3 [/GND]
    @(119.1000 mm, 103.8000 mm): 走线 [/GND] (B.Cu), 长度: 0.7500 mm
[unconnected_items]: Missing connection between items
    Local override; error
    @(141.7500 mm, 67.2500 mm): 填充区[/GND]在 GND 上, 优先级 0
    @(141.7500 mm, 67.2500 mm): 填充区[/GND]在 B.Cu 上, 优先级 0
[unconnected_items]: Missing connection between items
    Local override; error
    @(126.8250 mm, 101.0000 mm): B.Cu 上 R72 的焊盘 2 [/GND]
    @(141.7500 mm, 67.2500 mm): 填充区[/GND]在 B.Cu 上, 优先级 0
[unconnected_items]: Missing connection between items
    Local override; error
    @(141.7500 mm, 67.2500 mm): 填充区[/GND]在 B.Cu 上, 优先级 0
    @(141.7500 mm, 67.2500 mm): 填充区[/GND]在 B.Cu 上, 优先级 0
[unconnected_items]: Missing connection between items
    Local override; error
    @(141.7500 mm, 67.2500 mm): 填充区[/GND]在 B.Cu 上, 优先级 0
    @(141.7500 mm, 67.2500 mm): 填充区[/GND]在 F.Cu 上, 优先级 0
[unconnected_items]: Missing connection between items
    Local override; error
    @(152.6750 mm, 95.3733 mm): 走线 [/SD_CS] (F.Cu), 长度: 1.3343 mm
    @(145.1750 mm, 92.0000 mm): B.Cu 上 R90 的焊盘 1 [/SD_CS]
[unconnected_items]: Missing connection between items
    Local override; error
    @(160.8017 mm, 85.9320 mm): 走线 [/SD_CMD] (B.Cu), 长度: 13.0485 mm
    @(148.1750 mm, 92.0000 mm): B.Cu 上 R91 的焊盘 1 [/SD_CMD]
[unconnected_items]: Missing connection between items
    Local override; error
    @(114.0224 mm, 89.1526 mm): 走线 [/+3V3_MAIN] (B.Cu), 长度: 1.6300 mm
    @(103.0000 mm, 65.0000 mm): B.Cu 上 TP8 的焊盘 1 [/+3V3_MAIN]
[unconnected_items]: Missing connection between items
    Local override; error
    @(129.8250 mm, 108.0000 mm): B.Cu 上 R74 的焊盘 2 [/+3V3_MAIN]
    @(136.4678 mm, 101.8467 mm): 走线 [/+3V3_MAIN] (B.Cu), 长度: 5.5045 mm
[unconnected_items]: Missing connection between items
    Local override; error
    @(132.3250 mm, 91.5000 mm): B.Cu 上 R76 的焊盘 2 [/+3V3_MAIN]
    @(131.7003 mm, 95.4439 mm): 走线 [/+3V3_MAIN] (F.Cu), 长度: 2.3443 mm
[unconnected_items]: Missing connection between items
    Local override; error
    @(138.2250 mm, 69.0000 mm): B.Cu 上 C81 的焊盘 1 [/+3V3_MAIN]
    @(138.2250 mm, 71.0000 mm): B.Cu 上 C82 的焊盘 1 [/+3V3_MAIN]
[unconnected_items]: Missing connection between items
    Local override; error
    @(138.2250 mm, 71.0000 mm): B.Cu 上 C82 的焊盘 1 [/+3V3_MAIN]
    @(142.2500 mm, 70.0100 mm): 走线 [/+3V3_MAIN] (B.Cu), 长度: 1.0517 mm
[unconnected_items]: Missing connection between items
    Local override; error
    @(145.8250 mm, 107.0000 mm): B.Cu 上 R77 的焊盘 2 [/+3V3_MAIN]
    @(147.8250 mm, 105.5000 mm): B.Cu 上 R75 的焊盘 2 [/+3V3_MAIN]
[unconnected_items]: Missing connection between items
    Local override; error
    @(146.0115 mm, 103.7645 mm): 走线 [/+3V3_MAIN] (B.Cu), 长度: 3.1853 mm
    @(147.8250 mm, 105.5000 mm): B.Cu 上 R75 的焊盘 2 [/+3V3_MAIN]
[unconnected_items]: Missing connection between items
    Local override; error
    @(149.8250 mm, 92.0000 mm): B.Cu 上 R91 的焊盘 2 [/+3V3_MAIN]
    @(146.8250 mm, 92.0000 mm): B.Cu 上 R90 的焊盘 2 [/+3V3_MAIN]
[unconnected_items]: Missing connection between items
    Local override; error
    @(152.8250 mm, 92.0000 mm): B.Cu 上 R92 的焊盘 2 [/+3V3_MAIN]
    @(155.8250 mm, 92.0000 mm): B.Cu 上 R93 的焊盘 2 [/+3V3_MAIN]
[unconnected_items]: Missing connection between items
    Local override; error
    @(152.8250 mm, 92.0000 mm): B.Cu 上 R92 的焊盘 2 [/+3V3_MAIN]
    @(149.8250 mm, 92.0000 mm): B.Cu 上 R91 的焊盘 2 [/+3V3_MAIN]
[unconnected_items]: Missing connection between items
    Local override; error
    @(153.2250 mm, 94.0000 mm): B.Cu 上 C90 的焊盘 1 [/+3V3_MAIN]
    @(152.8250 mm, 92.0000 mm): B.Cu 上 R92 的焊盘 2 [/+3V3_MAIN]
[unconnected_items]: Missing connection between items
    Local override; error
    @(153.2250 mm, 94.0000 mm): B.Cu 上 C90 的焊盘 1 [/+3V3_MAIN]
    @(150.4750 mm, 96.2750 mm): 走线 [/+3V3_MAIN] (F.Cu), 长度: 0.9017 mm
[unconnected_items]: Missing connection between items
    Local override; error
    @(155.8250 mm, 92.0000 mm): B.Cu 上 R93 的焊盘 2 [/+3V3_MAIN]
    @(156.2250 mm, 94.0000 mm): B.Cu 上 C91 的焊盘 1 [/+3V3_MAIN]
[unconnected_items]: Missing connection between items
    Local override; error
    @(151.1750 mm, 92.0000 mm): B.Cu 上 R92 的焊盘 1 [/SD_DAT0]
    @(147.6718 mm, 95.3733 mm): 走线 [/SD_DAT0] (F.Cu), 长度: 14.7849 mm
[unconnected_items]: Missing connection between items
    Local override; error
    @(146.5550 mm, 86.5000 mm): B.Cu 上 U1 的焊盘 17 [/SD_CD]
    @(145.1250 mm, 96.2750 mm): F.Cu 上 J3 的焊盘 9 [/SD_CD]
[unconnected_items]: Missing connection between items
    Local override; error
    @(154.1750 mm, 92.0000 mm): B.Cu 上 R93 的焊盘 1 [/SD_CD]
    @(146.5550 mm, 86.5000 mm): B.Cu 上 U1 的焊盘 17 [/SD_CD]
[unconnected_items]: Missing connection between items
    Local override; error
    @(159.7500 mm, 71.2800 mm): B.Cu 上 U1 的焊盘 38 [/LED_CTRL]
    @(162.5000 mm, 80.0000 mm): F.Cu 上 J6 的焊盘 6 [/LED_CTRL]
[unconnected_items]: Missing connection between items
    Local override; error
    @(107.0000 mm, 65.0000 mm): B.Cu 上 TP9 的焊盘 1 [/+5V_MEDIA]
    @(122.9943 mm, 81.6634 mm): 走线 [/+5V_MEDIA] (B.Cu), 长度: 6.3432 mm
[unconnected_items]: Missing connection between items
    Local override; error
    @(105.1750 mm, 100.8000 mm): B.Cu 上 R71 的焊盘 1 [/I2C_SCL]
    @(119.1000 mm, 104.6000 mm): B.Cu 上 U7 的焊盘 2 [/I2C_SCL]
[unconnected_items]: Missing connection between items
    Local override; error
    @(119.1000 mm, 104.6000 mm): B.Cu 上 U7 的焊盘 2 [/I2C_SCL]
    @(142.2500 mm, 81.4400 mm): B.Cu 上 U1 的焊盘 11 [/I2C_SCL]
[unconnected_items]: Missing connection between items
    Local override; error
    @(87.0000 mm, 65.0000 mm): B.Cu 上 TP4 的焊盘 1 [/PG_3V3_N]
    @(127.7500 mm, 93.0400 mm): B.Cu 上 U3 的焊盘 2 [/PG_3V3_N]
[unconnected_items]: Missing connection between items
    Local override; error
    @(127.7500 mm, 93.0400 mm): B.Cu 上 U3 的焊盘 2 [/PG_3V3_N]
    @(130.6750 mm, 91.5000 mm): B.Cu 上 R76 的焊盘 1 [/PG_3V3_N]
[unconnected_items]: Missing connection between items
    Local override; error
    @(63.2500 mm, 92.5625 mm): B.Cu 上 U5 的焊盘 16 [/I2S_BCLK]
    @(142.2500 mm, 78.9000 mm): B.Cu 上 U1 的焊盘 9 [/I2S_BCLK]
[unconnected_items]: Missing connection between items
    Local override; error
    @(144.1750 mm, 107.0000 mm): B.Cu 上 R77 的焊盘 1 [/CHG_N]
    @(144.4625 mm, 103.7500 mm): B.Cu 上 U2 的焊盘 9 [/CHG_N]
[unconnected_items]: Missing connection between items
    Local override; error
    @(122.9000 mm, 105.0000 mm): B.Cu 上 U7 的焊盘 12 [/GAUGE_INT_N]
    @(128.1750 mm, 108.0000 mm): B.Cu 上 R74 的焊盘 1 [/GAUGE_INT_N]
[unconnected_items]: Missing connection between items
    Local override; error
    @(128.1750 mm, 108.0000 mm): B.Cu 上 R74 的焊盘 1 [/GAUGE_INT_N]
    @(154.1750 mm, 86.5000 mm): B.Cu 上 U1 的焊盘 23 [/GAUGE_INT_N]
[unconnected_items]: Missing connection between items
    Local override; error
    @(79.0000 mm, 65.0000 mm): B.Cu 上 TP2 的焊盘 1 [/UART_RX0]
    @(159.7500 mm, 73.8200 mm): B.Cu 上 U1 的焊盘 36 [/UART_RX0]
[unconnected_items]: Missing connection between items
    Local override; error
    @(75.0000 mm, 65.0000 mm): B.Cu 上 TP1 的焊盘 1 [/UART_TX0]
    @(159.7500 mm, 72.5500 mm): B.Cu 上 U1 的焊盘 37 [/UART_TX0]
[unconnected_items]: Missing connection between items
    Local override; error
    @(143.2500 mm, 104.4625 mm): B.Cu 上 U2 的焊盘 7 [/PGOOD_N]
    @(146.1750 mm, 105.5000 mm): B.Cu 上 R75 的焊盘 1 [/PGOOD_N]
[unconnected_items]: Missing connection between items
    Local override; error
    @(146.1750 mm, 105.5000 mm): B.Cu 上 R75 的焊盘 1 [/PGOOD_N]
    @(159.7500 mm, 70.0100 mm): B.Cu 上 U1 的焊盘 39 [/PGOOD_N]
[unconnected_items]: Missing connection between items
    Local override; error
    @(99.0000 mm, 65.0000 mm): B.Cu 上 TP7 的焊盘 1 [/VSYS]
    @(129.3780 mm, 86.7780 mm): 走线 [/VSYS] (B.Cu), 长度: 12.5311 mm
[unconnected_items]: Missing connection between items
    Local override; error
    @(124.8250 mm, 91.5000 mm): B.Cu 上 R30 的焊盘 2 [/VSYS]
    @(126.6000 mm, 94.4600 mm): 走线 [/VSYS] (B.Cu), 长度: 0.2404 mm
[unconnected_items]: Missing connection between items
    Local override; error
    @(142.7500 mm, 104.4625 mm): B.Cu 上 U2 的焊盘 6 [/VSYS]
    @(144.4625 mm, 102.7500 mm): 走线 [/VSYS] (B.Cu), 长度: 0.5000 mm
[unconnected_items]: Missing connection between items
    Local override; error
    @(95.0000 mm, 65.0000 mm): B.Cu 上 TP6 的焊盘 1 [/VBAT]
    @(122.9000 mm, 103.0000 mm): 走线 [/VBAT] (B.Cu), 长度: 3.1000 mm
[unconnected_items]: Missing connection between items
    Local override; error
    @(138.2250 mm, 100.8000 mm): B.Cu 上 C3 的焊盘 1 [/VBAT]
    @(140.0000 mm, 110.0000 mm): 走线 [/VBAT] (B.Cu), 长度: 6.0000 mm
[unconnected_items]: Missing connection between items
    Local override; error
    @(91.0000 mm, 65.0000 mm): B.Cu 上 TP5 的焊盘 1 [/PACKP]
    @(75.0000 mm, 106.5000 mm): 走线 [/PACKP] (B.Cu), 长度: 12.5000 mm
[unconnected_items]: Missing connection between items
    Local override; error
    @(122.9000 mm, 104.2000 mm): B.Cu 上 U7 的焊盘 10 [/GAUGE_BIN]
    @(125.1750 mm, 101.0000 mm): B.Cu 上 R72 的焊盘 1 [/GAUGE_BIN]

** Found 0 Footprint errors **

** Ignored checks **
    - Footprint has no courtyard defined
    - Track endpoint not centered on via
    - Tuning profile track geometries
    - Footprint doesn't match symbol's footprint filters
    - Footprint component type doesn't match footprint pads

** End of Report **
