** Drc report for cadenza-d1-v43-power-layout-base.kicad_pcb **
** Created on 2026-07-21T12:33:31 **
** Report includes: Errors, Warnings **

** Found 52 DRC violations **
[shorting_items]: 短路了两个不同网络的项目 (网络 /+3V3_MAIN 和 /VBUS)
    Local override; error
    @(125.2250 mm, 101.5000 mm): B.Cu 上 C13 的焊盘 1 [/+3V3_MAIN]
    @(124.0203 mm, 101.0000 mm): 走线 [/VBUS] (B.Cu), 长度: 1.0421 mm
[shorting_items]: 短路了两个不同网络的项目 (网络 /GND 和 /VBUS)
    Local override; error
    @(126.7750 mm, 101.5000 mm): B.Cu 上 C13 的焊盘 2 [/GND]
    @(124.7572 mm, 101.7369 mm): 走线 [/VBUS] (B.Cu), 长度: 8.1047 mm
[clearance]: 间距违规 ( 间距 0.1500 mm; 实际 0.1270 mm)
    Local override; error
    @(137.3480 mm, 82.0886 mm): 过孔 [/I2C_SCL] (F.Cu - B.Cu)
    @(138.2250 mm, 82.0000 mm): B.Cu 上 C21 的焊盘 1 [/+5V_MEDIA]
[shorting_items]: 短路了两个不同网络的项目 (网络 /I2C_SCL 和 /+5V_MEDIA)
    Local override; error
    @(142.2500 mm, 81.4400 mm): 走线 [/I2C_SCL] (B.Cu), 长度: 4.2534 mm
    @(138.2250 mm, 82.0000 mm): B.Cu 上 C21 的焊盘 1 [/+5V_MEDIA]
[shorting_items]: 短路了两个不同网络的项目 (网络 /I2C_SCL 和 /+5V_MEDIA)
    Local override; error
    @(137.9966 mm, 81.4400 mm): 走线 [/I2C_SCL] (B.Cu), 长度: 0.9173 mm
    @(138.2250 mm, 82.0000 mm): B.Cu 上 C21 的焊盘 1 [/+5V_MEDIA]
[shorting_items]: 短路了两个不同网络的项目 (网络 /+5V_MEDIA 和 /I2C_SDA)
    Local override; error
    @(138.2250 mm, 85.0000 mm): B.Cu 上 C22 的焊盘 1 [/+5V_MEDIA]
    @(136.7768 mm, 85.7077 mm): 走线 [/I2C_SDA] (B.Cu), 长度: 4.2394 mm
[clearance]: 间距违规 ( 间距 0.1500 mm; 实际 0.1350 mm)
    Local override; error
    @(139.7745 mm, 82.7100 mm): 走线 [/I2C_SDA] (B.Cu), 长度: 2.4755 mm
    @(139.7750 mm, 82.0000 mm): B.Cu 上 C21 的焊盘 2 [/GND]
[clearance]: 间距违规 ( 间距 0.1500 mm; 实际 0.0225 mm)
    Local override; error
    @(128.2250 mm, 86.0000 mm): B.Cu 上 C20 的焊盘 1 [/VSYS]
    @(72.5775 mm, 86.5975 mm): 走线 [/AMP_EN] (B.Cu), 长度: 70.0162 mm
[shorting_items]: 短路了两个不同网络的项目 (网络 /+5V_MEDIA 和 /BOOST_SW)
    Local override; error
    @(138.2250 mm, 82.0000 mm): B.Cu 上 C21 的焊盘 1 [/+5V_MEDIA]
    @(137.4000 mm, 83.0000 mm): B.Cu 上 L2 的焊盘 2 [/BOOST_SW]
[hole_clearance]: 孔间距违规 (<电路板配置> 中的 "孔" 约束 间距 0.2500 mm; 实际 0.0000 mm)
    Rule: <电路板配置> 中的 "孔" 约束; error
    @(137.4000 mm, 83.0000 mm): B.Cu 上 L2 的焊盘 2 [/BOOST_SW]
    @(137.3480 mm, 82.0886 mm): 过孔 [/I2C_SCL] (F.Cu - B.Cu)
[courtyards_overlap]: Courtyards overlap
    Rule: <电路板配置> 中的 "元件外框" 约束; error
    @(139.0000 mm, 85.0000 mm): 封装 C22
    @(136.0000 mm, 83.0000 mm): 封装 L2
[courtyards_overlap]: Courtyards overlap
    Rule: <电路板配置> 中的 "元件外框" 约束; error
    @(139.0000 mm, 82.0000 mm): 封装 C21
    @(136.0000 mm, 83.0000 mm): 封装 L2
[starved_thermal]: 缓释热焊盘 (花焊盘) 与填充区的连接不完整 (层 GND; 填充区 最小引线数量 2; 实际 1)
    Local override; error
    @(141.7500 mm, 67.2500 mm): 填充区[/GND]在 GND 上, 优先级 0
    @(128.0000 mm, 106.7250 mm): U7 的PTH 焊盘 13 [/GND]
[solder_mask_bridge]: 底层阻焊开窗区域与不同网络的项目相连
    Rule: <电路板配置> 中的 "阻焊层最小宽度"; error
    @(124.7572 mm, 101.7369 mm): 走线 [/VBUS] (B.Cu), 长度: 8.1047 mm
    @(125.2250 mm, 101.5000 mm): B.Cu 上 C13 的焊盘 1 [/+3V3_MAIN]
[solder_mask_bridge]: 底层阻焊开窗区域与不同网络的项目相连
    Rule: <电路板配置> 中的 "阻焊层最小宽度"; error
    @(124.7572 mm, 101.7369 mm): 走线 [/VBUS] (B.Cu), 长度: 8.1047 mm
    @(126.7750 mm, 101.5000 mm): B.Cu 上 C13 的焊盘 2 [/GND]
[solder_mask_bridge]: 底层阻焊开窗区域与不同网络的项目相连
    Rule: <电路板配置> 中的 "阻焊层最小宽度"; error
    @(136.7768 mm, 85.7077 mm): 走线 [/I2C_SDA] (B.Cu), 长度: 4.2394 mm
    @(138.2250 mm, 85.0000 mm): B.Cu 上 C22 的焊盘 1 [/+5V_MEDIA]
[solder_mask_bridge]: 底层阻焊开窗区域与不同网络的项目相连
    Rule: <电路板配置> 中的 "阻焊层最小宽度"; error
    @(138.2250 mm, 82.0000 mm): B.Cu 上 C21 的焊盘 1 [/+5V_MEDIA]
    @(137.4000 mm, 83.0000 mm): B.Cu 上 L2 的焊盘 2 [/BOOST_SW]
[solder_mask_bridge]: 底层阻焊开窗区域与不同网络的项目相连
    Rule: <电路板配置> 中的 "阻焊层最小宽度"; error
    @(137.3480 mm, 82.0886 mm): 过孔 [/I2C_SCL] (F.Cu - B.Cu)
    @(137.4000 mm, 83.0000 mm): B.Cu 上 L2 的焊盘 2 [/BOOST_SW]
[solder_mask_bridge]: 底层阻焊开窗区域与不同网络的项目相连
    Rule: <电路板配置> 中的 "阻焊层最小宽度"; error
    @(137.9966 mm, 81.4400 mm): 走线 [/I2C_SCL] (B.Cu), 长度: 0.9173 mm
    @(138.2250 mm, 82.0000 mm): B.Cu 上 C21 的焊盘 1 [/+5V_MEDIA]
[solder_mask_bridge]: 底层阻焊开窗区域与不同网络的项目相连
    Rule: <电路板配置> 中的 "阻焊层最小宽度"; error
    @(137.9966 mm, 81.4400 mm): 走线 [/I2C_SCL] (B.Cu), 长度: 0.9173 mm
    @(137.4000 mm, 83.0000 mm): B.Cu 上 L2 的焊盘 2 [/BOOST_SW]
[solder_mask_bridge]: 底层阻焊开窗区域与不同网络的项目相连
    Rule: <电路板配置> 中的 "阻焊层最小宽度"; error
    @(142.2500 mm, 81.4400 mm): 走线 [/I2C_SCL] (B.Cu), 长度: 4.2534 mm
    @(138.2250 mm, 82.0000 mm): B.Cu 上 C21 的焊盘 1 [/+5V_MEDIA]
[solder_mask_bridge]: 底层阻焊开窗区域与不同网络的项目相连
    Rule: <电路板配置> 中的 "阻焊层最小宽度"; error
    @(142.2500 mm, 81.4400 mm): 走线 [/I2C_SCL] (B.Cu), 长度: 4.2534 mm
    @(139.7750 mm, 82.0000 mm): B.Cu 上 C21 的焊盘 2 [/GND]
[solder_mask_bridge]: 底层阻焊开窗区域与不同网络的项目相连
    Rule: <电路板配置> 中的 "阻焊层最小宽度"; error
    @(124.0203 mm, 101.0000 mm): 走线 [/VBUS] (B.Cu), 长度: 1.0421 mm
    @(125.2250 mm, 101.5000 mm): B.Cu 上 C13 的焊盘 1 [/+3V3_MAIN]
[track_dangling]: Track has unconnected end
    Local override; warning
    @(122.5190 mm, 111.7500 mm): 走线 [/PACKP] (B.Cu), 长度: 2.2685 mm
[silk_overlap]: Silkscreen clearance
    Rule: <电路板配置> 中的 "丝印" 约束; warning
    @(138.0000 mm, 86.0700 mm): R76 的参考字段
    @(138.8594 mm, 85.5100 mm): C22 的 线段, 位于 B.Silkscreen
[silk_overlap]: Silkscreen clearance
    Rule: <电路板配置> 中的 "丝印" 约束; warning
    @(139.0000 mm, 69.5700 mm): C82 的参考字段
    @(138.8594 mm, 69.5100 mm): C81 的 线段, 位于 B.Silkscreen
[silk_overlap]: Silkscreen clearance
    Rule: <电路板配置> 中的 "丝印" 约束; warning
    @(128.7627 mm, 81.5225 mm): R20 的 线段, 位于 B.Silkscreen
    @(129.0000 mm, 81.0700 mm): R21 的参考字段
[silk_overlap]: Silkscreen clearance
    Rule: <电路板配置> 中的 "丝印" 约束; warning
    @(129.0000 mm, 81.0700 mm): R21 的参考字段
    @(128.7627 mm, 80.4775 mm): R20 的 线段, 位于 B.Silkscreen
[silk_overlap]: Silkscreen clearance
    Rule: <电路板配置> 中的 "丝印" 约束; warning
    @(154.7627 mm, 92.5225 mm): R93 的 线段, 位于 B.Silkscreen
    @(154.0000 mm, 92.5700 mm): C90 的参考字段
[silk_overlap]: Silkscreen clearance
    Rule: <电路板配置> 中的 "丝印" 约束; warning
    @(131.7627 mm, 90.4775 mm): R10 的 线段, 位于 B.Silkscreen
    @(132.0000 mm, 91.0700 mm): R11 的参考字段
[silk_overlap]: Silkscreen clearance
    Rule: <电路板配置> 中的 "丝印" 约束; warning
    @(131.7627 mm, 91.5225 mm): R10 的 线段, 位于 B.Silkscreen
    @(132.0000 mm, 91.0700 mm): R11 的参考字段
[silk_overlap]: Silkscreen clearance
    Rule: <电路板配置> 中的 "丝印" 约束; warning
    @(123.8594 mm, 95.5100 mm): C10 的 线段, 位于 B.Silkscreen
    @(124.0000 mm, 95.5700 mm): C11 的参考字段
[silk_overlap]: Silkscreen clearance
    Rule: <电路板配置> 中的 "丝印" 约束; warning
    @(128.0000 mm, 97.0000 mm): U3 的参考字段
    @(127.3979 mm, 96.6400 mm): L1 的 线段, 位于 B.Silkscreen
[silk_overlap]: Silkscreen clearance
    Rule: <电路板配置> 中的 "丝印" 约束; warning
    @(127.9993 mm, 108.5174 mm): U7 的参考字段
    @(128.0000 mm, 108.8700 mm): R73 的参考字段
[silk_over_copper]: Silkscreen clipped by solder mask
    Local override; warning
    @(140.5000 mm, 85.4000 mm): U1 的参考字段
    @(139.7750 mm, 85.0000 mm): B.Cu 上 C22 的焊盘 2 [/GND]
[silk_over_copper]: Silkscreen clipped by solder mask
    Local override; warning
    @(139.0000 mm, 69.5700 mm): C82 的参考字段
    @(139.7750 mm, 69.0000 mm): B.Cu 上 C81 的焊盘 2 [/GND]
[silk_over_copper]: Silkscreen clipped by solder mask
    Local override; warning
    @(138.0000 mm, 86.0700 mm): R76 的参考字段
    @(138.2250 mm, 85.0000 mm): B.Cu 上 C22 的焊盘 1 [/+5V_MEDIA]
[silk_over_copper]: Silkscreen clipped by solder mask
    Local override; warning
    @(139.0000 mm, 69.5700 mm): C82 的参考字段
    @(138.2250 mm, 69.0000 mm): B.Cu 上 C81 的焊盘 1 [/+3V3_MAIN]
[silk_over_copper]: Silkscreen clipped by solder mask
    Local override; warning
    @(129.0000 mm, 81.0700 mm): R21 的参考字段
    @(129.8250 mm, 81.0000 mm): B.Cu 上 R20 的焊盘 2 [/FB_5V]
[silk_over_copper]: Silkscreen clipped by solder mask
    Local override; warning
    @(139.0000 mm, 83.5700 mm): C22 的参考字段
    @(137.4000 mm, 83.0000 mm): B.Cu 上 L2 的焊盘 2 [/BOOST_SW]
[silk_over_copper]: Silkscreen clipped by solder mask
    Local override; warning
    @(154.0000 mm, 92.5700 mm): C90 的参考字段
    @(154.1750 mm, 92.0000 mm): B.Cu 上 R93 的焊盘 1 [/SD_CD]
[silk_over_copper]: Silkscreen clipped by solder mask
    Local override; warning
    @(157.0000 mm, 92.5700 mm): C91 的参考字段
    @(155.8250 mm, 92.0000 mm): B.Cu 上 R93 的焊盘 2 [/+3V3_MAIN]
[silk_over_copper]: Silkscreen clipped by solder mask
    Local override; warning
    @(154.0000 mm, 92.5700 mm): C90 的参考字段
    @(152.8250 mm, 92.0000 mm): B.Cu 上 R92 的焊盘 2 [/+3V3_MAIN]
[silk_over_copper]: Silkscreen clipped by solder mask
    Local override; warning
    @(129.0000 mm, 81.0700 mm): R21 的参考字段
    @(128.1750 mm, 81.0000 mm): B.Cu 上 R20 的焊盘 1 [/+5V_MEDIA]
[silk_over_copper]: Silkscreen clipped by solder mask
    Local override; warning
    @(72.0000 mm, 96.5700 mm): FB2 的参考字段
    @(70.7750 mm, 95.6000 mm): B.Cu 上 C51 的焊盘 2 [/GND]
[silk_over_copper]: Silkscreen clipped by solder mask
    Local override; warning
    @(124.0000 mm, 95.5700 mm): C11 的参考字段
    @(124.7750 mm, 95.0000 mm): B.Cu 上 C10 的焊盘 2 [/GND]
[silk_over_copper]: Silkscreen clipped by solder mask
    Local override; warning
    @(124.0000 mm, 95.5700 mm): C11 的参考字段
    @(123.2250 mm, 95.0000 mm): B.Cu 上 C10 的焊盘 1 [/VSYS]
[silk_over_copper]: Silkscreen clipped by solder mask
    Local override; warning
    @(128.0000 mm, 97.0000 mm): U3 的参考字段
    @(129.4000 mm, 98.0000 mm): B.Cu 上 L1 的焊盘 2 [/L3V3_B]
[silk_over_copper]: Silkscreen clipped by solder mask
    Local override; warning
    @(128.0000 mm, 97.0000 mm): U3 的参考字段
    @(126.6000 mm, 98.0000 mm): B.Cu 上 L1 的焊盘 1 [/L3V3_A]
[silk_over_copper]: Silkscreen clipped by solder mask
    Local override; warning
    @(132.0000 mm, 91.0700 mm): R11 的参考字段
    @(132.8250 mm, 91.0000 mm): B.Cu 上 R10 的焊盘 2 [/FB_3V3]
[silk_over_copper]: Silkscreen clipped by solder mask
    Local override; warning
    @(132.0000 mm, 91.0700 mm): R11 的参考字段
    @(131.1750 mm, 91.0000 mm): B.Cu 上 R10 的焊盘 1 [/+3V3_MAIN]
[silk_over_copper]: Silkscreen clipped by solder mask
    Local override; warning
    @(145.0000 mm, 105.5700 mm): R77 的参考字段
    @(146.1750 mm, 105.5000 mm): B.Cu 上 R75 的焊盘 1 [/PGOOD_N]

** Found 105 unconnected pads **
[unconnected_items]: Missing connection between items
    Local override; error
    @(123.1750 mm, 91.5000 mm): B.Cu 上 R30 的焊盘 1 [/RUN_EN]
    @(126.6000 mm, 93.9600 mm): B.Cu 上 U3 的焊盘 14 [/RUN_EN]
[unconnected_items]: Missing connection between items
    Local override; error
    @(123.1750 mm, 91.5000 mm): B.Cu 上 R30 的焊盘 1 [/RUN_EN]
    @(51.5000 mm, 89.2500 mm): F.Cu 上 SW1 的焊盘 1 [/RUN_EN]
[unconnected_items]: Missing connection between items
    Local override; error
    @(133.2600 mm, 80.0000 mm): B.Cu 上 U4 的焊盘 2 [/RUN_EN]
    @(123.1750 mm, 91.5000 mm): B.Cu 上 R30 的焊盘 1 [/RUN_EN]
[unconnected_items]: Missing connection between items
    Local override; error
    @(126.1000 mm, 106.2000 mm): B.Cu 上 U7 的焊盘 3 [/GND]
    @(141.7500 mm, 67.2500 mm): 填充区[/GND]在 B.Cu 上, 优先级 0
[unconnected_items]: Missing connection between items
    Local override; error
    @(141.7500 mm, 67.2500 mm): 填充区[/GND]在 B.Cu 上, 优先级 0
    @(141.7500 mm, 67.2500 mm): 填充区[/GND]在 B.Cu 上, 优先级 0
[unconnected_items]: Missing connection between items
    Local override; error
    @(141.7500 mm, 67.2500 mm): 填充区[/GND]在 B.Cu 上, 优先级 0
    @(141.7500 mm, 67.2500 mm): 填充区[/GND]在 B.Cu 上, 优先级 0
[unconnected_items]: Missing connection between items
    Local override; error
    @(141.7500 mm, 67.2500 mm): 填充区[/GND]在 B.Cu 上, 优先级 0
    @(141.7500 mm, 67.2500 mm): 填充区[/GND]在 B.Cu 上, 优先级 0
[unconnected_items]: Missing connection between items
    Local override; error
    @(141.7500 mm, 67.2500 mm): 填充区[/GND]在 B.Cu 上, 优先级 0
    @(141.7500 mm, 67.2500 mm): 填充区[/GND]在 B.Cu 上, 优先级 0
[unconnected_items]: Missing connection between items
    Local override; error
    @(108.7500 mm, 52.7500 mm): F.Cu 上 J2 的焊盘 7 [/+5V_LCD]
    @(108.2500 mm, 52.7500 mm): F.Cu 上 J2 的焊盘 6 [/+5V_LCD]
[unconnected_items]: Missing connection between items
    Local override; error
    @(113.2250 mm, 57.0000 mm): B.Cu 上 C30 的焊盘 1 [/+5V_LCD]
    @(108.7500 mm, 52.7500 mm): F.Cu 上 J2 的焊盘 7 [/+5V_LCD]
[unconnected_items]: Missing connection between items
    Local override; error
    @(113.2250 mm, 59.8000 mm): B.Cu 上 C31 的焊盘 1 [/+5V_LCD]
    @(113.2250 mm, 57.0000 mm): B.Cu 上 C30 的焊盘 1 [/+5V_LCD]
[unconnected_items]: Missing connection between items
    Local override; error
    @(113.2250 mm, 59.8000 mm): B.Cu 上 C31 的焊盘 1 [/+5V_LCD]
    @(132.7875 mm, 84.0000 mm): B.Cu 上 FB1 的焊盘 2 [/+5V_LCD]
[unconnected_items]: Missing connection between items
    Local override; error
    @(145.1750 mm, 92.0000 mm): B.Cu 上 R90 的焊盘 1 [/SD_CS]
    @(152.6750 mm, 96.2750 mm): F.Cu 上 J3 的焊盘 2 [/SD_CS]
[unconnected_items]: Missing connection between items
    Local override; error
    @(152.6750 mm, 96.2750 mm): F.Cu 上 J3 的焊盘 2 [/SD_CS]
    @(159.7500 mm, 80.1700 mm): B.Cu 上 U1 的焊盘 31 [/SD_CS]
[unconnected_items]: Missing connection between items
    Local override; error
    @(148.1750 mm, 92.0000 mm): B.Cu 上 R91 的焊盘 1 [/SD_CMD]
    @(151.5750 mm, 96.2750 mm): F.Cu 上 J3 的焊盘 3 [/SD_CMD]
[unconnected_items]: Missing connection between items
    Local override; error
    @(159.7500 mm, 83.9800 mm): B.Cu 上 U1 的焊盘 28 [/SD_CMD]
    @(148.1750 mm, 92.0000 mm): B.Cu 上 R91 的焊盘 1 [/SD_CMD]
[unconnected_items]: Missing connection between items
    Local override; error
    @(63.2250 mm, 60.8000 mm): B.Cu 上 C40 的焊盘 1 [/+3V3_MAIN]
    @(58.0000 mm, 57.1500 mm): F.Cu 上 U6 的焊盘 2 [/+3V3_MAIN]
[unconnected_items]: Missing connection between items
    Local override; error
    @(70.8250 mm, 90.0000 mm): B.Cu 上 R41 的焊盘 2 [/+3V3_MAIN]
    @(87.1750 mm, 98.0000 mm): B.Cu 上 R80 的焊盘 1 [/+3V3_MAIN]
[unconnected_items]: Missing connection between items
    Local override; error
    @(70.8250 mm, 90.0000 mm): B.Cu 上 R41 的焊盘 2 [/+3V3_MAIN]
    @(63.2250 mm, 60.8000 mm): B.Cu 上 C40 的焊盘 1 [/+3V3_MAIN]
[unconnected_items]: Missing connection between items
    Local override; error
    @(106.8250 mm, 98.0000 mm): B.Cu 上 R70 的焊盘 2 [/+3V3_MAIN]
    @(106.8250 mm, 100.8000 mm): B.Cu 上 R71 的焊盘 2 [/+3V3_MAIN]
[unconnected_items]: Missing connection between items
    Local override; error
    @(106.8250 mm, 98.0000 mm): B.Cu 上 R70 的焊盘 2 [/+3V3_MAIN]
    @(87.1750 mm, 98.0000 mm): B.Cu 上 R80 的焊盘 1 [/+3V3_MAIN]
[unconnected_items]: Missing connection between items
    Local override; error
    @(106.8250 mm, 98.0000 mm): B.Cu 上 R70 的焊盘 2 [/+3V3_MAIN]
    @(103.0000 mm, 65.0000 mm): B.Cu 上 TP8 的焊盘 1 [/+3V3_MAIN]
[unconnected_items]: Missing connection between items
    Local override; error
    @(106.8250 mm, 100.8000 mm): B.Cu 上 R71 的焊盘 2 [/+3V3_MAIN]
    @(122.2250 mm, 100.0000 mm): B.Cu 上 C12 的焊盘 1 [/+3V3_MAIN]
[unconnected_items]: Missing connection between items
    Local override; error
    @(125.2250 mm, 101.5000 mm): B.Cu 上 C13 的焊盘 1 [/+3V3_MAIN]
    @(122.2250 mm, 100.0000 mm): B.Cu 上 C12 的焊盘 1 [/+3V3_MAIN]
[unconnected_items]: Missing connection between items
    Local override; error
    @(125.2250 mm, 101.5000 mm): B.Cu 上 C13 的焊盘 1 [/+3V3_MAIN]
    @(129.4000 mm, 94.9600 mm): B.Cu 上 U3 的焊盘 8 [/+3V3_MAIN]
[unconnected_items]: Missing connection between items
    Local override; error
    @(127.2500 mm, 93.0400 mm): B.Cu 上 U3 的焊盘 1 [/+3V3_MAIN]
    @(129.4000 mm, 94.4600 mm): B.Cu 上 U3 的焊盘 7 [/+3V3_MAIN]
[unconnected_items]: Missing connection between items
    Local override; error
    @(131.1750 mm, 91.0000 mm): B.Cu 上 R10 的焊盘 1 [/+3V3_MAIN]
    @(129.4000 mm, 94.4600 mm): B.Cu 上 U3 的焊盘 7 [/+3V3_MAIN]
[unconnected_items]: Missing connection between items
    Local override; error
    @(131.1750 mm, 91.0000 mm): B.Cu 上 R10 的焊盘 1 [/+3V3_MAIN]
    @(138.8250 mm, 87.5000 mm): B.Cu 上 R76 的焊盘 2 [/+3V3_MAIN]
[unconnected_items]: Missing connection between items
    Local override; error
    @(136.8250 mm, 108.0000 mm): B.Cu 上 R74 的焊盘 2 [/+3V3_MAIN]
    @(145.8250 mm, 107.0000 mm): B.Cu 上 R77 的焊盘 2 [/+3V3_MAIN]
[unconnected_items]: Missing connection between items
    Local override; error
    @(138.2250 mm, 71.0000 mm): B.Cu 上 C82 的焊盘 1 [/+3V3_MAIN]
    @(138.2250 mm, 69.0000 mm): B.Cu 上 C81 的焊盘 1 [/+3V3_MAIN]
[unconnected_items]: Missing connection between items
    Local override; error
    @(138.2250 mm, 71.0000 mm): B.Cu 上 C82 的焊盘 1 [/+3V3_MAIN]
    @(138.8250 mm, 87.5000 mm): B.Cu 上 R76 的焊盘 2 [/+3V3_MAIN]
[unconnected_items]: Missing connection between items
    Local override; error
    @(142.2500 mm, 70.0100 mm): B.Cu 上 U1 的焊盘 2 [/+3V3_MAIN]
    @(138.2250 mm, 71.0000 mm): B.Cu 上 C82 的焊盘 1 [/+3V3_MAIN]
[unconnected_items]: Missing connection between items
    Local override; error
    @(145.8250 mm, 107.0000 mm): B.Cu 上 R77 的焊盘 2 [/+3V3_MAIN]
    @(147.8250 mm, 105.5000 mm): B.Cu 上 R75 的焊盘 2 [/+3V3_MAIN]
[unconnected_items]: Missing connection between items
    Local override; error
    @(146.8250 mm, 92.0000 mm): B.Cu 上 R90 的焊盘 2 [/+3V3_MAIN]
    @(138.8250 mm, 87.5000 mm): B.Cu 上 R76 的焊盘 2 [/+3V3_MAIN]
[unconnected_items]: Missing connection between items
    Local override; error
    @(149.8250 mm, 92.0000 mm): B.Cu 上 R91 的焊盘 2 [/+3V3_MAIN]
    @(146.8250 mm, 92.0000 mm): B.Cu 上 R90 的焊盘 2 [/+3V3_MAIN]
[unconnected_items]: Missing connection between items
    Local override; error
    @(150.4750 mm, 96.2750 mm): F.Cu 上 J3 的焊盘 4 [/+3V3_MAIN]
    @(147.8250 mm, 105.5000 mm): B.Cu 上 R75 的焊盘 2 [/+3V3_MAIN]
[unconnected_items]: Missing connection between items
    Local override; error
    @(152.8250 mm, 92.0000 mm): B.Cu 上 R92 的焊盘 2 [/+3V3_MAIN]
    @(149.8250 mm, 92.0000 mm): B.Cu 上 R91 的焊盘 2 [/+3V3_MAIN]
[unconnected_items]: Missing connection between items
    Local override; error
    @(153.2250 mm, 94.0000 mm): B.Cu 上 C90 的焊盘 1 [/+3V3_MAIN]
    @(152.8250 mm, 92.0000 mm): B.Cu 上 R92 的焊盘 2 [/+3V3_MAIN]
[unconnected_items]: Missing connection between items
    Local override; error
    @(153.2250 mm, 94.0000 mm): B.Cu 上 C90 的焊盘 1 [/+3V3_MAIN]
    @(150.4750 mm, 96.2750 mm): F.Cu 上 J3 的焊盘 4 [/+3V3_MAIN]
[unconnected_items]: Missing connection between items
    Local override; error
    @(155.8250 mm, 92.0000 mm): B.Cu 上 R93 的焊盘 2 [/+3V3_MAIN]
    @(157.5000 mm, 80.0000 mm): F.Cu 上 J6 的焊盘 1 [/+3V3_MAIN]
[unconnected_items]: Missing connection between items
    Local override; error
    @(156.2250 mm, 94.0000 mm): B.Cu 上 C91 的焊盘 1 [/+3V3_MAIN]
    @(155.8250 mm, 92.0000 mm): B.Cu 上 R93 的焊盘 2 [/+3V3_MAIN]
[unconnected_items]: Missing connection between items
    Local override; error
    @(156.2250 mm, 94.0000 mm): B.Cu 上 C91 的焊盘 1 [/+3V3_MAIN]
    @(153.2250 mm, 94.0000 mm): B.Cu 上 C90 的焊盘 1 [/+3V3_MAIN]
[unconnected_items]: Missing connection between items
    Local override; error
    @(149.3750 mm, 96.2750 mm): F.Cu 上 J3 的焊盘 5 [/SD_CLK]
    @(159.7500 mm, 82.7100 mm): B.Cu 上 U1 的焊盘 29 [/SD_CLK]
[unconnected_items]: Missing connection between items
    Local override; error
    @(147.1750 mm, 96.2750 mm): F.Cu 上 J3 的焊盘 7 [/SD_DAT0]
    @(151.1750 mm, 92.0000 mm): B.Cu 上 R92 的焊盘 1 [/SD_DAT0]
[unconnected_items]: Missing connection between items
    Local override; error
    @(151.1750 mm, 92.0000 mm): B.Cu 上 R92 的焊盘 1 [/SD_DAT0]
    @(159.7500 mm, 81.4400 mm): B.Cu 上 U1 的焊盘 30 [/SD_DAT0]
[unconnected_items]: Missing connection between items
    Local override; error
    @(146.5550 mm, 86.5000 mm): B.Cu 上 U1 的焊盘 17 [/SD_CD]
    @(145.1250 mm, 96.2750 mm): F.Cu 上 J3 的焊盘 9 [/SD_CD]
[unconnected_items]: Missing connection between items
    Local override; error
    @(154.1750 mm, 92.0000 mm): B.Cu 上 R93 的焊盘 1 [/SD_CD]
    @(146.5550 mm, 86.5000 mm): B.Cu 上 U1 的焊盘 17 [/SD_CD]
[unconnected_items]: Missing connection between items
    Local override; error
    @(62.0500 mm, 75.2000 mm): F.Cu 上 SW2 的焊盘 1 [/B_SW]
    @(57.9500 mm, 75.2000 mm): F.Cu 上 SW2 的焊盘 1 [/B_SW]
[unconnected_items]: Missing connection between items
    Local override; error
    @(155.4450 mm, 86.5000 mm): B.Cu 上 U1 的焊盘 24 [/B_SW]
    @(62.0500 mm, 75.2000 mm): F.Cu 上 SW2 的焊盘 1 [/B_SW]
[unconnected_items]: Missing connection between items
    Local override; error
    @(99.1750 mm, 100.0000 mm): B.Cu 上 R1 的焊盘 1 [/CC1]
    @(106.7500 mm, 107.2550 mm): F.Cu 上 J1 的焊盘 A5 [/CC1]
[unconnected_items]: Missing connection between items
    Local override; error
    @(99.1750 mm, 102.8000 mm): B.Cu 上 R2 的焊盘 1 [/CC2]
    @(109.7500 mm, 107.2550 mm): F.Cu 上 J1 的焊盘 B5 [/CC2]
[unconnected_items]: Missing connection between items
    Local override; error
    @(56.6500 mm, 57.1500 mm): F.Cu 上 U6 的焊盘 1 [/PDM_DATA_RAW]
    @(63.1750 mm, 58.0000 mm): B.Cu 上 R40 的焊盘 1 [/PDM_DATA_RAW]
[unconnected_items]: Missing connection between items
    Local override; error
    @(59.3500 mm, 57.1500 mm): F.Cu 上 U6 的焊盘 3 [/PDM_CLK]
    @(159.7500 mm, 78.9000 mm): B.Cu 上 U1 的焊盘 32 [/PDM_CLK]
[unconnected_items]: Missing connection between items
    Local override; error
    @(142.2500 mm, 72.5500 mm): B.Cu 上 U1 的焊盘 4 [/ENC_A]
    @(159.5000 mm, 80.0000 mm): F.Cu 上 J6 的焊盘 3 [/ENC_A]
[unconnected_items]: Missing connection between items
    Local override; error
    @(142.2500 mm, 73.8200 mm): B.Cu 上 U1 的焊盘 5 [/ENC_B]
    @(160.5000 mm, 80.0000 mm): F.Cu 上 J6 的焊盘 4 [/ENC_B]
[unconnected_items]: Missing connection between items
    Local override; error
    @(142.2500 mm, 75.0900 mm): B.Cu 上 U1 的焊盘 6 [/A_SW]
    @(161.5000 mm, 80.0000 mm): F.Cu 上 J6 的焊盘 5 [/A_SW]
[unconnected_items]: Missing connection between items
    Local override; error
    @(159.7500 mm, 71.2800 mm): B.Cu 上 U1 的焊盘 38 [/LED_CTRL]
    @(162.5000 mm, 80.0000 mm): F.Cu 上 J6 的焊盘 6 [/LED_CTRL]
[unconnected_items]: Missing connection between items
    Local override; error
    @(62.0500 mm, 65.2000 mm): F.Cu 上 SW3 的焊盘 1 [/MENU_SW]
    @(57.9500 mm, 65.2000 mm): F.Cu 上 SW3 的焊盘 1 [/MENU_SW]
[unconnected_items]: Missing connection between items
    Local override; error
    @(156.7150 mm, 86.5000 mm): B.Cu 上 U1 的焊盘 25 [/MENU_SW]
    @(62.0500 mm, 65.2000 mm): F.Cu 上 SW3 的焊盘 1 [/MENU_SW]
[unconnected_items]: Missing connection between items
    Local override; error
    @(117.1375 mm, 101.9500 mm): B.Cu 上 U8 的焊盘 4 [/USB_D+]
    @(142.2500 mm, 85.2500 mm): B.Cu 上 U1 的焊盘 14 [/USB_D+]
[unconnected_items]: Missing connection between items
    Local override; error
    @(117.1375 mm, 100.0500 mm): B.Cu 上 U8 的焊盘 6 [/USB_D-]
    @(142.2500 mm, 83.9800 mm): B.Cu 上 U1 的焊盘 13 [/USB_D-]
[unconnected_items]: Missing connection between items
    Local override; error
    @(107.0000 mm, 65.0000 mm): B.Cu 上 TP9 的焊盘 1 [/+5V_MEDIA]
    @(128.1750 mm, 81.0000 mm): B.Cu 上 R20 的焊盘 1 [/+5V_MEDIA]
[unconnected_items]: Missing connection between items
    Local override; error
    @(107.0000 mm, 65.0000 mm): B.Cu 上 TP9 的焊盘 1 [/+5V_MEDIA]
    @(71.2125 mm, 98.0000 mm): B.Cu 上 FB2 的焊盘 1 [/+5V_MEDIA]
[unconnected_items]: Missing connection between items
    Local override; error
    @(128.1750 mm, 81.0000 mm): B.Cu 上 R20 的焊盘 1 [/+5V_MEDIA]
    @(131.2125 mm, 84.0000 mm): B.Cu 上 FB1 的焊盘 1 [/+5V_MEDIA]
[unconnected_items]: Missing connection between items
    Local override; error
    @(131.2125 mm, 84.0000 mm): B.Cu 上 FB1 的焊盘 1 [/+5V_MEDIA]
    @(134.7400 mm, 79.5000 mm): B.Cu 上 U4 的焊盘 6 [/+5V_MEDIA]
[unconnected_items]: Missing connection between items
    Local override; error
    @(138.2250 mm, 82.0000 mm): B.Cu 上 C21 的焊盘 1 [/+5V_MEDIA]
    @(134.7400 mm, 79.5000 mm): B.Cu 上 U4 的焊盘 6 [/+5V_MEDIA]
[unconnected_items]: Missing connection between items
    Local override; error
    @(138.2250 mm, 85.0000 mm): B.Cu 上 C22 的焊盘 1 [/+5V_MEDIA]
    @(138.2250 mm, 82.0000 mm): B.Cu 上 C21 的焊盘 1 [/+5V_MEDIA]
[unconnected_items]: Missing connection between items
    Local override; error
    @(91.9500 mm, 105.2000 mm): B.Cu 上 SW5 的焊盘 1 [/BOOT_N]
    @(96.0500 mm, 105.2000 mm): B.Cu 上 SW5 的焊盘 1 [/BOOT_N]
[unconnected_items]: Missing connection between items
    Local override; error
    @(96.0500 mm, 105.2000 mm): B.Cu 上 SW5 的焊盘 1 [/BOOT_N]
    @(159.7500 mm, 85.2500 mm): B.Cu 上 U1 的焊盘 27 [/BOOT_N]
[unconnected_items]: Missing connection between items
    Local override; error
    @(83.9500 mm, 105.2000 mm): B.Cu 上 SW4 的焊盘 1 [/ESP_EN]
    @(88.0500 mm, 105.2000 mm): B.Cu 上 SW4 的焊盘 1 [/ESP_EN]
[unconnected_items]: Missing connection between items
    Local override; error
    @(87.2250 mm, 100.8000 mm): B.Cu 上 C80 的焊盘 1 [/ESP_EN]
    @(88.0500 mm, 105.2000 mm): B.Cu 上 SW4 的焊盘 1 [/ESP_EN]
[unconnected_items]: Missing connection between items
    Local override; error
    @(88.8250 mm, 98.0000 mm): B.Cu 上 R80 的焊盘 2 [/ESP_EN]
    @(87.2250 mm, 100.8000 mm): B.Cu 上 C80 的焊盘 1 [/ESP_EN]
[unconnected_items]: Missing connection between items
    Local override; error
    @(142.2500 mm, 71.2800 mm): B.Cu 上 U1 的焊盘 3 [/ESP_EN]
    @(88.8250 mm, 98.0000 mm): B.Cu 上 R80 的焊盘 2 [/ESP_EN]
[unconnected_items]: Missing connection between items
    Local override; error
    @(64.8250 mm, 58.0000 mm): B.Cu 上 R40 的焊盘 2 [/PDM_DATA]
    @(159.7500 mm, 75.0900 mm): B.Cu 上 U1 的焊盘 35 [/PDM_DATA]
[unconnected_items]: Missing connection between items
    Local override; error
    @(79.0000 mm, 65.0000 mm): B.Cu 上 TP2 的焊盘 1 [/UART_RX0]
    @(159.7500 mm, 73.8200 mm): B.Cu 上 U1 的焊盘 36 [/UART_RX0]
[unconnected_items]: Missing connection between items
    Local override; error
    @(75.0000 mm, 65.0000 mm): B.Cu 上 TP1 的焊盘 1 [/UART_TX0]
    @(159.7500 mm, 72.5500 mm): B.Cu 上 U1 的焊盘 37 [/UART_TX0]
[unconnected_items]: Missing connection between items
    Local override; error
    @(127.2250 mm, 90.0000 mm): B.Cu 上 C14 的焊盘 1 [/VAUX_3V3]
    @(128.2500 mm, 93.0400 mm): B.Cu 上 U3 的焊盘 3 [/VAUX_3V3]
[unconnected_items]: Missing connection between items
    Local override; error
    @(126.6000 mm, 98.0000 mm): B.Cu 上 L1 的焊盘 1 [/L3V3_A]
    @(127.5000 mm, 94.9600 mm): B.Cu 上 U3 的焊盘 11 [/L3V3_A]
[unconnected_items]: Missing connection between items
    Local override; error
    @(128.5000 mm, 94.9600 mm): B.Cu 上 U3 的焊盘 9 [/L3V3_B]
    @(129.4000 mm, 98.0000 mm): B.Cu 上 L1 的焊盘 2 [/L3V3_B]
[unconnected_items]: Missing connection between items
    Local override; error
    @(99.0000 mm, 65.0000 mm): B.Cu 上 TP7 的焊盘 1 [/VSYS]
    @(128.2250 mm, 86.0000 mm): B.Cu 上 C20 的焊盘 1 [/VSYS]
[unconnected_items]: Missing connection between items
    Local override; error
    @(123.2250 mm, 95.0000 mm): B.Cu 上 C10 的焊盘 1 [/VSYS]
    @(126.6000 mm, 94.9600 mm): B.Cu 上 U3 的焊盘 12 [/VSYS]
[unconnected_items]: Missing connection between items
    Local override; error
    @(123.2250 mm, 97.0000 mm): B.Cu 上 C11 的焊盘 1 [/VSYS]
    @(123.2250 mm, 95.0000 mm): B.Cu 上 C10 的焊盘 1 [/VSYS]
[unconnected_items]: Missing connection between items
    Local override; error
    @(126.6000 mm, 94.4600 mm): B.Cu 上 U3 的焊盘 13 [/VSYS]
    @(124.8250 mm, 91.5000 mm): B.Cu 上 R30 的焊盘 2 [/VSYS]
[unconnected_items]: Missing connection between items
    Local override; error
    @(126.7700 mm, 94.7100 mm): B.Cu 上 U3 的焊盘 13 [/VSYS]
    @(138.2250 mm, 98.0000 mm): B.Cu 上 C2 的焊盘 1 [/VSYS]
[unconnected_items]: Missing connection between items
    Local override; error
    @(128.2250 mm, 86.0000 mm): B.Cu 上 C20 的焊盘 1 [/VSYS]
    @(124.8250 mm, 91.5000 mm): B.Cu 上 R30 的焊盘 2 [/VSYS]
[unconnected_items]: Missing connection between items
    Local override; error
    @(134.6000 mm, 83.0000 mm): B.Cu 上 L2 的焊盘 1 [/VSYS]
    @(133.2600 mm, 80.5000 mm): B.Cu 上 U4 的焊盘 3 [/VSYS]
[unconnected_items]: Missing connection between items
    Local override; error
    @(134.6000 mm, 83.0000 mm): B.Cu 上 L2 的焊盘 1 [/VSYS]
    @(128.2250 mm, 86.0000 mm): B.Cu 上 C20 的焊盘 1 [/VSYS]
[unconnected_items]: Missing connection between items
    Local override; error
    @(138.2250 mm, 98.0000 mm): B.Cu 上 C2 的焊盘 1 [/VSYS]
    @(144.4625 mm, 102.7500 mm): B.Cu 上 U2 的焊盘 11 [/VSYS]
[unconnected_items]: Missing connection between items
    Local override; error
    @(142.7500 mm, 104.4625 mm): B.Cu 上 U2 的焊盘 6 [/VSYS]
    @(144.4625 mm, 103.2500 mm): B.Cu 上 U2 的焊盘 10 [/VSYS]
[unconnected_items]: Missing connection between items
    Local override; error
    @(144.4625 mm, 103.2500 mm): B.Cu 上 U2 的焊盘 10 [/VSYS]
    @(144.4625 mm, 102.7500 mm): B.Cu 上 U2 的焊盘 11 [/VSYS]
[unconnected_items]: Missing connection between items
    Local override; error
    @(87.0000 mm, 65.0000 mm): B.Cu 上 TP4 的焊盘 1 [/PG_3V3_N]
    @(127.7500 mm, 93.0400 mm): B.Cu 上 U3 的焊盘 2 [/PG_3V3_N]
[unconnected_items]: Missing connection between items
    Local override; error
    @(127.7500 mm, 93.0400 mm): B.Cu 上 U3 的焊盘 2 [/PG_3V3_N]
    @(137.1750 mm, 87.5000 mm): B.Cu 上 R76 的焊盘 1 [/PG_3V3_N]
[unconnected_items]: Missing connection between items
    Local override; error
    @(95.0000 mm, 65.0000 mm): B.Cu 上 TP6 的焊盘 1 [/VBAT]
    @(129.9000 mm, 105.0000 mm): 走线 [/VBAT] (B.Cu), 长度: 2.1000 mm
[unconnected_items]: Missing connection between items
    Local override; error
    @(138.5000 mm, 105.0000 mm): 走线 [/VBAT] (B.Cu), 长度: 2.6575 mm
    @(138.2250 mm, 100.8000 mm): B.Cu 上 C3 的焊盘 1 [/VBAT]
[unconnected_items]: Missing connection between items
    Local override; error
    @(129.4000 mm, 93.4600 mm): B.Cu 上 U3 的焊盘 5 [/FB_3V3]
    @(131.1750 mm, 92.5000 mm): B.Cu 上 R11 的焊盘 1 [/FB_3V3]
[unconnected_items]: Missing connection between items
    Local override; error
    @(131.1750 mm, 92.5000 mm): B.Cu 上 R11 的焊盘 1 [/FB_3V3]
    @(132.8250 mm, 91.0000 mm): B.Cu 上 R10 的焊盘 2 [/FB_3V3]
[unconnected_items]: Missing connection between items
    Local override; error
    @(129.8250 mm, 81.0000 mm): B.Cu 上 R20 的焊盘 2 [/FB_5V]
    @(128.1750 mm, 82.5000 mm): B.Cu 上 R21 的焊盘 1 [/FB_5V]
[unconnected_items]: Missing connection between items
    Local override; error
    @(133.2600 mm, 79.5000 mm): B.Cu 上 U4 的焊盘 1 [/FB_5V]
    @(129.8250 mm, 81.0000 mm): B.Cu 上 R20 的焊盘 2 [/FB_5V]
[unconnected_items]: Missing connection between items
    Local override; error
    @(134.7400 mm, 80.0000 mm): B.Cu 上 U4 的焊盘 5 [/BOOST_SW]
    @(137.4000 mm, 83.0000 mm): B.Cu 上 L2 的焊盘 2 [/BOOST_SW]
[unconnected_items]: Missing connection between items
    Local override; error
    @(64.2500 mm, 95.4375 mm): B.Cu 上 U5 的焊盘 7 [/+5V_AUDIO]
    @(64.7500 mm, 95.4375 mm): B.Cu 上 U5 的焊盘 8 [/+5V_AUDIO]
[unconnected_items]: Missing connection between items
    Local override; error
    @(69.2250 mm, 95.6000 mm): B.Cu 上 C51 的焊盘 1 [/+5V_AUDIO]
    @(69.2250 mm, 92.8000 mm): B.Cu 上 C50 的焊盘 1 [/+5V_AUDIO]
[unconnected_items]: Missing connection between items
    Local override; error
    @(69.2250 mm, 95.6000 mm): B.Cu 上 C51 的焊盘 1 [/+5V_AUDIO]
    @(64.7500 mm, 95.4375 mm): B.Cu 上 U5 的焊盘 8 [/+5V_AUDIO]
[unconnected_items]: Missing connection between items
    Local override; error
    @(72.7875 mm, 98.0000 mm): B.Cu 上 FB2 的焊盘 2 [/+5V_AUDIO]
    @(69.2250 mm, 95.6000 mm): B.Cu 上 C51 的焊盘 1 [/+5V_AUDIO]
[unconnected_items]: Missing connection between items
    Local override; error
    @(61.0000 mm, 106.5000 mm): B.Cu 上 J5 的焊盘 1 [/SPK+]
    @(65.4375 mm, 94.7500 mm): B.Cu 上 U5 的焊盘 9 [/SPK+]
[unconnected_items]: Missing connection between items
    Local override; error
    @(63.0000 mm, 106.5000 mm): B.Cu 上 J5 的焊盘 2 [/SPK-]
    @(65.4375 mm, 94.2500 mm): B.Cu 上 U5 的焊盘 10 [/SPK-]

** Found 0 Footprint errors **

** Ignored checks **
    - Footprint has no courtyard defined
    - Track endpoint not centered on via
    - Tuning profile track geometries
    - Footprint doesn't match symbol's footprint filters
    - Footprint component type doesn't match footprint pads

** End of Report **
