** Drc report for cadenza-d1-v44-ground-candidate.kicad_pcb **
** Created on 2026-07-21T13:32:08 **
** Report includes: Errors, Warnings **

** Found 2 DRC violations **
[shorting_items]: 短路了两个不同网络的项目 (网络 /+5V_MEDIA 和 /GND)
    Local override; error
    @(135.2250 mm, 87.0000 mm): 走线 [/+5V_MEDIA] (B.Cu), 长度: 3.0000 mm
    @(136.7750 mm, 87.0000 mm): B.Cu 上 C21 的焊盘 2 [/GND]
[solder_mask_bridge]: 底层阻焊开窗区域与不同网络的项目相连
    Rule: <电路板配置> 中的 "阻焊层最小宽度"; error
    @(135.2250 mm, 87.0000 mm): 走线 [/+5V_MEDIA] (B.Cu), 长度: 3.0000 mm
    @(136.7750 mm, 87.0000 mm): B.Cu 上 C21 的焊盘 2 [/GND]

** Found 12 unconnected pads **
[unconnected_items]: Missing connection between items
    Local override; error
    @(141.7500 mm, 67.2500 mm): 填充区[/GND]在 B.Cu 上, 优先级 0
    @(141.7500 mm, 67.2500 mm): 填充区[/GND]在 B.Cu 上, 优先级 0
[unconnected_items]: Missing connection between items
    Local override; error
    @(141.7500 mm, 67.2500 mm): 填充区[/GND]在 B.Cu 上, 优先级 0
    @(141.7500 mm, 67.2500 mm): 填充区[/GND]在 B.Cu 上, 优先级 0
[unconnected_items]: Missing connection between items
    Local override; error
    @(141.7500 mm, 67.2500 mm): 填充区[/GND]在 B.Cu 上, 优先级 0
    @(141.7500 mm, 67.2500 mm): 填充区[/GND]在 B.Cu 上, 优先级 0
[unconnected_items]: Missing connection between items
    Local override; error
    @(141.7500 mm, 67.2500 mm): 填充区[/GND]在 B.Cu 上, 优先级 0
    @(141.7500 mm, 67.2500 mm): 填充区[/GND]在 B.Cu 上, 优先级 0
[unconnected_items]: Missing connection between items
    Local override; error
    @(141.7500 mm, 67.2500 mm): 填充区[/GND]在 B.Cu 上, 优先级 0
    @(141.7500 mm, 67.2500 mm): 填充区[/GND]在 B.Cu 上, 优先级 0
[unconnected_items]: Missing connection between items
    Local override; error
    @(141.7500 mm, 67.2500 mm): 填充区[/GND]在 B.Cu 上, 优先级 0
    @(141.7500 mm, 67.2500 mm): 填充区[/GND]在 B.Cu 上, 优先级 0
[unconnected_items]: Missing connection between items
    Local override; error
    @(141.7500 mm, 67.2500 mm): 填充区[/GND]在 B.Cu 上, 优先级 0
    @(141.7500 mm, 67.2500 mm): 填充区[/GND]在 B.Cu 上, 优先级 0
[unconnected_items]: Missing connection between items
    Local override; error
    @(135.6500 mm, 80.6500 mm): 过孔 [/GND] (F.Cu - B.Cu)
    @(136.7750 mm, 87.0000 mm): B.Cu 上 C21 的焊盘 2 [/GND]
[unconnected_items]: Missing connection between items
    Local override; error
    @(136.7750 mm, 87.0000 mm): B.Cu 上 C21 的焊盘 2 [/GND]
    @(139.7750 mm, 87.0000 mm): B.Cu 上 C22 的焊盘 2 [/GND]
[unconnected_items]: Missing connection between items
    Local override; error
    @(141.7500 mm, 67.2500 mm): 填充区[/GND]在 B.Cu 上, 优先级 0
    @(141.7500 mm, 67.2500 mm): 填充区[/GND]在 B.Cu 上, 优先级 0
[unconnected_items]: Missing connection between items
    Local override; error
    @(141.7500 mm, 67.2500 mm): 填充区[/GND]在 B.Cu 上, 优先级 0
    @(141.7500 mm, 67.2500 mm): 填充区[/GND]在 B.Cu 上, 优先级 0
[unconnected_items]: Missing connection between items
    Local override; error
    @(141.7500 mm, 67.2500 mm): 填充区[/GND]在 B.Cu 上, 优先级 0
    @(141.7500 mm, 67.2500 mm): 填充区[/GND]在 B.Cu 上, 优先级 0

** Found 0 Footprint errors **

** Ignored checks **
    - Footprint has no courtyard defined
    - Track endpoint not centered on via
    - Tuning profile track geometries
    - Footprint doesn't match symbol's footprint filters
    - Footprint component type doesn't match footprint pads

** End of Report **
