** Drc report for cadenza-d1-v43-routed.kicad_pcb **
** Created on 2026-07-21T12:37:43 **
** Report includes: Errors, Warnings **

** Found 52 DRC violations **
[shorting_items]: 短路了两个不同网络的项目 (网络 /+3V3_MAIN 和 /VBUS)
    Local override; error
    @(125.2250 mm, 101.5000 mm): B.Cu 上 C13 的焊盘 1 [/+3V3_MAIN]
    @(124.0203 mm, 101.0000 mm): 走线 [/VBUS] (B.Cu), 长度: 1.0421 mm
[shorting_items]: 短路了两个不同网络的项目 (网络 /+3V3_MAIN 和 /VBUS)
    Local override; error
    @(125.2250 mm, 101.5000 mm): B.Cu 上 C13 的焊盘 1 [/+3V3_MAIN]
    @(124.7572 mm, 101.7369 mm): 走线 [/VBUS] (B.Cu), 长度: 8.1047 mm
[shorting_items]: 短路了两个不同网络的项目 (网络 /BOOST_SW 和 /I2C_SCL)
    Local override; error
    @(137.4000 mm, 83.0000 mm): B.Cu 上 L2 的焊盘 2 [/BOOST_SW]
    @(137.3480 mm, 82.0886 mm): 过孔 [/I2C_SCL] (F.Cu - B.Cu)
[shorting_items]: 短路了两个不同网络的项目 (网络 /BOOST_SW 和 /I2C_SCL)
    Local override; error
    @(137.4000 mm, 83.0000 mm): B.Cu 上 L2 的焊盘 2 [/BOOST_SW]
    @(137.9966 mm, 81.4400 mm): 走线 [/I2C_SCL] (B.Cu), 长度: 0.9173 mm
[clearance]: 间距违规 ( 间距 0.1500 mm; 实际 0.0987 mm)
    Local override; error
    @(137.4000 mm, 83.0000 mm): B.Cu 上 L2 的焊盘 2 [/BOOST_SW]
    @(136.7768 mm, 85.7077 mm): 走线 [/I2C_SDA] (B.Cu), 长度: 4.2394 mm
[shorting_items]: 短路了两个不同网络的项目 (网络 /+5V_MEDIA 和 /AMP_EN)
    Local override; error
    @(138.2250 mm, 87.0000 mm): B.Cu 上 C22 的焊盘 1 [/+5V_MEDIA]
    @(72.5775 mm, 86.5975 mm): 走线 [/AMP_EN] (B.Cu), 长度: 70.0162 mm
[hole_clearance]: 孔间距违规 (<电路板配置> 中的 "孔" 约束 间距 0.2500 mm; 实际 0.0000 mm)
    Rule: <电路板配置> 中的 "孔" 约束; error
    @(137.4000 mm, 83.0000 mm): B.Cu 上 L2 的焊盘 2 [/BOOST_SW]
    @(137.3480 mm, 82.0886 mm): 过孔 [/I2C_SCL] (F.Cu - B.Cu)
[copper_edge_clearance]: 电路板边缘间距违规 (<电路板配置> 中的 "板边" 约束 间距 0.5000 mm; 实际 0.3511 mm)
    Rule: <电路板配置> 中的 "板边" 约束; error
    @(160.0000 mm, 114.0000 mm): Edge.Cuts 上的 线段
    @(130.9623 mm, 111.5000 mm): 走线 [/VBAT] (B.Cu), 长度: 2.1905 mm
[copper_edge_clearance]: 电路板边缘间距违规 (<电路板配置> 中的 "板边" 约束 间距 0.5000 mm; 实际 0.3511 mm)
    Rule: <电路板配置> 中的 "板边" 约束; error
    @(160.0000 mm, 114.0000 mm): Edge.Cuts 上的 线段
    @(129.4134 mm, 113.0489 mm): 走线 [/VBAT] (B.Cu), 长度: 2.9044 mm
[copper_edge_clearance]: 电路板边缘间距违规 (<电路板配置> 中的 "板边" 约束 间距 0.5000 mm; 实际 0.3511 mm)
    Rule: <电路板配置> 中的 "板边" 约束; error
    @(160.0000 mm, 114.0000 mm): Edge.Cuts 上的 线段
    @(122.1263 mm, 113.0489 mm): 走线 [/VBAT] (POWER), 长度: 4.3827 mm
[copper_edge_clearance]: 电路板边缘间距违规 (<电路板配置> 中的 "板边" 约束 间距 0.5000 mm; 实际 0.3511 mm)
    Rule: <电路板配置> 中的 "板边" 约束; error
    @(160.0000 mm, 114.0000 mm): Edge.Cuts 上的 线段
    @(118.7991 mm, 109.7217 mm): 走线 [/VBAT] (POWER), 长度: 4.7054 mm
[starved_thermal]: 缓释热焊盘 (花焊盘) 与填充区的连接不完整 (层 GND; 填充区 最小引线数量 2; 实际 1)
    Local override; error
    @(141.7500 mm, 67.2500 mm): 填充区[/GND]在 GND 上, 优先级 0
    @(128.0000 mm, 106.7250 mm): U7 的PTH 焊盘 13 [/GND]
[solder_mask_bridge]: 底层阻焊开窗区域与不同网络的项目相连
    Rule: <电路板配置> 中的 "阻焊层最小宽度"; error
    @(124.0203 mm, 101.0000 mm): 走线 [/VBUS] (B.Cu), 长度: 1.0421 mm
    @(125.2250 mm, 101.5000 mm): B.Cu 上 C13 的焊盘 1 [/+3V3_MAIN]
[solder_mask_bridge]: 底层阻焊开窗区域与不同网络的项目相连
    Rule: <电路板配置> 中的 "阻焊层最小宽度"; error
    @(124.7572 mm, 101.7369 mm): 走线 [/VBUS] (B.Cu), 长度: 8.1047 mm
    @(125.2250 mm, 101.5000 mm): B.Cu 上 C13 的焊盘 1 [/+3V3_MAIN]
[solder_mask_bridge]: 底层阻焊开窗区域与不同网络的项目相连
    Rule: <电路板配置> 中的 "阻焊层最小宽度"; error
    @(124.7572 mm, 101.7369 mm): 走线 [/VBUS] (B.Cu), 长度: 8.1047 mm
    @(126.7750 mm, 101.5000 mm): B.Cu 上 C13 的焊盘 2 [/GND]
[solder_mask_bridge]: 底层阻焊开窗区域与不同网络的项目相连
    Rule: <电路板配置> 中的 "阻焊层最小宽度"; error
    @(137.3480 mm, 82.0886 mm): 过孔 [/I2C_SCL] (F.Cu - B.Cu)
    @(137.4000 mm, 83.0000 mm): B.Cu 上 L2 的焊盘 2 [/BOOST_SW]
[solder_mask_bridge]: 底层阻焊开窗区域与不同网络的项目相连
    Rule: <电路板配置> 中的 "阻焊层最小宽度"; error
    @(137.9966 mm, 81.4400 mm): 走线 [/I2C_SCL] (B.Cu), 长度: 0.9173 mm
    @(137.4000 mm, 83.0000 mm): B.Cu 上 L2 的焊盘 2 [/BOOST_SW]
[solder_mask_bridge]: 底层阻焊开窗区域与不同网络的项目相连
    Rule: <电路板配置> 中的 "阻焊层最小宽度"; error
    @(72.5775 mm, 86.5975 mm): 走线 [/AMP_EN] (B.Cu), 长度: 70.0162 mm
    @(135.2250 mm, 87.0000 mm): B.Cu 上 C21 的焊盘 1 [/+5V_MEDIA]
[solder_mask_bridge]: 底层阻焊开窗区域与不同网络的项目相连
    Rule: <电路板配置> 中的 "阻焊层最小宽度"; error
    @(72.5775 mm, 86.5975 mm): 走线 [/AMP_EN] (B.Cu), 长度: 70.0162 mm
    @(136.7750 mm, 87.0000 mm): B.Cu 上 C21 的焊盘 2 [/GND]
[solder_mask_bridge]: 底层阻焊开窗区域与不同网络的项目相连
    Rule: <电路板配置> 中的 "阻焊层最小宽度"; error
    @(72.5775 mm, 86.5975 mm): 走线 [/AMP_EN] (B.Cu), 长度: 70.0162 mm
    @(138.2250 mm, 87.0000 mm): B.Cu 上 C22 的焊盘 1 [/+5V_MEDIA]
[solder_mask_bridge]: 底层阻焊开窗区域与不同网络的项目相连
    Rule: <电路板配置> 中的 "阻焊层最小宽度"; error
    @(72.5775 mm, 86.5975 mm): 走线 [/AMP_EN] (B.Cu), 长度: 70.0162 mm
    @(139.7750 mm, 87.0000 mm): B.Cu 上 C22 的焊盘 2 [/GND]
[track_dangling]: Track has unconnected end
    Local override; warning
    @(113.9530 mm, 102.8590 mm): 走线 [/USB_D+_CONN] (B.Cu), 长度: 0.0005 mm
[track_dangling]: Track has unconnected end
    Local override; warning
    @(136.3159 mm, 81.1996 mm): 走线 [/+5V_MEDIA] (F.Cu), 长度: 2.8325 mm
[track_dangling]: Track has unconnected end
    Local override; warning
    @(136.3159 mm, 81.1996 mm): 走线 [/+5V_MEDIA] (B.Cu), 长度: 0.1629 mm
[track_dangling]: Track has unconnected end
    Local override; warning
    @(144.7320 mm, 104.0195 mm): 走线 [/CHG_N] (B.Cu), 长度: 0.3811 mm
[track_dangling]: Track has unconnected end
    Local override; warning
    @(141.5065 mm, 100.7940 mm): 走线 [/ISET_SET] (B.Cu), 长度: 1.0515 mm
[track_dangling]: Track has unconnected end
    Local override; warning
    @(122.5190 mm, 111.7500 mm): 走线 [/PACKP] (B.Cu), 长度: 2.2685 mm
[silk_overlap]: Silkscreen clearance
    Rule: <电路板配置> 中的 "丝印" 约束; warning
    @(123.8594 mm, 95.5100 mm): C10 的 线段, 位于 B.Silkscreen
    @(124.0000 mm, 95.5700 mm): C11 的参考字段
[silk_overlap]: Silkscreen clearance
    Rule: <电路板配置> 中的 "丝印" 约束; warning
    @(128.0000 mm, 97.0000 mm): U3 的参考字段
    @(127.3979 mm, 96.6400 mm): L1 的 线段, 位于 B.Silkscreen
[silk_overlap]: Silkscreen clearance
    Rule: <电路板配置> 中的 "丝印" 约束; warning
    @(139.0000 mm, 85.5700 mm): C22 的参考字段
    @(140.5000 mm, 85.4000 mm): U1 的参考字段
[silk_overlap]: Silkscreen clearance
    Rule: <电路板配置> 中的 "丝印" 约束; warning
    @(127.9993 mm, 108.5174 mm): U7 的参考字段
    @(128.0000 mm, 108.8700 mm): R73 的参考字段
[silk_overlap]: Silkscreen clearance
    Rule: <电路板配置> 中的 "丝印" 约束; warning
    @(139.0000 mm, 69.5700 mm): C82 的参考字段
    @(138.8594 mm, 69.5100 mm): C81 的 线段, 位于 B.Silkscreen
[silk_overlap]: Silkscreen clearance
    Rule: <电路板配置> 中的 "丝印" 约束; warning
    @(128.7627 mm, 81.5225 mm): R20 的 线段, 位于 B.Silkscreen
    @(129.0000 mm, 81.0700 mm): R21 的参考字段
[silk_overlap]: Silkscreen clearance
    Rule: <电路板配置> 中的 "丝印" 约束; warning
    @(129.0000 mm, 81.0700 mm): R21 的参考字段
    @(128.7627 mm, 80.4775 mm): R20 的 线段, 位于 B.Silkscreen
[silk_overlap]: Silkscreen clearance
    Rule: <电路板配置> 中的 "丝印" 约束; warning
    @(131.7627 mm, 90.4775 mm): R10 的 线段, 位于 B.Silkscreen
    @(132.0000 mm, 91.0700 mm): R11 的参考字段
[silk_overlap]: Silkscreen clearance
    Rule: <电路板配置> 中的 "丝印" 约束; warning
    @(131.7627 mm, 91.5225 mm): R10 的 线段, 位于 B.Silkscreen
    @(132.0000 mm, 91.0700 mm): R11 的参考字段
[silk_overlap]: Silkscreen clearance
    Rule: <电路板配置> 中的 "丝印" 约束; warning
    @(154.7627 mm, 92.5225 mm): R93 的 线段, 位于 B.Silkscreen
    @(154.0000 mm, 92.5700 mm): C90 的参考字段
[silk_over_copper]: Silkscreen clipped by solder mask
    Local override; warning
    @(124.0000 mm, 95.5700 mm): C11 的参考字段
    @(124.7750 mm, 95.0000 mm): B.Cu 上 C10 的焊盘 2 [/GND]
[silk_over_copper]: Silkscreen clipped by solder mask
    Local override; warning
    @(124.0000 mm, 95.5700 mm): C11 的参考字段
    @(123.2250 mm, 95.0000 mm): B.Cu 上 C10 的焊盘 1 [/VSYS]
[silk_over_copper]: Silkscreen clipped by solder mask
    Local override; warning
    @(128.0000 mm, 97.0000 mm): U3 的参考字段
    @(129.4000 mm, 98.0000 mm): B.Cu 上 L1 的焊盘 2 [/L3V3_B]
[silk_over_copper]: Silkscreen clipped by solder mask
    Local override; warning
    @(128.0000 mm, 97.0000 mm): U3 的参考字段
    @(126.6000 mm, 98.0000 mm): B.Cu 上 L1 的焊盘 1 [/L3V3_A]
[silk_over_copper]: Silkscreen clipped by solder mask
    Local override; warning
    @(139.0000 mm, 69.5700 mm): C82 的参考字段
    @(139.7750 mm, 69.0000 mm): B.Cu 上 C81 的焊盘 2 [/GND]
[silk_over_copper]: Silkscreen clipped by solder mask
    Local override; warning
    @(139.0000 mm, 69.5700 mm): C82 的参考字段
    @(138.2250 mm, 69.0000 mm): B.Cu 上 C81 的焊盘 1 [/+3V3_MAIN]
[silk_over_copper]: Silkscreen clipped by solder mask
    Local override; warning
    @(129.0000 mm, 81.0700 mm): R21 的参考字段
    @(129.8250 mm, 81.0000 mm): B.Cu 上 R20 的焊盘 2 [/FB_5V]
[silk_over_copper]: Silkscreen clipped by solder mask
    Local override; warning
    @(129.0000 mm, 81.0700 mm): R21 的参考字段
    @(128.1750 mm, 81.0000 mm): B.Cu 上 R20 的焊盘 1 [/+5V_MEDIA]
[silk_over_copper]: Silkscreen clipped by solder mask
    Local override; warning
    @(132.0000 mm, 91.0700 mm): R11 的参考字段
    @(132.8250 mm, 91.0000 mm): B.Cu 上 R10 的焊盘 2 [/FB_3V3]
[silk_over_copper]: Silkscreen clipped by solder mask
    Local override; warning
    @(132.0000 mm, 91.0700 mm): R11 的参考字段
    @(131.1750 mm, 91.0000 mm): B.Cu 上 R10 的焊盘 1 [/+3V3_MAIN]
[silk_over_copper]: Silkscreen clipped by solder mask
    Local override; warning
    @(154.0000 mm, 92.5700 mm): C90 的参考字段
    @(154.1750 mm, 92.0000 mm): B.Cu 上 R93 的焊盘 1 [/SD_CD]
[silk_over_copper]: Silkscreen clipped by solder mask
    Local override; warning
    @(157.0000 mm, 92.5700 mm): C91 的参考字段
    @(155.8250 mm, 92.0000 mm): B.Cu 上 R93 的焊盘 2 [/+3V3_MAIN]
[silk_over_copper]: Silkscreen clipped by solder mask
    Local override; warning
    @(154.0000 mm, 92.5700 mm): C90 的参考字段
    @(152.8250 mm, 92.0000 mm): B.Cu 上 R92 的焊盘 2 [/+3V3_MAIN]
[silk_over_copper]: Silkscreen clipped by solder mask
    Local override; warning
    @(145.0000 mm, 105.5700 mm): R77 的参考字段
    @(146.1750 mm, 105.5000 mm): B.Cu 上 R75 的焊盘 1 [/PGOOD_N]
[silk_over_copper]: Silkscreen clipped by solder mask
    Local override; warning
    @(72.0000 mm, 96.5700 mm): FB2 的参考字段
    @(70.7750 mm, 95.6000 mm): B.Cu 上 C51 的焊盘 2 [/GND]

** Found 26 unconnected pads **
[unconnected_items]: Missing connection between items
    Local override; error
    @(141.7500 mm, 67.2500 mm): 填充区[/GND]在 B.Cu 上, 优先级 0
    @(141.7500 mm, 67.2500 mm): 填充区[/GND]在 B.Cu 上, 优先级 0
[unconnected_items]: Missing connection between items
    Local override; error
    @(141.7500 mm, 67.2500 mm): 填充区[/GND]在 B.Cu 上, 优先级 0
    @(141.7500 mm, 67.2500 mm): 填充区[/GND]在 F.Cu 上, 优先级 0
[unconnected_items]: Missing connection between items
    Local override; error
    @(141.7500 mm, 67.2500 mm): 填充区[/GND]在 B.Cu 上, 优先级 0
    @(141.7500 mm, 67.2500 mm): 填充区[/GND]在 F.Cu 上, 优先级 0
[unconnected_items]: Missing connection between items
    Local override; error
    @(126.1000 mm, 106.2000 mm): B.Cu 上 U7 的焊盘 3 [/GND]
    @(141.7500 mm, 67.2500 mm): 填充区[/GND]在 B.Cu 上, 优先级 0
[unconnected_items]: Missing connection between items
    Local override; error
    @(141.7500 mm, 67.2500 mm): 填充区[/GND]在 B.Cu 上, 优先级 0
    @(141.7500 mm, 67.2500 mm): 填充区[/GND]在 B.Cu 上, 优先级 0
[unconnected_items]: Missing connection between items
    Local override; error
    @(141.7500 mm, 67.2500 mm): 填充区[/GND]在 B.Cu 上, 优先级 0
    @(141.7500 mm, 67.2500 mm): 填充区[/GND]在 B.Cu 上, 优先级 0
[unconnected_items]: Missing connection between items
    Local override; error
    @(141.7500 mm, 67.2500 mm): 填充区[/GND]在 B.Cu 上, 优先级 0
    @(141.7500 mm, 67.2500 mm): 填充区[/GND]在 B.Cu 上, 优先级 0
[unconnected_items]: Missing connection between items
    Local override; error
    @(141.7500 mm, 67.2500 mm): 填充区[/GND]在 B.Cu 上, 优先级 0
    @(141.7500 mm, 67.2500 mm): 填充区[/GND]在 B.Cu 上, 优先级 0
[unconnected_items]: Missing connection between items
    Local override; error
    @(141.7500 mm, 67.2500 mm): 填充区[/GND]在 B.Cu 上, 优先级 0
    @(141.7500 mm, 67.2500 mm): 填充区[/GND]在 B.Cu 上, 优先级 0
[unconnected_items]: Missing connection between items
    Local override; error
    @(141.7500 mm, 67.2500 mm): 填充区[/GND]在 B.Cu 上, 优先级 0
    @(141.7500 mm, 67.2500 mm): 填充区[/GND]在 B.Cu 上, 优先级 0
[unconnected_items]: Missing connection between items
    Local override; error
    @(141.7500 mm, 67.2500 mm): 填充区[/GND]在 B.Cu 上, 优先级 0
    @(141.7500 mm, 67.2500 mm): 填充区[/GND]在 B.Cu 上, 优先级 0
[unconnected_items]: Missing connection between items
    Local override; error
    @(141.7500 mm, 67.2500 mm): 填充区[/GND]在 B.Cu 上, 优先级 0
    @(141.7500 mm, 67.2500 mm): 填充区[/GND]在 B.Cu 上, 优先级 0
[unconnected_items]: Missing connection between items
    Local override; error
    @(141.7500 mm, 67.2500 mm): 填充区[/GND]在 B.Cu 上, 优先级 0
    @(141.7500 mm, 67.2500 mm): 填充区[/GND]在 B.Cu 上, 优先级 0
[unconnected_items]: Missing connection between items
    Local override; error
    @(141.7500 mm, 67.2500 mm): 填充区[/GND]在 B.Cu 上, 优先级 0
    @(141.7500 mm, 67.2500 mm): 填充区[/GND]在 B.Cu 上, 优先级 0
[unconnected_items]: Missing connection between items
    Local override; error
    @(141.7500 mm, 67.2500 mm): 填充区[/GND]在 B.Cu 上, 优先级 0
    @(141.7500 mm, 67.2500 mm): 填充区[/GND]在 B.Cu 上, 优先级 0
[unconnected_items]: Missing connection between items
    Local override; error
    @(141.7500 mm, 67.2500 mm): 填充区[/GND]在 F.Cu 上, 优先级 0
    @(141.7500 mm, 67.2500 mm): 填充区[/GND]在 GND 上, 优先级 0
[unconnected_items]: Missing connection between items
    Local override; error
    @(125.2250 mm, 101.5000 mm): B.Cu 上 C13 的焊盘 1 [/+3V3_MAIN]
    @(121.5709 mm, 99.3459 mm): 走线 [/+3V3_MAIN] (B.Cu), 长度: 0.9250 mm
[unconnected_items]: Missing connection between items
    Local override; error
    @(152.9072 mm, 90.0345 mm): 走线 [/SD_CD] (F.Cu), 长度: 2.3934 mm
    @(146.5550 mm, 86.5000 mm): B.Cu 上 U1 的焊盘 17 [/SD_CD]
[unconnected_items]: Missing connection between items
    Local override; error
    @(117.1375 mm, 101.9500 mm): B.Cu 上 U8 的焊盘 4 [/USB_D+]
    @(142.2500 mm, 85.2500 mm): B.Cu 上 U1 的焊盘 14 [/USB_D+]
[unconnected_items]: Missing connection between items
    Local override; error
    @(131.2125 mm, 84.0000 mm): 走线 [/+5V_MEDIA] (B.Cu), 长度: 0.5295 mm
    @(135.2250 mm, 87.0000 mm): B.Cu 上 C21 的焊盘 1 [/+5V_MEDIA]
[unconnected_items]: Missing connection between items
    Local override; error
    @(136.3159 mm, 81.1996 mm): 走线 [/+5V_MEDIA] (F.Cu), 长度: 2.8325 mm
    @(136.3159 mm, 81.1996 mm): 走线 [/+5V_MEDIA] (B.Cu), 长度: 0.1629 mm
[unconnected_items]: Missing connection between items
    Local override; error
    @(138.2250 mm, 87.0000 mm): B.Cu 上 C22 的焊盘 1 [/+5V_MEDIA]
    @(135.2250 mm, 87.0000 mm): B.Cu 上 C21 的焊盘 1 [/+5V_MEDIA]
[unconnected_items]: Missing connection between items
    Local override; error
    @(127.2250 mm, 90.0000 mm): B.Cu 上 C14 的焊盘 1 [/VAUX_3V3]
    @(128.2500 mm, 93.0400 mm): B.Cu 上 U3 的焊盘 3 [/VAUX_3V3]
[unconnected_items]: Missing connection between items
    Local override; error
    @(140.5000 mm, 103.2500 mm): 走线 [/VBAT] (B.Cu), 长度: 1.0375 mm
    @(138.2250 mm, 100.8000 mm): B.Cu 上 C3 的焊盘 1 [/VBAT]
[unconnected_items]: Missing connection between items
    Local override; error
    @(69.2250 mm, 95.6000 mm): 走线 [/+5V_AUDIO] (B.Cu), 长度: 1.5725 mm
    @(64.7500 mm, 95.4375 mm): 走线 [/+5V_AUDIO] (B.Cu), 长度: 0.1254 mm
[unconnected_items]: Missing connection between items
    Local override; error
    @(61.0000 mm, 106.5000 mm): B.Cu 上 J5 的焊盘 1 [/SPK+]
    @(65.4375 mm, 94.7500 mm): B.Cu 上 U5 的焊盘 9 [/SPK+]

** Found 0 Footprint errors **

** Ignored checks **
    - Footprint has no courtyard defined
    - Track endpoint not centered on via
    - Tuning profile track geometries
    - Footprint doesn't match symbol's footprint filters
    - Footprint component type doesn't match footprint pads

** End of Report **
